Scanning dependencies of target libzstd_shared
[  0%] Building C object lib/CMakeFiles/libzstd_shared.dir/workspace/linux/clang-quickstart/vscode/code/storage_project/index/demo/build_orc/orc/zstd_ep-prefix/src/zstd_ep/lib/common/debug.c.o
[  1%] Building C object lib/CMakeFiles/libzstd_shared.dir/workspace/linux/clang-quickstart/vscode/code/storage_project/index/demo/build_orc/orc/zstd_ep-prefix/src/zstd_ep/lib/common/entropy_common.c.o
[  2%] Building C object lib/CMakeFiles/libzstd_shared.dir/workspace/linux/clang-quickstart/vscode/code/storage_project/index/demo/build_orc/orc/zstd_ep-prefix/src/zstd_ep/lib/common/error_private.c.o
[  3%] Building C object lib/CMakeFiles/libzstd_shared.dir/workspace/linux/clang-quickstart/vscode/code/storage_project/index/demo/build_orc/orc/zstd_ep-prefix/src/zstd_ep/lib/common/fse_decompress.c.o
[  4%] Building C object lib/CMakeFiles/libzstd_shared.dir/workspace/linux/clang-quickstart/vscode/code/storage_project/index/demo/build_orc/orc/zstd_ep-prefix/src/zstd_ep/lib/common/pool.c.o
[  5%] Building C object lib/CMakeFiles/libzstd_shared.dir/workspace/linux/clang-quickstart/vscode/code/storage_project/index/demo/build_orc/orc/zstd_ep-prefix/src/zstd_ep/lib/common/threading.c.o
[  6%] Building C object lib/CMakeFiles/libzstd_shared.dir/workspace/linux/clang-quickstart/vscode/code/storage_project/index/demo/build_orc/orc/zstd_ep-prefix/src/zstd_ep/lib/common/xxhash.c.o
[  7%] Building C object lib/CMakeFiles/libzstd_shared.dir/workspace/linux/clang-quickstart/vscode/code/storage_project/index/demo/build_orc/orc/zstd_ep-prefix/src/zstd_ep/lib/common/zstd_common.c.o
[  8%] Building C object lib/CMakeFiles/libzstd_shared.dir/workspace/linux/clang-quickstart/vscode/code/storage_project/index/demo/build_orc/orc/zstd_ep-prefix/src/zstd_ep/lib/compress/fse_compress.c.o
[  9%] Building C object lib/CMakeFiles/libzstd_shared.dir/workspace/linux/clang-quickstart/vscode/code/storage_project/index/demo/build_orc/orc/zstd_ep-prefix/src/zstd_ep/lib/compress/hist.c.o
[ 10%] Building C object lib/CMakeFiles/libzstd_shared.dir/workspace/linux/clang-quickstart/vscode/code/storage_project/index/demo/build_orc/orc/zstd_ep-prefix/src/zstd_ep/lib/compress/huf_compress.c.o
[ 11%] Building C object lib/CMakeFiles/libzstd_shared.dir/workspace/linux/clang-quickstart/vscode/code/storage_project/index/demo/build_orc/orc/zstd_ep-prefix/src/zstd_ep/lib/compress/zstd_compress.c.o
[ 12%] Building C object lib/CMakeFiles/libzstd_shared.dir/workspace/linux/clang-quickstart/vscode/code/storage_project/index/demo/build_orc/orc/zstd_ep-prefix/src/zstd_ep/lib/compress/zstd_compress_literals.c.o
[ 13%] Building C object lib/CMakeFiles/libzstd_shared.dir/workspace/linux/clang-quickstart/vscode/code/storage_project/index/demo/build_orc/orc/zstd_ep-prefix/src/zstd_ep/lib/compress/zstd_compress_sequences.c.o
[ 14%] Building C object lib/CMakeFiles/libzstd_shared.dir/workspace/linux/clang-quickstart/vscode/code/storage_project/index/demo/build_orc/orc/zstd_ep-prefix/src/zstd_ep/lib/compress/zstd_compress_superblock.c.o
[ 15%] Building C object lib/CMakeFiles/libzstd_shared.dir/workspace/linux/clang-quickstart/vscode/code/storage_project/index/demo/build_orc/orc/zstd_ep-prefix/src/zstd_ep/lib/compress/zstd_double_fast.c.o
[ 16%] Building C object lib/CMakeFiles/libzstd_shared.dir/workspace/linux/clang-quickstart/vscode/code/storage_project/index/demo/build_orc/orc/zstd_ep-prefix/src/zstd_ep/lib/compress/zstd_fast.c.o
[ 17%] Building C object lib/CMakeFiles/libzstd_shared.dir/workspace/linux/clang-quickstart/vscode/code/storage_project/index/demo/build_orc/orc/zstd_ep-prefix/src/zstd_ep/lib/compress/zstd_lazy.c.o
[ 18%] Building C object lib/CMakeFiles/libzstd_shared.dir/workspace/linux/clang-quickstart/vscode/code/storage_project/index/demo/build_orc/orc/zstd_ep-prefix/src/zstd_ep/lib/compress/zstd_ldm.c.o
[ 19%] Building C object lib/CMakeFiles/libzstd_shared.dir/workspace/linux/clang-quickstart/vscode/code/storage_project/index/demo/build_orc/orc/zstd_ep-prefix/src/zstd_ep/lib/compress/zstd_opt.c.o
[ 20%] Building C object lib/CMakeFiles/libzstd_shared.dir/workspace/linux/clang-quickstart/vscode/code/storage_project/index/demo/build_orc/orc/zstd_ep-prefix/src/zstd_ep/lib/compress/zstd_preSplit.c.o
[ 21%] Building C object lib/CMakeFiles/libzstd_shared.dir/workspace/linux/clang-quickstart/vscode/code/storage_project/index/demo/build_orc/orc/zstd_ep-prefix/src/zstd_ep/lib/compress/zstdmt_compress.c.o
[ 22%] Building C object lib/CMakeFiles/libzstd_shared.dir/workspace/linux/clang-quickstart/vscode/code/storage_project/index/demo/build_orc/orc/zstd_ep-prefix/src/zstd_ep/lib/decompress/huf_decompress.c.o
[ 23%] Building C object lib/CMakeFiles/libzstd_shared.dir/workspace/linux/clang-quickstart/vscode/code/storage_project/index/demo/build_orc/orc/zstd_ep-prefix/src/zstd_ep/lib/decompress/zstd_ddict.c.o
[ 24%] Building C object lib/CMakeFiles/libzstd_shared.dir/workspace/linux/clang-quickstart/vscode/code/storage_project/index/demo/build_orc/orc/zstd_ep-prefix/src/zstd_ep/lib/decompress/zstd_decompress.c.o
[ 25%] Building C object lib/CMakeFiles/libzstd_shared.dir/workspace/linux/clang-quickstart/vscode/code/storage_project/index/demo/build_orc/orc/zstd_ep-prefix/src/zstd_ep/lib/decompress/zstd_decompress_block.c.o
[ 25%] Building ASM object lib/CMakeFiles/libzstd_shared.dir/workspace/linux/clang-quickstart/vscode/code/storage_project/index/demo/build_orc/orc/zstd_ep-prefix/src/zstd_ep/lib/decompress/huf_decompress_amd64.S.o
[ 26%] Building C object lib/CMakeFiles/libzstd_shared.dir/workspace/linux/clang-quickstart/vscode/code/storage_project/index/demo/build_orc/orc/zstd_ep-prefix/src/zstd_ep/lib/dictBuilder/cover.c.o
[ 27%] Building C object lib/CMakeFiles/libzstd_shared.dir/workspace/linux/clang-quickstart/vscode/code/storage_project/index/demo/build_orc/orc/zstd_ep-prefix/src/zstd_ep/lib/dictBuilder/divsufsort.c.o
[ 28%] Building C object lib/CMakeFiles/libzstd_shared.dir/workspace/linux/clang-quickstart/vscode/code/storage_project/index/demo/build_orc/orc/zstd_ep-prefix/src/zstd_ep/lib/dictBuilder/fastcover.c.o
[ 29%] Building C object lib/CMakeFiles/libzstd_shared.dir/workspace/linux/clang-quickstart/vscode/code/storage_project/index/demo/build_orc/orc/zstd_ep-prefix/src/zstd_ep/lib/dictBuilder/zdict.c.o
[ 30%] Building C object lib/CMakeFiles/libzstd_shared.dir/workspace/linux/clang-quickstart/vscode/code/storage_project/index/demo/build_orc/orc/zstd_ep-prefix/src/zstd_ep/lib/legacy/zstd_v01.c.o
[ 31%] Building C object lib/CMakeFiles/libzstd_shared.dir/workspace/linux/clang-quickstart/vscode/code/storage_project/index/demo/build_orc/orc/zstd_ep-prefix/src/zstd_ep/lib/legacy/zstd_v02.c.o
[ 32%] Building C object lib/CMakeFiles/libzstd_shared.dir/workspace/linux/clang-quickstart/vscode/code/storage_project/index/demo/build_orc/orc/zstd_ep-prefix/src/zstd_ep/lib/legacy/zstd_v03.c.o
[ 33%] Building C object lib/CMakeFiles/libzstd_shared.dir/workspace/linux/clang-quickstart/vscode/code/storage_project/index/demo/build_orc/orc/zstd_ep-prefix/src/zstd_ep/lib/legacy/zstd_v04.c.o
[ 34%] Building C object lib/CMakeFiles/libzstd_shared.dir/workspace/linux/clang-quickstart/vscode/code/storage_project/index/demo/build_orc/orc/zstd_ep-prefix/src/zstd_ep/lib/legacy/zstd_v05.c.o
[ 35%] Building C object lib/CMakeFiles/libzstd_shared.dir/workspace/linux/clang-quickstart/vscode/code/storage_project/index/demo/build_orc/orc/zstd_ep-prefix/src/zstd_ep/lib/legacy/zstd_v06.c.o
[ 36%] Building C object lib/CMakeFiles/libzstd_shared.dir/workspace/linux/clang-quickstart/vscode/code/storage_project/index/demo/build_orc/orc/zstd_ep-prefix/src/zstd_ep/lib/legacy/zstd_v07.c.o
[ 37%] Linking C shared library libzstd.so
[ 37%] Built target libzstd_shared
Scanning dependencies of target libzstd_static
[ 38%] Building C object lib/CMakeFiles/libzstd_static.dir/workspace/linux/clang-quickstart/vscode/code/storage_project/index/demo/build_orc/orc/zstd_ep-prefix/src/zstd_ep/lib/common/debug.c.o
[ 39%] Building C object lib/CMakeFiles/libzstd_static.dir/workspace/linux/clang-quickstart/vscode/code/storage_project/index/demo/build_orc/orc/zstd_ep-prefix/src/zstd_ep/lib/common/entropy_common.c.o
[ 40%] Building C object lib/CMakeFiles/libzstd_static.dir/workspace/linux/clang-quickstart/vscode/code/storage_project/index/demo/build_orc/orc/zstd_ep-prefix/src/zstd_ep/lib/common/error_private.c.o
[ 41%] Building C object lib/CMakeFiles/libzstd_static.dir/workspace/linux/clang-quickstart/vscode/code/storage_project/index/demo/build_orc/orc/zstd_ep-prefix/src/zstd_ep/lib/common/fse_decompress.c.o
[ 42%] Building C object lib/CMakeFiles/libzstd_static.dir/workspace/linux/clang-quickstart/vscode/code/storage_project/index/demo/build_orc/orc/zstd_ep-prefix/src/zstd_ep/lib/common/pool.c.o
[ 43%] Building C object lib/CMakeFiles/libzstd_static.dir/workspace/linux/clang-quickstart/vscode/code/storage_project/index/demo/build_orc/orc/zstd_ep-prefix/src/zstd_ep/lib/common/threading.c.o
[ 44%] Building C object lib/CMakeFiles/libzstd_static.dir/workspace/linux/clang-quickstart/vscode/code/storage_project/index/demo/build_orc/orc/zstd_ep-prefix/src/zstd_ep/lib/common/xxhash.c.o
[ 45%] Building C object lib/CMakeFiles/libzstd_static.dir/workspace/linux/clang-quickstart/vscode/code/storage_project/index/demo/build_orc/orc/zstd_ep-prefix/src/zstd_ep/lib/common/zstd_common.c.o
[ 46%] Building C object lib/CMakeFiles/libzstd_static.dir/workspace/linux/clang-quickstart/vscode/code/storage_project/index/demo/build_orc/orc/zstd_ep-prefix/src/zstd_ep/lib/compress/fse_compress.c.o
[ 47%] Building C object lib/CMakeFiles/libzstd_static.dir/workspace/linux/clang-quickstart/vscode/code/storage_project/index/demo/build_orc/orc/zstd_ep-prefix/src/zstd_ep/lib/compress/hist.c.o
[ 48%] Building C object lib/CMakeFiles/libzstd_static.dir/workspace/linux/clang-quickstart/vscode/code/storage_project/index/demo/build_orc/orc/zstd_ep-prefix/src/zstd_ep/lib/compress/huf_compress.c.o
[ 49%] Building C object lib/CMakeFiles/libzstd_static.dir/workspace/linux/clang-quickstart/vscode/code/storage_project/index/demo/build_orc/orc/zstd_ep-prefix/src/zstd_ep/lib/compress/zstd_compress.c.o
[ 50%] Building C object lib/CMakeFiles/libzstd_static.dir/workspace/linux/clang-quickstart/vscode/code/storage_project/index/demo/build_orc/orc/zstd_ep-prefix/src/zstd_ep/lib/compress/zstd_compress_literals.c.o
[ 50%] Building C object lib/CMakeFiles/libzstd_static.dir/workspace/linux/clang-quickstart/vscode/code/storage_project/index/demo/build_orc/orc/zstd_ep-prefix/src/zstd_ep/lib/compress/zstd_compress_sequences.c.o
[ 51%] Building C object lib/CMakeFiles/libzstd_static.dir/workspace/linux/clang-quickstart/vscode/code/storage_project/index/demo/build_orc/orc/zstd_ep-prefix/src/zstd_ep/lib/compress/zstd_compress_superblock.c.o
[ 52%] Building C object lib/CMakeFiles/libzstd_static.dir/workspace/linux/clang-quickstart/vscode/code/storage_project/index/demo/build_orc/orc/zstd_ep-prefix/src/zstd_ep/lib/compress/zstd_double_fast.c.o
[ 53%] Building C object lib/CMakeFiles/libzstd_static.dir/workspace/linux/clang-quickstart/vscode/code/storage_project/index/demo/build_orc/orc/zstd_ep-prefix/src/zstd_ep/lib/compress/zstd_fast.c.o
[ 54%] Building C object lib/CMakeFiles/libzstd_static.dir/workspace/linux/clang-quickstart/vscode/code/storage_project/index/demo/build_orc/orc/zstd_ep-prefix/src/zstd_ep/lib/compress/zstd_lazy.c.o
[ 55%] Building C object lib/CMakeFiles/libzstd_static.dir/workspace/linux/clang-quickstart/vscode/code/storage_project/index/demo/build_orc/orc/zstd_ep-prefix/src/zstd_ep/lib/compress/zstd_ldm.c.o
[ 56%] Building C object lib/CMakeFiles/libzstd_static.dir/workspace/linux/clang-quickstart/vscode/code/storage_project/index/demo/build_orc/orc/zstd_ep-prefix/src/zstd_ep/lib/compress/zstd_opt.c.o
[ 57%] Building C object lib/CMakeFiles/libzstd_static.dir/workspace/linux/clang-quickstart/vscode/code/storage_project/index/demo/build_orc/orc/zstd_ep-prefix/src/zstd_ep/lib/compress/zstd_preSplit.c.o
[ 58%] Building C object lib/CMakeFiles/libzstd_static.dir/workspace/linux/clang-quickstart/vscode/code/storage_project/index/demo/build_orc/orc/zstd_ep-prefix/src/zstd_ep/lib/compress/zstdmt_compress.c.o
[ 59%] Building C object lib/CMakeFiles/libzstd_static.dir/workspace/linux/clang-quickstart/vscode/code/storage_project/index/demo/build_orc/orc/zstd_ep-prefix/src/zstd_ep/lib/decompress/huf_decompress.c.o
[ 60%] Building C object lib/CMakeFiles/libzstd_static.dir/workspace/linux/clang-quickstart/vscode/code/storage_project/index/demo/build_orc/orc/zstd_ep-prefix/src/zstd_ep/lib/decompress/zstd_ddict.c.o
[ 61%] Building C object lib/CMakeFiles/libzstd_static.dir/workspace/linux/clang-quickstart/vscode/code/storage_project/index/demo/build_orc/orc/zstd_ep-prefix/src/zstd_ep/lib/decompress/zstd_decompress.c.o
[ 62%] Building C object lib/CMakeFiles/libzstd_static.dir/workspace/linux/clang-quickstart/vscode/code/storage_project/index/demo/build_orc/orc/zstd_ep-prefix/src/zstd_ep/lib/decompress/zstd_decompress_block.c.o
[ 63%] Building ASM object lib/CMakeFiles/libzstd_static.dir/workspace/linux/clang-quickstart/vscode/code/storage_project/index/demo/build_orc/orc/zstd_ep-prefix/src/zstd_ep/lib/decompress/huf_decompress_amd64.S.o
[ 64%] Building C object lib/CMakeFiles/libzstd_static.dir/workspace/linux/clang-quickstart/vscode/code/storage_project/index/demo/build_orc/orc/zstd_ep-prefix/src/zstd_ep/lib/dictBuilder/cover.c.o
[ 65%] Building C object lib/CMakeFiles/libzstd_static.dir/workspace/linux/clang-quickstart/vscode/code/storage_project/index/demo/build_orc/orc/zstd_ep-prefix/src/zstd_ep/lib/dictBuilder/divsufsort.c.o
[ 66%] Building C object lib/CMakeFiles/libzstd_static.dir/workspace/linux/clang-quickstart/vscode/code/storage_project/index/demo/build_orc/orc/zstd_ep-prefix/src/zstd_ep/lib/dictBuilder/fastcover.c.o
[ 67%] Building C object lib/CMakeFiles/libzstd_static.dir/workspace/linux/clang-quickstart/vscode/code/storage_project/index/demo/build_orc/orc/zstd_ep-prefix/src/zstd_ep/lib/dictBuilder/zdict.c.o
[ 68%] Building C object lib/CMakeFiles/libzstd_static.dir/workspace/linux/clang-quickstart/vscode/code/storage_project/index/demo/build_orc/orc/zstd_ep-prefix/src/zstd_ep/lib/legacy/zstd_v01.c.o
[ 69%] Building C object lib/CMakeFiles/libzstd_static.dir/workspace/linux/clang-quickstart/vscode/code/storage_project/index/demo/build_orc/orc/zstd_ep-prefix/src/zstd_ep/lib/legacy/zstd_v02.c.o
[ 70%] Building C object lib/CMakeFiles/libzstd_static.dir/workspace/linux/clang-quickstart/vscode/code/storage_project/index/demo/build_orc/orc/zstd_ep-prefix/src/zstd_ep/lib/legacy/zstd_v03.c.o
[ 71%] Building C object lib/CMakeFiles/libzstd_static.dir/workspace/linux/clang-quickstart/vscode/code/storage_project/index/demo/build_orc/orc/zstd_ep-prefix/src/zstd_ep/lib/legacy/zstd_v04.c.o
[ 72%] Building C object lib/CMakeFiles/libzstd_static.dir/workspace/linux/clang-quickstart/vscode/code/storage_project/index/demo/build_orc/orc/zstd_ep-prefix/src/zstd_ep/lib/legacy/zstd_v05.c.o
[ 73%] Building C object lib/CMakeFiles/libzstd_static.dir/workspace/linux/clang-quickstart/vscode/code/storage_project/index/demo/build_orc/orc/zstd_ep-prefix/src/zstd_ep/lib/legacy/zstd_v06.c.o
[ 74%] Building C object lib/CMakeFiles/libzstd_static.dir/workspace/linux/clang-quickstart/vscode/code/storage_project/index/demo/build_orc/orc/zstd_ep-prefix/src/zstd_ep/lib/legacy/zstd_v07.c.o
[ 75%] Linking C static library libzstd.a
[ 75%] Built target libzstd_static
[ 76%] Building C object programs/CMakeFiles/zstd.dir/workspace/linux/clang-quickstart/vscode/code/storage_project/index/demo/build_orc/orc/zstd_ep-prefix/src/zstd_ep/programs/benchfn.c.o
[ 77%] Building C object programs/CMakeFiles/zstd.dir/workspace/linux/clang-quickstart/vscode/code/storage_project/index/demo/build_orc/orc/zstd_ep-prefix/src/zstd_ep/programs/benchzstd.c.o
[ 78%] Building C object programs/CMakeFiles/zstd.dir/workspace/linux/clang-quickstart/vscode/code/storage_project/index/demo/build_orc/orc/zstd_ep-prefix/src/zstd_ep/programs/datagen.c.o
[ 79%] Building C object programs/CMakeFiles/zstd.dir/workspace/linux/clang-quickstart/vscode/code/storage_project/index/demo/build_orc/orc/zstd_ep-prefix/src/zstd_ep/programs/dibio.c.o
[ 80%] Building C object programs/CMakeFiles/zstd.dir/workspace/linux/clang-quickstart/vscode/code/storage_project/index/demo/build_orc/orc/zstd_ep-prefix/src/zstd_ep/programs/fileio.c.o
[ 81%] Building C object programs/CMakeFiles/zstd.dir/workspace/linux/clang-quickstart/vscode/code/storage_project/index/demo/build_orc/orc/zstd_ep-prefix/src/zstd_ep/programs/fileio_asyncio.c.o
[ 82%] Building C object programs/CMakeFiles/zstd.dir/workspace/linux/clang-quickstart/vscode/code/storage_project/index/demo/build_orc/orc/zstd_ep-prefix/src/zstd_ep/programs/lorem.c.o
[ 83%] Building C object programs/CMakeFiles/zstd.dir/workspace/linux/clang-quickstart/vscode/code/storage_project/index/demo/build_orc/orc/zstd_ep-prefix/src/zstd_ep/programs/timefn.c.o
[ 84%] Building C object programs/CMakeFiles/zstd.dir/workspace/linux/clang-quickstart/vscode/code/storage_project/index/demo/build_orc/orc/zstd_ep-prefix/src/zstd_ep/programs/util.c.o
[ 85%] Building C object programs/CMakeFiles/zstd.dir/workspace/linux/clang-quickstart/vscode/code/storage_project/index/demo/build_orc/orc/zstd_ep-prefix/src/zstd_ep/programs/zstdcli.c.o
[ 86%] Building C object programs/CMakeFiles/zstd.dir/workspace/linux/clang-quickstart/vscode/code/storage_project/index/demo/build_orc/orc/zstd_ep-prefix/src/zstd_ep/programs/zstdcli_trace.c.o
[ 87%] Linking C executable zstd
[ 87%] Built target zstd
[ 88%] Creating zstdcat symlink
[ 88%] Built target zstdcat
[ 88%] Creating unzstd symlink
[ 88%] Built target unzstd
[ 89%] Copying manpage zstd.1
[ 89%] Built target zstd.1
[ 90%] Copying manpage zstdgrep.1
[ 90%] Built target zstdgrep.1
[ 91%] Copying manpage zstdless.1
[ 91%] Built target zstdless.1
[ 92%] Creating zstdcat.1 symlink
[ 92%] Built target zstdcat.1
[ 93%] Creating unzstd.1 symlink
[ 93%] Built target unzstd.1
[ 94%] Building C object programs/CMakeFiles/zstd-frugal.dir/workspace/linux/clang-quickstart/vscode/code/storage_project/index/demo/build_orc/orc/zstd_ep-prefix/src/zstd_ep/programs/zstdcli.c.o
[ 95%] Building C object programs/CMakeFiles/zstd-frugal.dir/workspace/linux/clang-quickstart/vscode/code/storage_project/index/demo/build_orc/orc/zstd_ep-prefix/src/zstd_ep/programs/util.c.o
[ 96%] Building C object programs/CMakeFiles/zstd-frugal.dir/workspace/linux/clang-quickstart/vscode/code/storage_project/index/demo/build_orc/orc/zstd_ep-prefix/src/zstd_ep/programs/timefn.c.o
[ 97%] Building C object programs/CMakeFiles/zstd-frugal.dir/workspace/linux/clang-quickstart/vscode/code/storage_project/index/demo/build_orc/orc/zstd_ep-prefix/src/zstd_ep/programs/fileio.c.o
[ 98%] Building C object programs/CMakeFiles/zstd-frugal.dir/workspace/linux/clang-quickstart/vscode/code/storage_project/index/demo/build_orc/orc/zstd_ep-prefix/src/zstd_ep/programs/fileio_asyncio.c.o
[ 99%] Linking C executable zstd-frugal
[ 99%] Built target zstd-frugal
[100%] Creating zstdmt symlink
[100%] Built target zstdmt
