[35m[1mConsolidate compiler generated dependencies of target zlib[0m
[ 40%] Built target zlib
[35m[1mConsolidate compiler generated dependencies of target zlibstatic[0m
[ 80%] Built target zlibstatic
[35m[1mConsolidate compiler generated dependencies of target example[0m
[ 85%] Built target example
[35m[1mConsolidate compiler generated dependencies of target minigzip[0m
[ 90%] Built target minigzip
[35m[1mConsolidate compiler generated dependencies of target example64[0m
[ 95%] Built target example64
[35m[1mConsolidate compiler generated dependencies of target minigzip64[0m
[100%] Built target minigzip64
[36mInstall the project...[0m
-- Install configuration: ""
-- Installing: /workspace/linux/clang-quickstart/vscode/code/storage_project/index/demo/build/orc/c++/libs/thirdparty/zlib_ep-install/lib/libz.so.1.3.1
-- Installing: /workspace/linux/clang-quickstart/vscode/code/storage_project/index/demo/build/orc/c++/libs/thirdparty/zlib_ep-install/lib/libz.so.1
-- Installing: /workspace/linux/clang-quickstart/vscode/code/storage_project/index/demo/build/orc/c++/libs/thirdparty/zlib_ep-install/lib/libz.so
-- Installing: /workspace/linux/clang-quickstart/vscode/code/storage_project/index/demo/build/orc/c++/libs/thirdparty/zlib_ep-install/lib/libz.a
-- Installing: /workspace/linux/clang-quickstart/vscode/code/storage_project/index/demo/build/orc/c++/libs/thirdparty/zlib_ep-install/include/zconf.h
-- Installing: /workspace/linux/clang-quickstart/vscode/code/storage_project/index/demo/build/orc/c++/libs/thirdparty/zlib_ep-install/include/zlib.h
-- Installing: /workspace/linux/clang-quickstart/vscode/code/storage_project/index/demo/build/orc/c++/libs/thirdparty/zlib_ep-install/share/man/man3/zlib.3
-- Installing: /workspace/linux/clang-quickstart/vscode/code/storage_project/index/demo/build/orc/c++/libs/thirdparty/zlib_ep-install/share/pkgconfig/zlib.pc
