[35m[1mScanning dependencies of target libzstd_shared[0m
[  0%] [32mBuilding C object lib/CMakeFiles/libzstd_shared.dir/workspace/linux/clang-quickstart/vscode/code/storage_project/index/demo/build/orc/zstd_ep-prefix/src/zstd_ep/lib/common/debug.c.o[0m
[  1%] [32mBuilding C object lib/CMakeFiles/libzstd_shared.dir/workspace/linux/clang-quickstart/vscode/code/storage_project/index/demo/build/orc/zstd_ep-prefix/src/zstd_ep/lib/common/entropy_common.c.o[0m
[  2%] [32mBuilding C object lib/CMakeFiles/libzstd_shared.dir/workspace/linux/clang-quickstart/vscode/code/storage_project/index/demo/build/orc/zstd_ep-prefix/src/zstd_ep/lib/common/error_private.c.o[0m
[  3%] [32mBuilding C object lib/CMakeFiles/libzstd_shared.dir/workspace/linux/clang-quickstart/vscode/code/storage_project/index/demo/build/orc/zstd_ep-prefix/src/zstd_ep/lib/common/fse_decompress.c.o[0m
[  4%] [32mBuilding C object lib/CMakeFiles/libzstd_shared.dir/workspace/linux/clang-quickstart/vscode/code/storage_project/index/demo/build/orc/zstd_ep-prefix/src/zstd_ep/lib/common/pool.c.o[0m
[  5%] [32mBuilding C object lib/CMakeFiles/libzstd_shared.dir/workspace/linux/clang-quickstart/vscode/code/storage_project/index/demo/build/orc/zstd_ep-prefix/src/zstd_ep/lib/common/threading.c.o[0m
[  6%] [32mBuilding C object lib/CMakeFiles/libzstd_shared.dir/workspace/linux/clang-quickstart/vscode/code/storage_project/index/demo/build/orc/zstd_ep-prefix/src/zstd_ep/lib/common/xxhash.c.o[0m
[  7%] [32mBuilding C object lib/CMakeFiles/libzstd_shared.dir/workspace/linux/clang-quickstart/vscode/code/storage_project/index/demo/build/orc/zstd_ep-prefix/src/zstd_ep/lib/common/zstd_common.c.o[0m
[  8%] [32mBuilding C object lib/CMakeFiles/libzstd_shared.dir/workspace/linux/clang-quickstart/vscode/code/storage_project/index/demo/build/orc/zstd_ep-prefix/src/zstd_ep/lib/compress/fse_compress.c.o[0m
[  9%] [32mBuilding C object lib/CMakeFiles/libzstd_shared.dir/workspace/linux/clang-quickstart/vscode/code/storage_project/index/demo/build/orc/zstd_ep-prefix/src/zstd_ep/lib/compress/hist.c.o[0m
[ 10%] [32mBuilding C object lib/CMakeFiles/libzstd_shared.dir/workspace/linux/clang-quickstart/vscode/code/storage_project/index/demo/build/orc/zstd_ep-prefix/src/zstd_ep/lib/compress/huf_compress.c.o[0m
[ 11%] [32mBuilding C object lib/CMakeFiles/libzstd_shared.dir/workspace/linux/clang-quickstart/vscode/code/storage_project/index/demo/build/orc/zstd_ep-prefix/src/zstd_ep/lib/compress/zstd_compress.c.o[0m
[ 12%] [32mBuilding C object lib/CMakeFiles/libzstd_shared.dir/workspace/linux/clang-quickstart/vscode/code/storage_project/index/demo/build/orc/zstd_ep-prefix/src/zstd_ep/lib/compress/zstd_compress_literals.c.o[0m
[ 13%] [32mBuilding C object lib/CMakeFiles/libzstd_shared.dir/workspace/linux/clang-quickstart/vscode/code/storage_project/index/demo/build/orc/zstd_ep-prefix/src/zstd_ep/lib/compress/zstd_compress_sequences.c.o[0m
[ 14%] [32mBuilding C object lib/CMakeFiles/libzstd_shared.dir/workspace/linux/clang-quickstart/vscode/code/storage_project/index/demo/build/orc/zstd_ep-prefix/src/zstd_ep/lib/compress/zstd_compress_superblock.c.o[0m
[ 15%] [32mBuilding C object lib/CMakeFiles/libzstd_shared.dir/workspace/linux/clang-quickstart/vscode/code/storage_project/index/demo/build/orc/zstd_ep-prefix/src/zstd_ep/lib/compress/zstd_double_fast.c.o[0m
[ 16%] [32mBuilding C object lib/CMakeFiles/libzstd_shared.dir/workspace/linux/clang-quickstart/vscode/code/storage_project/index/demo/build/orc/zstd_ep-prefix/src/zstd_ep/lib/compress/zstd_fast.c.o[0m
[ 17%] [32mBuilding C object lib/CMakeFiles/libzstd_shared.dir/workspace/linux/clang-quickstart/vscode/code/storage_project/index/demo/build/orc/zstd_ep-prefix/src/zstd_ep/lib/compress/zstd_lazy.c.o[0m
[ 18%] [32mBuilding C object lib/CMakeFiles/libzstd_shared.dir/workspace/linux/clang-quickstart/vscode/code/storage_project/index/demo/build/orc/zstd_ep-prefix/src/zstd_ep/lib/compress/zstd_ldm.c.o[0m
[ 19%] [32mBuilding C object lib/CMakeFiles/libzstd_shared.dir/workspace/linux/clang-quickstart/vscode/code/storage_project/index/demo/build/orc/zstd_ep-prefix/src/zstd_ep/lib/compress/zstd_opt.c.o[0m
[ 20%] [32mBuilding C object lib/CMakeFiles/libzstd_shared.dir/workspace/linux/clang-quickstart/vscode/code/storage_project/index/demo/build/orc/zstd_ep-prefix/src/zstd_ep/lib/compress/zstd_preSplit.c.o[0m
[ 21%] [32mBuilding C object lib/CMakeFiles/libzstd_shared.dir/workspace/linux/clang-quickstart/vscode/code/storage_project/index/demo/build/orc/zstd_ep-prefix/src/zstd_ep/lib/compress/zstdmt_compress.c.o[0m
[ 22%] [32mBuilding C object lib/CMakeFiles/libzstd_shared.dir/workspace/linux/clang-quickstart/vscode/code/storage_project/index/demo/build/orc/zstd_ep-prefix/src/zstd_ep/lib/decompress/huf_decompress.c.o[0m
[ 23%] [32mBuilding C object lib/CMakeFiles/libzstd_shared.dir/workspace/linux/clang-quickstart/vscode/code/storage_project/index/demo/build/orc/zstd_ep-prefix/src/zstd_ep/lib/decompress/zstd_ddict.c.o[0m
[ 24%] [32mBuilding C object lib/CMakeFiles/libzstd_shared.dir/workspace/linux/clang-quickstart/vscode/code/storage_project/index/demo/build/orc/zstd_ep-prefix/src/zstd_ep/lib/decompress/zstd_decompress.c.o[0m
[ 25%] [32mBuilding C object lib/CMakeFiles/libzstd_shared.dir/workspace/linux/clang-quickstart/vscode/code/storage_project/index/demo/build/orc/zstd_ep-prefix/src/zstd_ep/lib/decompress/zstd_decompress_block.c.o[0m
[ 25%] [32mBuilding ASM object lib/CMakeFiles/libzstd_shared.dir/workspace/linux/clang-quickstart/vscode/code/storage_project/index/demo/build/orc/zstd_ep-prefix/src/zstd_ep/lib/decompress/huf_decompress_amd64.S.o[0m
[ 26%] [32mBuilding C object lib/CMakeFiles/libzstd_shared.dir/workspace/linux/clang-quickstart/vscode/code/storage_project/index/demo/build/orc/zstd_ep-prefix/src/zstd_ep/lib/dictBuilder/cover.c.o[0m
[ 27%] [32mBuilding C object lib/CMakeFiles/libzstd_shared.dir/workspace/linux/clang-quickstart/vscode/code/storage_project/index/demo/build/orc/zstd_ep-prefix/src/zstd_ep/lib/dictBuilder/divsufsort.c.o[0m
[ 28%] [32mBuilding C object lib/CMakeFiles/libzstd_shared.dir/workspace/linux/clang-quickstart/vscode/code/storage_project/index/demo/build/orc/zstd_ep-prefix/src/zstd_ep/lib/dictBuilder/fastcover.c.o[0m
[ 29%] [32mBuilding C object lib/CMakeFiles/libzstd_shared.dir/workspace/linux/clang-quickstart/vscode/code/storage_project/index/demo/build/orc/zstd_ep-prefix/src/zstd_ep/lib/dictBuilder/zdict.c.o[0m
[ 30%] [32mBuilding C object lib/CMakeFiles/libzstd_shared.dir/workspace/linux/clang-quickstart/vscode/code/storage_project/index/demo/build/orc/zstd_ep-prefix/src/zstd_ep/lib/legacy/zstd_v01.c.o[0m
[ 31%] [32mBuilding C object lib/CMakeFiles/libzstd_shared.dir/workspace/linux/clang-quickstart/vscode/code/storage_project/index/demo/build/orc/zstd_ep-prefix/src/zstd_ep/lib/legacy/zstd_v02.c.o[0m
[ 32%] [32mBuilding C object lib/CMakeFiles/libzstd_shared.dir/workspace/linux/clang-quickstart/vscode/code/storage_project/index/demo/build/orc/zstd_ep-prefix/src/zstd_ep/lib/legacy/zstd_v03.c.o[0m
[ 33%] [32mBuilding C object lib/CMakeFiles/libzstd_shared.dir/workspace/linux/clang-quickstart/vscode/code/storage_project/index/demo/build/orc/zstd_ep-prefix/src/zstd_ep/lib/legacy/zstd_v04.c.o[0m
[ 34%] [32mBuilding C object lib/CMakeFiles/libzstd_shared.dir/workspace/linux/clang-quickstart/vscode/code/storage_project/index/demo/build/orc/zstd_ep-prefix/src/zstd_ep/lib/legacy/zstd_v05.c.o[0m
[ 35%] [32mBuilding C object lib/CMakeFiles/libzstd_shared.dir/workspace/linux/clang-quickstart/vscode/code/storage_project/index/demo/build/orc/zstd_ep-prefix/src/zstd_ep/lib/legacy/zstd_v06.c.o[0m
[ 36%] [32mBuilding C object lib/CMakeFiles/libzstd_shared.dir/workspace/linux/clang-quickstart/vscode/code/storage_project/index/demo/build/orc/zstd_ep-prefix/src/zstd_ep/lib/legacy/zstd_v07.c.o[0m
[ 37%] [32m[1mLinking C shared library libzstd.so[0m
[ 37%] Built target libzstd_shared
[35m[1mScanning dependencies of target libzstd_static[0m
[ 38%] [32mBuilding C object lib/CMakeFiles/libzstd_static.dir/workspace/linux/clang-quickstart/vscode/code/storage_project/index/demo/build/orc/zstd_ep-prefix/src/zstd_ep/lib/common/debug.c.o[0m
[ 39%] [32mBuilding C object lib/CMakeFiles/libzstd_static.dir/workspace/linux/clang-quickstart/vscode/code/storage_project/index/demo/build/orc/zstd_ep-prefix/src/zstd_ep/lib/common/entropy_common.c.o[0m
[ 40%] [32mBuilding C object lib/CMakeFiles/libzstd_static.dir/workspace/linux/clang-quickstart/vscode/code/storage_project/index/demo/build/orc/zstd_ep-prefix/src/zstd_ep/lib/common/error_private.c.o[0m
[ 41%] [32mBuilding C object lib/CMakeFiles/libzstd_static.dir/workspace/linux/clang-quickstart/vscode/code/storage_project/index/demo/build/orc/zstd_ep-prefix/src/zstd_ep/lib/common/fse_decompress.c.o[0m
[ 42%] [32mBuilding C object lib/CMakeFiles/libzstd_static.dir/workspace/linux/clang-quickstart/vscode/code/storage_project/index/demo/build/orc/zstd_ep-prefix/src/zstd_ep/lib/common/pool.c.o[0m
[ 43%] [32mBuilding C object lib/CMakeFiles/libzstd_static.dir/workspace/linux/clang-quickstart/vscode/code/storage_project/index/demo/build/orc/zstd_ep-prefix/src/zstd_ep/lib/common/threading.c.o[0m
[ 44%] [32mBuilding C object lib/CMakeFiles/libzstd_static.dir/workspace/linux/clang-quickstart/vscode/code/storage_project/index/demo/build/orc/zstd_ep-prefix/src/zstd_ep/lib/common/xxhash.c.o[0m
[ 45%] [32mBuilding C object lib/CMakeFiles/libzstd_static.dir/workspace/linux/clang-quickstart/vscode/code/storage_project/index/demo/build/orc/zstd_ep-prefix/src/zstd_ep/lib/common/zstd_common.c.o[0m
[ 46%] [32mBuilding C object lib/CMakeFiles/libzstd_static.dir/workspace/linux/clang-quickstart/vscode/code/storage_project/index/demo/build/orc/zstd_ep-prefix/src/zstd_ep/lib/compress/fse_compress.c.o[0m
[ 47%] [32mBuilding C object lib/CMakeFiles/libzstd_static.dir/workspace/linux/clang-quickstart/vscode/code/storage_project/index/demo/build/orc/zstd_ep-prefix/src/zstd_ep/lib/compress/hist.c.o[0m
[ 48%] [32mBuilding C object lib/CMakeFiles/libzstd_static.dir/workspace/linux/clang-quickstart/vscode/code/storage_project/index/demo/build/orc/zstd_ep-prefix/src/zstd_ep/lib/compress/huf_compress.c.o[0m
[ 49%] [32mBuilding C object lib/CMakeFiles/libzstd_static.dir/workspace/linux/clang-quickstart/vscode/code/storage_project/index/demo/build/orc/zstd_ep-prefix/src/zstd_ep/lib/compress/zstd_compress.c.o[0m
[ 50%] [32mBuilding C object lib/CMakeFiles/libzstd_static.dir/workspace/linux/clang-quickstart/vscode/code/storage_project/index/demo/build/orc/zstd_ep-prefix/src/zstd_ep/lib/compress/zstd_compress_literals.c.o[0m
[ 50%] [32mBuilding C object lib/CMakeFiles/libzstd_static.dir/workspace/linux/clang-quickstart/vscode/code/storage_project/index/demo/build/orc/zstd_ep-prefix/src/zstd_ep/lib/compress/zstd_compress_sequences.c.o[0m
[ 51%] [32mBuilding C object lib/CMakeFiles/libzstd_static.dir/workspace/linux/clang-quickstart/vscode/code/storage_project/index/demo/build/orc/zstd_ep-prefix/src/zstd_ep/lib/compress/zstd_compress_superblock.c.o[0m
[ 52%] [32mBuilding C object lib/CMakeFiles/libzstd_static.dir/workspace/linux/clang-quickstart/vscode/code/storage_project/index/demo/build/orc/zstd_ep-prefix/src/zstd_ep/lib/compress/zstd_double_fast.c.o[0m
[ 53%] [32mBuilding C object lib/CMakeFiles/libzstd_static.dir/workspace/linux/clang-quickstart/vscode/code/storage_project/index/demo/build/orc/zstd_ep-prefix/src/zstd_ep/lib/compress/zstd_fast.c.o[0m
[ 54%] [32mBuilding C object lib/CMakeFiles/libzstd_static.dir/workspace/linux/clang-quickstart/vscode/code/storage_project/index/demo/build/orc/zstd_ep-prefix/src/zstd_ep/lib/compress/zstd_lazy.c.o[0m
[ 55%] [32mBuilding C object lib/CMakeFiles/libzstd_static.dir/workspace/linux/clang-quickstart/vscode/code/storage_project/index/demo/build/orc/zstd_ep-prefix/src/zstd_ep/lib/compress/zstd_ldm.c.o[0m
[ 56%] [32mBuilding C object lib/CMakeFiles/libzstd_static.dir/workspace/linux/clang-quickstart/vscode/code/storage_project/index/demo/build/orc/zstd_ep-prefix/src/zstd_ep/lib/compress/zstd_opt.c.o[0m
[ 57%] [32mBuilding C object lib/CMakeFiles/libzstd_static.dir/workspace/linux/clang-quickstart/vscode/code/storage_project/index/demo/build/orc/zstd_ep-prefix/src/zstd_ep/lib/compress/zstd_preSplit.c.o[0m
[ 58%] [32mBuilding C object lib/CMakeFiles/libzstd_static.dir/workspace/linux/clang-quickstart/vscode/code/storage_project/index/demo/build/orc/zstd_ep-prefix/src/zstd_ep/lib/compress/zstdmt_compress.c.o[0m
[ 59%] [32mBuilding C object lib/CMakeFiles/libzstd_static.dir/workspace/linux/clang-quickstart/vscode/code/storage_project/index/demo/build/orc/zstd_ep-prefix/src/zstd_ep/lib/decompress/huf_decompress.c.o[0m
[ 60%] [32mBuilding C object lib/CMakeFiles/libzstd_static.dir/workspace/linux/clang-quickstart/vscode/code/storage_project/index/demo/build/orc/zstd_ep-prefix/src/zstd_ep/lib/decompress/zstd_ddict.c.o[0m
[ 61%] [32mBuilding C object lib/CMakeFiles/libzstd_static.dir/workspace/linux/clang-quickstart/vscode/code/storage_project/index/demo/build/orc/zstd_ep-prefix/src/zstd_ep/lib/decompress/zstd_decompress.c.o[0m
[ 62%] [32mBuilding C object lib/CMakeFiles/libzstd_static.dir/workspace/linux/clang-quickstart/vscode/code/storage_project/index/demo/build/orc/zstd_ep-prefix/src/zstd_ep/lib/decompress/zstd_decompress_block.c.o[0m
[ 63%] [32mBuilding ASM object lib/CMakeFiles/libzstd_static.dir/workspace/linux/clang-quickstart/vscode/code/storage_project/index/demo/build/orc/zstd_ep-prefix/src/zstd_ep/lib/decompress/huf_decompress_amd64.S.o[0m
[ 64%] [32mBuilding C object lib/CMakeFiles/libzstd_static.dir/workspace/linux/clang-quickstart/vscode/code/storage_project/index/demo/build/orc/zstd_ep-prefix/src/zstd_ep/lib/dictBuilder/cover.c.o[0m
[ 65%] [32mBuilding C object lib/CMakeFiles/libzstd_static.dir/workspace/linux/clang-quickstart/vscode/code/storage_project/index/demo/build/orc/zstd_ep-prefix/src/zstd_ep/lib/dictBuilder/divsufsort.c.o[0m
[ 66%] [32mBuilding C object lib/CMakeFiles/libzstd_static.dir/workspace/linux/clang-quickstart/vscode/code/storage_project/index/demo/build/orc/zstd_ep-prefix/src/zstd_ep/lib/dictBuilder/fastcover.c.o[0m
[ 67%] [32mBuilding C object lib/CMakeFiles/libzstd_static.dir/workspace/linux/clang-quickstart/vscode/code/storage_project/index/demo/build/orc/zstd_ep-prefix/src/zstd_ep/lib/dictBuilder/zdict.c.o[0m
[ 68%] [32mBuilding C object lib/CMakeFiles/libzstd_static.dir/workspace/linux/clang-quickstart/vscode/code/storage_project/index/demo/build/orc/zstd_ep-prefix/src/zstd_ep/lib/legacy/zstd_v01.c.o[0m
[ 69%] [32mBuilding C object lib/CMakeFiles/libzstd_static.dir/workspace/linux/clang-quickstart/vscode/code/storage_project/index/demo/build/orc/zstd_ep-prefix/src/zstd_ep/lib/legacy/zstd_v02.c.o[0m
[ 70%] [32mBuilding C object lib/CMakeFiles/libzstd_static.dir/workspace/linux/clang-quickstart/vscode/code/storage_project/index/demo/build/orc/zstd_ep-prefix/src/zstd_ep/lib/legacy/zstd_v03.c.o[0m
[ 71%] [32mBuilding C object lib/CMakeFiles/libzstd_static.dir/workspace/linux/clang-quickstart/vscode/code/storage_project/index/demo/build/orc/zstd_ep-prefix/src/zstd_ep/lib/legacy/zstd_v04.c.o[0m
[ 72%] [32mBuilding C object lib/CMakeFiles/libzstd_static.dir/workspace/linux/clang-quickstart/vscode/code/storage_project/index/demo/build/orc/zstd_ep-prefix/src/zstd_ep/lib/legacy/zstd_v05.c.o[0m
[ 73%] [32mBuilding C object lib/CMakeFiles/libzstd_static.dir/workspace/linux/clang-quickstart/vscode/code/storage_project/index/demo/build/orc/zstd_ep-prefix/src/zstd_ep/lib/legacy/zstd_v06.c.o[0m
[ 74%] [32mBuilding C object lib/CMakeFiles/libzstd_static.dir/workspace/linux/clang-quickstart/vscode/code/storage_project/index/demo/build/orc/zstd_ep-prefix/src/zstd_ep/lib/legacy/zstd_v07.c.o[0m
[ 75%] [32m[1mLinking C static library libzstd.a[0m
[ 75%] Built target libzstd_static
[ 76%] [32mBuilding C object programs/CMakeFiles/zstd.dir/workspace/linux/clang-quickstart/vscode/code/storage_project/index/demo/build/orc/zstd_ep-prefix/src/zstd_ep/programs/benchfn.c.o[0m
[ 77%] [32mBuilding C object programs/CMakeFiles/zstd.dir/workspace/linux/clang-quickstart/vscode/code/storage_project/index/demo/build/orc/zstd_ep-prefix/src/zstd_ep/programs/benchzstd.c.o[0m
[ 78%] [32mBuilding C object programs/CMakeFiles/zstd.dir/workspace/linux/clang-quickstart/vscode/code/storage_project/index/demo/build/orc/zstd_ep-prefix/src/zstd_ep/programs/datagen.c.o[0m
[ 79%] [32mBuilding C object programs/CMakeFiles/zstd.dir/workspace/linux/clang-quickstart/vscode/code/storage_project/index/demo/build/orc/zstd_ep-prefix/src/zstd_ep/programs/dibio.c.o[0m
[ 80%] [32mBuilding C object programs/CMakeFiles/zstd.dir/workspace/linux/clang-quickstart/vscode/code/storage_project/index/demo/build/orc/zstd_ep-prefix/src/zstd_ep/programs/fileio.c.o[0m
[ 81%] [32mBuilding C object programs/CMakeFiles/zstd.dir/workspace/linux/clang-quickstart/vscode/code/storage_project/index/demo/build/orc/zstd_ep-prefix/src/zstd_ep/programs/fileio_asyncio.c.o[0m
[ 82%] [32mBuilding C object programs/CMakeFiles/zstd.dir/workspace/linux/clang-quickstart/vscode/code/storage_project/index/demo/build/orc/zstd_ep-prefix/src/zstd_ep/programs/lorem.c.o[0m
[ 83%] [32mBuilding C object programs/CMakeFiles/zstd.dir/workspace/linux/clang-quickstart/vscode/code/storage_project/index/demo/build/orc/zstd_ep-prefix/src/zstd_ep/programs/timefn.c.o[0m
[ 84%] [32mBuilding C object programs/CMakeFiles/zstd.dir/workspace/linux/clang-quickstart/vscode/code/storage_project/index/demo/build/orc/zstd_ep-prefix/src/zstd_ep/programs/util.c.o[0m
[ 85%] [32mBuilding C object programs/CMakeFiles/zstd.dir/workspace/linux/clang-quickstart/vscode/code/storage_project/index/demo/build/orc/zstd_ep-prefix/src/zstd_ep/programs/zstdcli.c.o[0m
[ 86%] [32mBuilding C object programs/CMakeFiles/zstd.dir/workspace/linux/clang-quickstart/vscode/code/storage_project/index/demo/build/orc/zstd_ep-prefix/src/zstd_ep/programs/zstdcli_trace.c.o[0m
[ 87%] [32m[1mLinking C executable zstd[0m
[ 87%] Built target zstd
[ 88%] [34m[1mCreating zstdcat symlink[0m
[ 88%] Built target zstdcat
[ 88%] [34m[1mCreating unzstd symlink[0m
[ 88%] Built target unzstd
[ 89%] [34m[1mCopying manpage zstd.1[0m
[ 89%] Built target zstd.1
[ 90%] [34m[1mCopying manpage zstdgrep.1[0m
[ 90%] Built target zstdgrep.1
[ 91%] [34m[1mCopying manpage zstdless.1[0m
[ 91%] Built target zstdless.1
[ 92%] [34m[1mCreating zstdcat.1 symlink[0m
[ 92%] Built target zstdcat.1
[ 93%] [34m[1mCreating unzstd.1 symlink[0m
[ 93%] Built target unzstd.1
[ 94%] [32mBuilding C object programs/CMakeFiles/zstd-frugal.dir/workspace/linux/clang-quickstart/vscode/code/storage_project/index/demo/build/orc/zstd_ep-prefix/src/zstd_ep/programs/zstdcli.c.o[0m
[ 95%] [32mBuilding C object programs/CMakeFiles/zstd-frugal.dir/workspace/linux/clang-quickstart/vscode/code/storage_project/index/demo/build/orc/zstd_ep-prefix/src/zstd_ep/programs/util.c.o[0m
[ 96%] [32mBuilding C object programs/CMakeFiles/zstd-frugal.dir/workspace/linux/clang-quickstart/vscode/code/storage_project/index/demo/build/orc/zstd_ep-prefix/src/zstd_ep/programs/timefn.c.o[0m
[ 97%] [32mBuilding C object programs/CMakeFiles/zstd-frugal.dir/workspace/linux/clang-quickstart/vscode/code/storage_project/index/demo/build/orc/zstd_ep-prefix/src/zstd_ep/programs/fileio.c.o[0m
[ 98%] [32mBuilding C object programs/CMakeFiles/zstd-frugal.dir/workspace/linux/clang-quickstart/vscode/code/storage_project/index/demo/build/orc/zstd_ep-prefix/src/zstd_ep/programs/fileio_asyncio.c.o[0m
[ 99%] [32m[1mLinking C executable zstd-frugal[0m
[ 99%] Built target zstd-frugal
[100%] [34m[1mCreating zstdmt symlink[0m
[100%] Built target zstdmt
