-- The C compiler identification is GNU 11.4.0
-- The CXX compiler identification is GNU 11.4.0
-- Detecting C compiler ABI info
-- Detecting C compiler ABI info - done
-- Check for working C compiler: /usr/bin/cc - skipped
-- Detecting C compile features
-- Detecting C compile features - done
-- Detecting CXX compiler ABI info
-- Detecting CXX compiler ABI info - done
-- Check for working CXX compiler: /usr/bin/c++ - skipped
-- Detecting CXX compile features
-- Detecting CXX compile features - done
-- Looking for sys/mman.h
-- Looking for sys/mman.h - found
-- Looking for sys/resource.h
-- Looking for sys/resource.h - found
-- Looking for sys/time.h
-- Looking for sys/time.h - found
-- Looking for sys/uio.h
-- Looking for sys/uio.h - found
-- Looking for unistd.h
-- Looking for unistd.h - found
-- Looking for windows.h
-- Looking for windows.h - not found
-- Looking for zlibVersion in z
-- Looking for zlibVersion in z - not found
-- Looking for lzo1x_1_15_compress in lzo2
-- Looking for lzo1x_1_15_compress in lzo2 - not found
-- Looking for LZ4_compress_default in lz4
-- Looking for LZ4_compress_default in lz4 - not found
-- Performing Test HAVE_VISUAL_STUDIO_ARCH_AVX
-- Performing Test HAVE_VISUAL_STUDIO_ARCH_AVX - Failed
-- Performing Test HAVE_VISUAL_STUDIO_ARCH_AVX2
-- Performing Test HAVE_VISUAL_STUDIO_ARCH_AVX2 - Failed
-- Performing Test HAVE_CLANG_MAVX
-- Performing Test HAVE_CLANG_MAVX - Success
-- Performing Test HAVE_CLANG_MBMI2
-- Performing Test HAVE_CLANG_MBMI2 - Success
-- Performing Test SNAPPY_HAVE_NO_MISSING_FIELD_INITIALIZERS
-- Performing Test SNAPPY_HAVE_NO_MISSING_FIELD_INITIALIZERS - Success
-- Performing Test SNAPPY_HAVE_NO_IMPLICIT_INT_FLOAT_CONVERSION
-- Performing Test SNAPPY_HAVE_NO_IMPLICIT_INT_FLOAT_CONVERSION - Success
-- Performing Test HAVE_BUILTIN_EXPECT
-- Performing Test HAVE_BUILTIN_EXPECT - Success
-- Performing Test HAVE_BUILTIN_CTZ
-- Performing Test HAVE_BUILTIN_CTZ - Success
-- Performing Test HAVE_BUILTIN_PREFETCH
-- Performing Test HAVE_BUILTIN_PREFETCH - Success
-- Performing Test HAVE_ATTRIBUTE_ALWAYS_INLINE
-- Performing Test HAVE_ATTRIBUTE_ALWAYS_INLINE - Success
-- Performing Test SNAPPY_HAVE_SSSE3
-- Performing Test SNAPPY_HAVE_SSSE3 - Failed
-- Performing Test SNAPPY_HAVE_X86_CRC32
-- Performing Test SNAPPY_HAVE_X86_CRC32 - Failed
-- Performing Test SNAPPY_HAVE_NEON_CRC32
-- Performing Test SNAPPY_HAVE_NEON_CRC32 - Failed
-- Performing Test SNAPPY_HAVE_BMI2
-- Performing Test SNAPPY_HAVE_BMI2 - Failed
-- Performing Test SNAPPY_HAVE_NEON
-- Performing Test SNAPPY_HAVE_NEON - Failed
-- Looking for mmap
-- Looking for mmap - found
-- Looking for sysconf
-- Looking for sysconf - found
-- Configuring done
-- Generating done
-- Build files have been written to: /workspace/linux/clang-quickstart/vscode/code/storage_project/index/demo/build_orc/orc/snappy_ep-prefix/src/snappy_ep-build
