The system is: Linux - 4.4.0-19041-Microsoft - x86_64
Compiling the C compiler identification source file "CMakeCCompilerId.c" succeeded.
Compiler: /usr/bin/cc 
Build flags: 
Id flags:  

The output was:
0


Compilation of the C compiler identification source "CMakeCCompilerId.c" produced "a.out"

The C compiler identification is GNU, found in "/workspace/linux/clang-quickstart/vscode/code/storage_project/index/demo/build_orc/orc/zstd_ep-prefix/src/zstd_ep-build/CMakeFiles/3.22.1/CompilerIdC/a.out"

Checking whether the ASM compiler is GNU using "--version" matched "(GNU assembler)|(GCC)|(Free Software Foundation)":
cc (Ubuntu 11.4.0-1ubuntu1~22.04.2) 11.4.0
Copyright (C) 2021 Free Software Foundation, Inc.
This is free software; see the source for copying conditions.  There is NO
warranty; not even for MERCHANTABILITY or FITNESS FOR A PARTICULAR PURPOSE.

Compiling the CXX compiler identification source file "CMakeCXXCompilerId.cpp" succeeded.
Compiler: /usr/bin/c++ 
Build flags: 
Id flags:  

The output was:
0


Compilation of the CXX compiler identification source "CMakeCXXCompilerId.cpp" produced "a.out"

The CXX compiler identification is GNU, found in "/workspace/linux/clang-quickstart/vscode/code/storage_project/index/demo/build_orc/orc/zstd_ep-prefix/src/zstd_ep-build/CMakeFiles/3.22.1/CompilerIdCXX/a.out"

Detecting C compiler ABI info compiled with the following output:
Change Dir: /workspace/linux/clang-quickstart/vscode/code/storage_project/index/demo/build_orc/orc/zstd_ep-prefix/src/zstd_ep-build/CMakeFiles/CMakeTmp

Run Build Command(s):/usr/bin/gmake -f Makefile cmTC_d02bf/fast && gmake[3]: Entering directory '/workspace/linux/clang-quickstart/vscode/code/storage_project/index/demo/build_orc/orc/zstd_ep-prefix/src/zstd_ep-build/CMakeFiles/CMakeTmp'
/usr/bin/gmake  -f CMakeFiles/cmTC_d02bf.dir/build.make CMakeFiles/cmTC_d02bf.dir/build
gmake[4]: Entering directory '/workspace/linux/clang-quickstart/vscode/code/storage_project/index/demo/build_orc/orc/zstd_ep-prefix/src/zstd_ep-build/CMakeFiles/CMakeTmp'
Building C object CMakeFiles/cmTC_d02bf.dir/CMakeCCompilerABI.c.o
/usr/bin/cc   -v -o CMakeFiles/cmTC_d02bf.dir/CMakeCCompilerABI.c.o -c /usr/share/cmake-3.22/Modules/CMakeCCompilerABI.c
Using built-in specs.
COLLECT_GCC=/usr/bin/cc
OFFLOAD_TARGET_NAMES=nvptx-none:amdgcn-amdhsa
OFFLOAD_TARGET_DEFAULT=1
Target: x86_64-linux-gnu
Configured with: ../src/configure -v --with-pkgversion='Ubuntu 11.4.0-1ubuntu1~22.04.2' --with-bugurl=file:///usr/share/doc/gcc-11/README.Bugs --enable-languages=c,ada,c++,go,brig,d,fortran,objc,obj-c++,m2 --prefix=/usr --with-gcc-major-version-only --program-suffix=-11 --program-prefix=x86_64-linux-gnu- --enable-shared --enable-linker-build-id --libexecdir=/usr/lib --without-included-gettext --enable-threads=posix --libdir=/usr/lib --enable-nls --enable-bootstrap --enable-clocale=gnu --enable-libstdcxx-debug --enable-libstdcxx-time=yes --with-default-libstdcxx-abi=new --enable-gnu-unique-object --disable-vtable-verify --enable-plugin --enable-default-pie --with-system-zlib --enable-libphobos-checking=release --with-target-system-zlib=auto --enable-objc-gc=auto --enable-multiarch --disable-werror --enable-cet --with-arch-32=i686 --with-abi=m64 --with-multilib-list=m32,m64,mx32 --enable-multilib --with-tune=generic --enable-offload-targets=nvptx-none=/build/gcc-11-2Y5pKs/gcc-11-11.4.0/debian/tmp-nvptx/usr,amdgcn-amdhsa=/build/gcc-11-2Y5pKs/gcc-11-11.4.0/debian/tmp-gcn/usr --without-cuda-driver --enable-checking=release --build=x86_64-linux-gnu --host=x86_64-linux-gnu --target=x86_64-linux-gnu --with-build-config=bootstrap-lto-lean --enable-link-serialization=2
Thread model: posix
Supported LTO compression algorithms: zlib zstd
gcc version 11.4.0 (Ubuntu 11.4.0-1ubuntu1~22.04.2) 
COLLECT_GCC_OPTIONS='-v' '-o' 'CMakeFiles/cmTC_d02bf.dir/CMakeCCompilerABI.c.o' '-c' '-mtune=generic' '-march=x86-64' '-dumpdir' 'CMakeFiles/cmTC_d02bf.dir/'
 /usr/lib/gcc/x86_64-linux-gnu/11/cc1 -quiet -v -imultiarch x86_64-linux-gnu /usr/share/cmake-3.22/Modules/CMakeCCompilerABI.c -quiet -dumpdir CMakeFiles/cmTC_d02bf.dir/ -dumpbase CMakeCCompilerABI.c.c -dumpbase-ext .c -mtune=generic -march=x86-64 -version -fasynchronous-unwind-tables -fstack-protector-strong -Wformat -Wformat-security -fstack-clash-protection -fcf-protection -o /tmp/ccGzhg6c.s
GNU C17 (Ubuntu 11.4.0-1ubuntu1~22.04.2) version 11.4.0 (x86_64-linux-gnu)
	compiled by GNU C version 11.4.0, GMP version 6.2.1, MPFR version 4.1.0, MPC version 1.2.1, isl version isl-0.24-GMP

GGC heuristics: --param ggc-min-expand=100 --param ggc-min-heapsize=131072
ignoring nonexistent directory "/usr/local/include/x86_64-linux-gnu"
ignoring nonexistent directory "/usr/lib/gcc/x86_64-linux-gnu/11/include-fixed"
ignoring nonexistent directory "/usr/lib/gcc/x86_64-linux-gnu/11/../../../../x86_64-linux-gnu/include"
#include "..." search starts here:
#include <...> search starts here:
 /usr/lib/gcc/x86_64-linux-gnu/11/include
 /usr/local/include
 /usr/include/x86_64-linux-gnu
 /usr/include
End of search list.
GNU C17 (Ubuntu 11.4.0-1ubuntu1~22.04.2) version 11.4.0 (x86_64-linux-gnu)
	compiled by GNU C version 11.4.0, GMP version 6.2.1, MPFR version 4.1.0, MPC version 1.2.1, isl version isl-0.24-GMP

GGC heuristics: --param ggc-min-expand=100 --param ggc-min-heapsize=131072
Compiler executable checksum: 4011c2103cba78949d7e02d0f0047a3d
COLLECT_GCC_OPTIONS='-v' '-o' 'CMakeFiles/cmTC_d02bf.dir/CMakeCCompilerABI.c.o' '-c' '-mtune=generic' '-march=x86-64' '-dumpdir' 'CMakeFiles/cmTC_d02bf.dir/'
 as -v --64 -o CMakeFiles/cmTC_d02bf.dir/CMakeCCompilerABI.c.o /tmp/ccGzhg6c.s
GNU assembler version 2.38 (x86_64-linux-gnu) using BFD version (GNU Binutils for Ubuntu) 2.38
COMPILER_PATH=/usr/lib/gcc/x86_64-linux-gnu/11/:/usr/lib/gcc/x86_64-linux-gnu/11/:/usr/lib/gcc/x86_64-linux-gnu/:/usr/lib/gcc/x86_64-linux-gnu/11/:/usr/lib/gcc/x86_64-linux-gnu/
LIBRARY_PATH=/usr/lib/gcc/x86_64-linux-gnu/11/:/usr/lib/gcc/x86_64-linux-gnu/11/../../../x86_64-linux-gnu/:/usr/lib/gcc/x86_64-linux-gnu/11/../../../../lib/:/lib/x86_64-linux-gnu/:/lib/../lib/:/usr/lib/x86_64-linux-gnu/:/usr/lib/../lib/:/usr/lib/gcc/x86_64-linux-gnu/11/../../../:/lib/:/usr/lib/
COLLECT_GCC_OPTIONS='-v' '-o' 'CMakeFiles/cmTC_d02bf.dir/CMakeCCompilerABI.c.o' '-c' '-mtune=generic' '-march=x86-64' '-dumpdir' 'CMakeFiles/cmTC_d02bf.dir/CMakeCCompilerABI.c.'
Linking C executable cmTC_d02bf
/usr/bin/cmake -E cmake_link_script CMakeFiles/cmTC_d02bf.dir/link.txt --verbose=1
/usr/bin/cc  -v CMakeFiles/cmTC_d02bf.dir/CMakeCCompilerABI.c.o -o cmTC_d02bf 
Using built-in specs.
COLLECT_GCC=/usr/bin/cc
COLLECT_LTO_WRAPPER=/usr/lib/gcc/x86_64-linux-gnu/11/lto-wrapper
OFFLOAD_TARGET_NAMES=nvptx-none:amdgcn-amdhsa
OFFLOAD_TARGET_DEFAULT=1
Target: x86_64-linux-gnu
Configured with: ../src/configure -v --with-pkgversion='Ubuntu 11.4.0-1ubuntu1~22.04.2' --with-bugurl=file:///usr/share/doc/gcc-11/README.Bugs --enable-languages=c,ada,c++,go,brig,d,fortran,objc,obj-c++,m2 --prefix=/usr --with-gcc-major-version-only --program-suffix=-11 --program-prefix=x86_64-linux-gnu- --enable-shared --enable-linker-build-id --libexecdir=/usr/lib --without-included-gettext --enable-threads=posix --libdir=/usr/lib --enable-nls --enable-bootstrap --enable-clocale=gnu --enable-libstdcxx-debug --enable-libstdcxx-time=yes --with-default-libstdcxx-abi=new --enable-gnu-unique-object --disable-vtable-verify --enable-plugin --enable-default-pie --with-system-zlib --enable-libphobos-checking=release --with-target-system-zlib=auto --enable-objc-gc=auto --enable-multiarch --disable-werror --enable-cet --with-arch-32=i686 --with-abi=m64 --with-multilib-list=m32,m64,mx32 --enable-multilib --with-tune=generic --enable-offload-targets=nvptx-none=/build/gcc-11-2Y5pKs/gcc-11-11.4.0/debian/tmp-nvptx/usr,amdgcn-amdhsa=/build/gcc-11-2Y5pKs/gcc-11-11.4.0/debian/tmp-gcn/usr --without-cuda-driver --enable-checking=release --build=x86_64-linux-gnu --host=x86_64-linux-gnu --target=x86_64-linux-gnu --with-build-config=bootstrap-lto-lean --enable-link-serialization=2
Thread model: posix
Supported LTO compression algorithms: zlib zstd
gcc version 11.4.0 (Ubuntu 11.4.0-1ubuntu1~22.04.2) 
COMPILER_PATH=/usr/lib/gcc/x86_64-linux-gnu/11/:/usr/lib/gcc/x86_64-linux-gnu/11/:/usr/lib/gcc/x86_64-linux-gnu/:/usr/lib/gcc/x86_64-linux-gnu/11/:/usr/lib/gcc/x86_64-linux-gnu/
LIBRARY_PATH=/usr/lib/gcc/x86_64-linux-gnu/11/:/usr/lib/gcc/x86_64-linux-gnu/11/../../../x86_64-linux-gnu/:/usr/lib/gcc/x86_64-linux-gnu/11/../../../../lib/:/lib/x86_64-linux-gnu/:/lib/../lib/:/usr/lib/x86_64-linux-gnu/:/usr/lib/../lib/:/usr/lib/gcc/x86_64-linux-gnu/11/../../../:/lib/:/usr/lib/
COLLECT_GCC_OPTIONS='-v' '-o' 'cmTC_d02bf' '-mtune=generic' '-march=x86-64' '-dumpdir' 'cmTC_d02bf.'
 /usr/lib/gcc/x86_64-linux-gnu/11/collect2 -plugin /usr/lib/gcc/x86_64-linux-gnu/11/liblto_plugin.so -plugin-opt=/usr/lib/gcc/x86_64-linux-gnu/11/lto-wrapper -plugin-opt=-fresolution=/tmp/cck4AvWH.res -plugin-opt=-pass-through=-lgcc -plugin-opt=-pass-through=-lgcc_s -plugin-opt=-pass-through=-lc -plugin-opt=-pass-through=-lgcc -plugin-opt=-pass-through=-lgcc_s --build-id --eh-frame-hdr -m elf_x86_64 --hash-style=gnu --as-needed -dynamic-linker /lib64/ld-linux-x86-64.so.2 -pie -z now -z relro -o cmTC_d02bf /usr/lib/gcc/x86_64-linux-gnu/11/../../../x86_64-linux-gnu/Scrt1.o /usr/lib/gcc/x86_64-linux-gnu/11/../../../x86_64-linux-gnu/crti.o /usr/lib/gcc/x86_64-linux-gnu/11/crtbeginS.o -L/usr/lib/gcc/x86_64-linux-gnu/11 -L/usr/lib/gcc/x86_64-linux-gnu/11/../../../x86_64-linux-gnu -L/usr/lib/gcc/x86_64-linux-gnu/11/../../../../lib -L/lib/x86_64-linux-gnu -L/lib/../lib -L/usr/lib/x86_64-linux-gnu -L/usr/lib/../lib -L/usr/lib/gcc/x86_64-linux-gnu/11/../../.. CMakeFiles/cmTC_d02bf.dir/CMakeCCompilerABI.c.o -lgcc --push-state --as-needed -lgcc_s --pop-state -lc -lgcc --push-state --as-needed -lgcc_s --pop-state /usr/lib/gcc/x86_64-linux-gnu/11/crtendS.o /usr/lib/gcc/x86_64-linux-gnu/11/../../../x86_64-linux-gnu/crtn.o
COLLECT_GCC_OPTIONS='-v' '-o' 'cmTC_d02bf' '-mtune=generic' '-march=x86-64' '-dumpdir' 'cmTC_d02bf.'
gmake[4]: Leaving directory '/workspace/linux/clang-quickstart/vscode/code/storage_project/index/demo/build_orc/orc/zstd_ep-prefix/src/zstd_ep-build/CMakeFiles/CMakeTmp'
gmake[3]: Leaving directory '/workspace/linux/clang-quickstart/vscode/code/storage_project/index/demo/build_orc/orc/zstd_ep-prefix/src/zstd_ep-build/CMakeFiles/CMakeTmp'



Parsed C implicit include dir info from above output: rv=done
  found start of include info
  found start of implicit include info
    add: [/usr/lib/gcc/x86_64-linux-gnu/11/include]
    add: [/usr/local/include]
    add: [/usr/include/x86_64-linux-gnu]
    add: [/usr/include]
  end of search list found
  collapse include dir [/usr/lib/gcc/x86_64-linux-gnu/11/include] ==> [/usr/lib/gcc/x86_64-linux-gnu/11/include]
  collapse include dir [/usr/local/include] ==> [/usr/local/include]
  collapse include dir [/usr/include/x86_64-linux-gnu] ==> [/usr/include/x86_64-linux-gnu]
  collapse include dir [/usr/include] ==> [/usr/include]
  implicit include dirs: [/usr/lib/gcc/x86_64-linux-gnu/11/include;/usr/local/include;/usr/include/x86_64-linux-gnu;/usr/include]


Parsed C implicit link information from above output:
  link line regex: [^( *|.*[/\])(ld|CMAKE_LINK_STARTFILE-NOTFOUND|([^/\]+-)?ld|collect2)[^/\]*( |$)]
  ignore line: [Change Dir: /workspace/linux/clang-quickstart/vscode/code/storage_project/index/demo/build_orc/orc/zstd_ep-prefix/src/zstd_ep-build/CMakeFiles/CMakeTmp]
  ignore line: []
  ignore line: [Run Build Command(s):/usr/bin/gmake -f Makefile cmTC_d02bf/fast && gmake[3]: Entering directory '/workspace/linux/clang-quickstart/vscode/code/storage_project/index/demo/build_orc/orc/zstd_ep-prefix/src/zstd_ep-build/CMakeFiles/CMakeTmp']
  ignore line: [/usr/bin/gmake  -f CMakeFiles/cmTC_d02bf.dir/build.make CMakeFiles/cmTC_d02bf.dir/build]
  ignore line: [gmake[4]: Entering directory '/workspace/linux/clang-quickstart/vscode/code/storage_project/index/demo/build_orc/orc/zstd_ep-prefix/src/zstd_ep-build/CMakeFiles/CMakeTmp']
  ignore line: [Building C object CMakeFiles/cmTC_d02bf.dir/CMakeCCompilerABI.c.o]
  ignore line: [/usr/bin/cc   -v -o CMakeFiles/cmTC_d02bf.dir/CMakeCCompilerABI.c.o -c /usr/share/cmake-3.22/Modules/CMakeCCompilerABI.c]
  ignore line: [Using built-in specs.]
  ignore line: [COLLECT_GCC=/usr/bin/cc]
  ignore line: [OFFLOAD_TARGET_NAMES=nvptx-none:amdgcn-amdhsa]
  ignore line: [OFFLOAD_TARGET_DEFAULT=1]
  ignore line: [Target: x86_64-linux-gnu]
  ignore line: [Configured with: ../src/configure -v --with-pkgversion='Ubuntu 11.4.0-1ubuntu1~22.04.2' --with-bugurl=file:///usr/share/doc/gcc-11/README.Bugs --enable-languages=c ada c++ go brig d fortran objc obj-c++ m2 --prefix=/usr --with-gcc-major-version-only --program-suffix=-11 --program-prefix=x86_64-linux-gnu- --enable-shared --enable-linker-build-id --libexecdir=/usr/lib --without-included-gettext --enable-threads=posix --libdir=/usr/lib --enable-nls --enable-bootstrap --enable-clocale=gnu --enable-libstdcxx-debug --enable-libstdcxx-time=yes --with-default-libstdcxx-abi=new --enable-gnu-unique-object --disable-vtable-verify --enable-plugin --enable-default-pie --with-system-zlib --enable-libphobos-checking=release --with-target-system-zlib=auto --enable-objc-gc=auto --enable-multiarch --disable-werror --enable-cet --with-arch-32=i686 --with-abi=m64 --with-multilib-list=m32 m64 mx32 --enable-multilib --with-tune=generic --enable-offload-targets=nvptx-none=/build/gcc-11-2Y5pKs/gcc-11-11.4.0/debian/tmp-nvptx/usr amdgcn-amdhsa=/build/gcc-11-2Y5pKs/gcc-11-11.4.0/debian/tmp-gcn/usr --without-cuda-driver --enable-checking=release --build=x86_64-linux-gnu --host=x86_64-linux-gnu --target=x86_64-linux-gnu --with-build-config=bootstrap-lto-lean --enable-link-serialization=2]
  ignore line: [Thread model: posix]
  ignore line: [Supported LTO compression algorithms: zlib zstd]
  ignore line: [gcc version 11.4.0 (Ubuntu 11.4.0-1ubuntu1~22.04.2) ]
  ignore line: [COLLECT_GCC_OPTIONS='-v' '-o' 'CMakeFiles/cmTC_d02bf.dir/CMakeCCompilerABI.c.o' '-c' '-mtune=generic' '-march=x86-64' '-dumpdir' 'CMakeFiles/cmTC_d02bf.dir/']
  ignore line: [ /usr/lib/gcc/x86_64-linux-gnu/11/cc1 -quiet -v -imultiarch x86_64-linux-gnu /usr/share/cmake-3.22/Modules/CMakeCCompilerABI.c -quiet -dumpdir CMakeFiles/cmTC_d02bf.dir/ -dumpbase CMakeCCompilerABI.c.c -dumpbase-ext .c -mtune=generic -march=x86-64 -version -fasynchronous-unwind-tables -fstack-protector-strong -Wformat -Wformat-security -fstack-clash-protection -fcf-protection -o /tmp/ccGzhg6c.s]
  ignore line: [GNU C17 (Ubuntu 11.4.0-1ubuntu1~22.04.2) version 11.4.0 (x86_64-linux-gnu)]
  ignore line: [	compiled by GNU C version 11.4.0  GMP version 6.2.1  MPFR version 4.1.0  MPC version 1.2.1  isl version isl-0.24-GMP]
  ignore line: []
  ignore line: [GGC heuristics: --param ggc-min-expand=100 --param ggc-min-heapsize=131072]
  ignore line: [ignoring nonexistent directory "/usr/local/include/x86_64-linux-gnu"]
  ignore line: [ignoring nonexistent directory "/usr/lib/gcc/x86_64-linux-gnu/11/include-fixed"]
  ignore line: [ignoring nonexistent directory "/usr/lib/gcc/x86_64-linux-gnu/11/../../../../x86_64-linux-gnu/include"]
  ignore line: [#include "..." search starts here:]
  ignore line: [#include <...> search starts here:]
  ignore line: [ /usr/lib/gcc/x86_64-linux-gnu/11/include]
  ignore line: [ /usr/local/include]
  ignore line: [ /usr/include/x86_64-linux-gnu]
  ignore line: [ /usr/include]
  ignore line: [End of search list.]
  ignore line: [GNU C17 (Ubuntu 11.4.0-1ubuntu1~22.04.2) version 11.4.0 (x86_64-linux-gnu)]
  ignore line: [	compiled by GNU C version 11.4.0  GMP version 6.2.1  MPFR version 4.1.0  MPC version 1.2.1  isl version isl-0.24-GMP]
  ignore line: []
  ignore line: [GGC heuristics: --param ggc-min-expand=100 --param ggc-min-heapsize=131072]
  ignore line: [Compiler executable checksum: 4011c2103cba78949d7e02d0f0047a3d]
  ignore line: [COLLECT_GCC_OPTIONS='-v' '-o' 'CMakeFiles/cmTC_d02bf.dir/CMakeCCompilerABI.c.o' '-c' '-mtune=generic' '-march=x86-64' '-dumpdir' 'CMakeFiles/cmTC_d02bf.dir/']
  ignore line: [ as -v --64 -o CMakeFiles/cmTC_d02bf.dir/CMakeCCompilerABI.c.o /tmp/ccGzhg6c.s]
  ignore line: [GNU assembler version 2.38 (x86_64-linux-gnu) using BFD version (GNU Binutils for Ubuntu) 2.38]
  ignore line: [COMPILER_PATH=/usr/lib/gcc/x86_64-linux-gnu/11/:/usr/lib/gcc/x86_64-linux-gnu/11/:/usr/lib/gcc/x86_64-linux-gnu/:/usr/lib/gcc/x86_64-linux-gnu/11/:/usr/lib/gcc/x86_64-linux-gnu/]
  ignore line: [LIBRARY_PATH=/usr/lib/gcc/x86_64-linux-gnu/11/:/usr/lib/gcc/x86_64-linux-gnu/11/../../../x86_64-linux-gnu/:/usr/lib/gcc/x86_64-linux-gnu/11/../../../../lib/:/lib/x86_64-linux-gnu/:/lib/../lib/:/usr/lib/x86_64-linux-gnu/:/usr/lib/../lib/:/usr/lib/gcc/x86_64-linux-gnu/11/../../../:/lib/:/usr/lib/]
  ignore line: [COLLECT_GCC_OPTIONS='-v' '-o' 'CMakeFiles/cmTC_d02bf.dir/CMakeCCompilerABI.c.o' '-c' '-mtune=generic' '-march=x86-64' '-dumpdir' 'CMakeFiles/cmTC_d02bf.dir/CMakeCCompilerABI.c.']
  ignore line: [Linking C executable cmTC_d02bf]
  ignore line: [/usr/bin/cmake -E cmake_link_script CMakeFiles/cmTC_d02bf.dir/link.txt --verbose=1]
  ignore line: [/usr/bin/cc  -v CMakeFiles/cmTC_d02bf.dir/CMakeCCompilerABI.c.o -o cmTC_d02bf ]
  ignore line: [Using built-in specs.]
  ignore line: [COLLECT_GCC=/usr/bin/cc]
  ignore line: [COLLECT_LTO_WRAPPER=/usr/lib/gcc/x86_64-linux-gnu/11/lto-wrapper]
  ignore line: [OFFLOAD_TARGET_NAMES=nvptx-none:amdgcn-amdhsa]
  ignore line: [OFFLOAD_TARGET_DEFAULT=1]
  ignore line: [Target: x86_64-linux-gnu]
  ignore line: [Configured with: ../src/configure -v --with-pkgversion='Ubuntu 11.4.0-1ubuntu1~22.04.2' --with-bugurl=file:///usr/share/doc/gcc-11/README.Bugs --enable-languages=c ada c++ go brig d fortran objc obj-c++ m2 --prefix=/usr --with-gcc-major-version-only --program-suffix=-11 --program-prefix=x86_64-linux-gnu- --enable-shared --enable-linker-build-id --libexecdir=/usr/lib --without-included-gettext --enable-threads=posix --libdir=/usr/lib --enable-nls --enable-bootstrap --enable-clocale=gnu --enable-libstdcxx-debug --enable-libstdcxx-time=yes --with-default-libstdcxx-abi=new --enable-gnu-unique-object --disable-vtable-verify --enable-plugin --enable-default-pie --with-system-zlib --enable-libphobos-checking=release --with-target-system-zlib=auto --enable-objc-gc=auto --enable-multiarch --disable-werror --enable-cet --with-arch-32=i686 --with-abi=m64 --with-multilib-list=m32 m64 mx32 --enable-multilib --with-tune=generic --enable-offload-targets=nvptx-none=/build/gcc-11-2Y5pKs/gcc-11-11.4.0/debian/tmp-nvptx/usr amdgcn-amdhsa=/build/gcc-11-2Y5pKs/gcc-11-11.4.0/debian/tmp-gcn/usr --without-cuda-driver --enable-checking=release --build=x86_64-linux-gnu --host=x86_64-linux-gnu --target=x86_64-linux-gnu --with-build-config=bootstrap-lto-lean --enable-link-serialization=2]
  ignore line: [Thread model: posix]
  ignore line: [Supported LTO compression algorithms: zlib zstd]
  ignore line: [gcc version 11.4.0 (Ubuntu 11.4.0-1ubuntu1~22.04.2) ]
  ignore line: [COMPILER_PATH=/usr/lib/gcc/x86_64-linux-gnu/11/:/usr/lib/gcc/x86_64-linux-gnu/11/:/usr/lib/gcc/x86_64-linux-gnu/:/usr/lib/gcc/x86_64-linux-gnu/11/:/usr/lib/gcc/x86_64-linux-gnu/]
  ignore line: [LIBRARY_PATH=/usr/lib/gcc/x86_64-linux-gnu/11/:/usr/lib/gcc/x86_64-linux-gnu/11/../../../x86_64-linux-gnu/:/usr/lib/gcc/x86_64-linux-gnu/11/../../../../lib/:/lib/x86_64-linux-gnu/:/lib/../lib/:/usr/lib/x86_64-linux-gnu/:/usr/lib/../lib/:/usr/lib/gcc/x86_64-linux-gnu/11/../../../:/lib/:/usr/lib/]
  ignore line: [COLLECT_GCC_OPTIONS='-v' '-o' 'cmTC_d02bf' '-mtune=generic' '-march=x86-64' '-dumpdir' 'cmTC_d02bf.']
  link line: [ /usr/lib/gcc/x86_64-linux-gnu/11/collect2 -plugin /usr/lib/gcc/x86_64-linux-gnu/11/liblto_plugin.so -plugin-opt=/usr/lib/gcc/x86_64-linux-gnu/11/lto-wrapper -plugin-opt=-fresolution=/tmp/cck4AvWH.res -plugin-opt=-pass-through=-lgcc -plugin-opt=-pass-through=-lgcc_s -plugin-opt=-pass-through=-lc -plugin-opt=-pass-through=-lgcc -plugin-opt=-pass-through=-lgcc_s --build-id --eh-frame-hdr -m elf_x86_64 --hash-style=gnu --as-needed -dynamic-linker /lib64/ld-linux-x86-64.so.2 -pie -z now -z relro -o cmTC_d02bf /usr/lib/gcc/x86_64-linux-gnu/11/../../../x86_64-linux-gnu/Scrt1.o /usr/lib/gcc/x86_64-linux-gnu/11/../../../x86_64-linux-gnu/crti.o /usr/lib/gcc/x86_64-linux-gnu/11/crtbeginS.o -L/usr/lib/gcc/x86_64-linux-gnu/11 -L/usr/lib/gcc/x86_64-linux-gnu/11/../../../x86_64-linux-gnu -L/usr/lib/gcc/x86_64-linux-gnu/11/../../../../lib -L/lib/x86_64-linux-gnu -L/lib/../lib -L/usr/lib/x86_64-linux-gnu -L/usr/lib/../lib -L/usr/lib/gcc/x86_64-linux-gnu/11/../../.. CMakeFiles/cmTC_d02bf.dir/CMakeCCompilerABI.c.o -lgcc --push-state --as-needed -lgcc_s --pop-state -lc -lgcc --push-state --as-needed -lgcc_s --pop-state /usr/lib/gcc/x86_64-linux-gnu/11/crtendS.o /usr/lib/gcc/x86_64-linux-gnu/11/../../../x86_64-linux-gnu/crtn.o]
    arg [/usr/lib/gcc/x86_64-linux-gnu/11/collect2] ==> ignore
    arg [-plugin] ==> ignore
    arg [/usr/lib/gcc/x86_64-linux-gnu/11/liblto_plugin.so] ==> ignore
    arg [-plugin-opt=/usr/lib/gcc/x86_64-linux-gnu/11/lto-wrapper] ==> ignore
    arg [-plugin-opt=-fresolution=/tmp/cck4AvWH.res] ==> ignore
    arg [-plugin-opt=-pass-through=-lgcc] ==> ignore
    arg [-plugin-opt=-pass-through=-lgcc_s] ==> ignore
    arg [-plugin-opt=-pass-through=-lc] ==> ignore
    arg [-plugin-opt=-pass-through=-lgcc] ==> ignore
    arg [-plugin-opt=-pass-through=-lgcc_s] ==> ignore
    arg [--build-id] ==> ignore
    arg [--eh-frame-hdr] ==> ignore
    arg [-m] ==> ignore
    arg [elf_x86_64] ==> ignore
    arg [--hash-style=gnu] ==> ignore
    arg [--as-needed] ==> ignore
    arg [-dynamic-linker] ==> ignore
    arg [/lib64/ld-linux-x86-64.so.2] ==> ignore
    arg [-pie] ==> ignore
    arg [-znow] ==> ignore
    arg [-zrelro] ==> ignore
    arg [-o] ==> ignore
    arg [cmTC_d02bf] ==> ignore
    arg [/usr/lib/gcc/x86_64-linux-gnu/11/../../../x86_64-linux-gnu/Scrt1.o] ==> obj [/usr/lib/gcc/x86_64-linux-gnu/11/../../../x86_64-linux-gnu/Scrt1.o]
    arg [/usr/lib/gcc/x86_64-linux-gnu/11/../../../x86_64-linux-gnu/crti.o] ==> obj [/usr/lib/gcc/x86_64-linux-gnu/11/../../../x86_64-linux-gnu/crti.o]
    arg [/usr/lib/gcc/x86_64-linux-gnu/11/crtbeginS.o] ==> obj [/usr/lib/gcc/x86_64-linux-gnu/11/crtbeginS.o]
    arg [-L/usr/lib/gcc/x86_64-linux-gnu/11] ==> dir [/usr/lib/gcc/x86_64-linux-gnu/11]
    arg [-L/usr/lib/gcc/x86_64-linux-gnu/11/../../../x86_64-linux-gnu] ==> dir [/usr/lib/gcc/x86_64-linux-gnu/11/../../../x86_64-linux-gnu]
    arg [-L/usr/lib/gcc/x86_64-linux-gnu/11/../../../../lib] ==> dir [/usr/lib/gcc/x86_64-linux-gnu/11/../../../../lib]
    arg [-L/lib/x86_64-linux-gnu] ==> dir [/lib/x86_64-linux-gnu]
    arg [-L/lib/../lib] ==> dir [/lib/../lib]
    arg [-L/usr/lib/x86_64-linux-gnu] ==> dir [/usr/lib/x86_64-linux-gnu]
    arg [-L/usr/lib/../lib] ==> dir [/usr/lib/../lib]
    arg [-L/usr/lib/gcc/x86_64-linux-gnu/11/../../..] ==> dir [/usr/lib/gcc/x86_64-linux-gnu/11/../../..]
    arg [CMakeFiles/cmTC_d02bf.dir/CMakeCCompilerABI.c.o] ==> ignore
    arg [-lgcc] ==> lib [gcc]
    arg [--push-state] ==> ignore
    arg [--as-needed] ==> ignore
    arg [-lgcc_s] ==> lib [gcc_s]
    arg [--pop-state] ==> ignore
    arg [-lc] ==> lib [c]
    arg [-lgcc] ==> lib [gcc]
    arg [--push-state] ==> ignore
    arg [--as-needed] ==> ignore
    arg [-lgcc_s] ==> lib [gcc_s]
    arg [--pop-state] ==> ignore
    arg [/usr/lib/gcc/x86_64-linux-gnu/11/crtendS.o] ==> obj [/usr/lib/gcc/x86_64-linux-gnu/11/crtendS.o]
    arg [/usr/lib/gcc/x86_64-linux-gnu/11/../../../x86_64-linux-gnu/crtn.o] ==> obj [/usr/lib/gcc/x86_64-linux-gnu/11/../../../x86_64-linux-gnu/crtn.o]
  collapse obj [/usr/lib/gcc/x86_64-linux-gnu/11/../../../x86_64-linux-gnu/Scrt1.o] ==> [/usr/lib/x86_64-linux-gnu/Scrt1.o]
  collapse obj [/usr/lib/gcc/x86_64-linux-gnu/11/../../../x86_64-linux-gnu/crti.o] ==> [/usr/lib/x86_64-linux-gnu/crti.o]
  collapse obj [/usr/lib/gcc/x86_64-linux-gnu/11/../../../x86_64-linux-gnu/crtn.o] ==> [/usr/lib/x86_64-linux-gnu/crtn.o]
  collapse library dir [/usr/lib/gcc/x86_64-linux-gnu/11] ==> [/usr/lib/gcc/x86_64-linux-gnu/11]
  collapse library dir [/usr/lib/gcc/x86_64-linux-gnu/11/../../../x86_64-linux-gnu] ==> [/usr/lib/x86_64-linux-gnu]
  collapse library dir [/usr/lib/gcc/x86_64-linux-gnu/11/../../../../lib] ==> [/usr/lib]
  collapse library dir [/lib/x86_64-linux-gnu] ==> [/lib/x86_64-linux-gnu]
  collapse library dir [/lib/../lib] ==> [/lib]
  collapse library dir [/usr/lib/x86_64-linux-gnu] ==> [/usr/lib/x86_64-linux-gnu]
  collapse library dir [/usr/lib/../lib] ==> [/usr/lib]
  collapse library dir [/usr/lib/gcc/x86_64-linux-gnu/11/../../..] ==> [/usr/lib]
  implicit libs: [gcc;gcc_s;c;gcc;gcc_s]
  implicit objs: [/usr/lib/x86_64-linux-gnu/Scrt1.o;/usr/lib/x86_64-linux-gnu/crti.o;/usr/lib/gcc/x86_64-linux-gnu/11/crtbeginS.o;/usr/lib/gcc/x86_64-linux-gnu/11/crtendS.o;/usr/lib/x86_64-linux-gnu/crtn.o]
  implicit dirs: [/usr/lib/gcc/x86_64-linux-gnu/11;/usr/lib/x86_64-linux-gnu;/usr/lib;/lib/x86_64-linux-gnu;/lib]
  implicit fwks: []


Detecting CXX compiler ABI info compiled with the following output:
Change Dir: /workspace/linux/clang-quickstart/vscode/code/storage_project/index/demo/build_orc/orc/zstd_ep-prefix/src/zstd_ep-build/CMakeFiles/CMakeTmp

Run Build Command(s):/usr/bin/gmake -f Makefile cmTC_ce503/fast && gmake[3]: Entering directory '/workspace/linux/clang-quickstart/vscode/code/storage_project/index/demo/build_orc/orc/zstd_ep-prefix/src/zstd_ep-build/CMakeFiles/CMakeTmp'
/usr/bin/gmake  -f CMakeFiles/cmTC_ce503.dir/build.make CMakeFiles/cmTC_ce503.dir/build
gmake[4]: Entering directory '/workspace/linux/clang-quickstart/vscode/code/storage_project/index/demo/build_orc/orc/zstd_ep-prefix/src/zstd_ep-build/CMakeFiles/CMakeTmp'
Building CXX object CMakeFiles/cmTC_ce503.dir/CMakeCXXCompilerABI.cpp.o
/usr/bin/c++   -v -o CMakeFiles/cmTC_ce503.dir/CMakeCXXCompilerABI.cpp.o -c /usr/share/cmake-3.22/Modules/CMakeCXXCompilerABI.cpp
Using built-in specs.
COLLECT_GCC=/usr/bin/c++
OFFLOAD_TARGET_NAMES=nvptx-none:amdgcn-amdhsa
OFFLOAD_TARGET_DEFAULT=1
Target: x86_64-linux-gnu
Configured with: ../src/configure -v --with-pkgversion='Ubuntu 11.4.0-1ubuntu1~22.04.2' --with-bugurl=file:///usr/share/doc/gcc-11/README.Bugs --enable-languages=c,ada,c++,go,brig,d,fortran,objc,obj-c++,m2 --prefix=/usr --with-gcc-major-version-only --program-suffix=-11 --program-prefix=x86_64-linux-gnu- --enable-shared --enable-linker-build-id --libexecdir=/usr/lib --without-included-gettext --enable-threads=posix --libdir=/usr/lib --enable-nls --enable-bootstrap --enable-clocale=gnu --enable-libstdcxx-debug --enable-libstdcxx-time=yes --with-default-libstdcxx-abi=new --enable-gnu-unique-object --disable-vtable-verify --enable-plugin --enable-default-pie --with-system-zlib --enable-libphobos-checking=release --with-target-system-zlib=auto --enable-objc-gc=auto --enable-multiarch --disable-werror --enable-cet --with-arch-32=i686 --with-abi=m64 --with-multilib-list=m32,m64,mx32 --enable-multilib --with-tune=generic --enable-offload-targets=nvptx-none=/build/gcc-11-2Y5pKs/gcc-11-11.4.0/debian/tmp-nvptx/usr,amdgcn-amdhsa=/build/gcc-11-2Y5pKs/gcc-11-11.4.0/debian/tmp-gcn/usr --without-cuda-driver --enable-checking=release --build=x86_64-linux-gnu --host=x86_64-linux-gnu --target=x86_64-linux-gnu --with-build-config=bootstrap-lto-lean --enable-link-serialization=2
Thread model: posix
Supported LTO compression algorithms: zlib zstd
gcc version 11.4.0 (Ubuntu 11.4.0-1ubuntu1~22.04.2) 
COLLECT_GCC_OPTIONS='-v' '-o' 'CMakeFiles/cmTC_ce503.dir/CMakeCXXCompilerABI.cpp.o' '-c' '-shared-libgcc' '-mtune=generic' '-march=x86-64' '-dumpdir' 'CMakeFiles/cmTC_ce503.dir/'
 /usr/lib/gcc/x86_64-linux-gnu/11/cc1plus -quiet -v -imultiarch x86_64-linux-gnu -D_GNU_SOURCE /usr/share/cmake-3.22/Modules/CMakeCXXCompilerABI.cpp -quiet -dumpdir CMakeFiles/cmTC_ce503.dir/ -dumpbase CMakeCXXCompilerABI.cpp.cpp -dumpbase-ext .cpp -mtune=generic -march=x86-64 -version -fasynchronous-unwind-tables -fstack-protector-strong -Wformat -Wformat-security -fstack-clash-protection -fcf-protection -o /tmp/ccF3W1vh.s
GNU C++17 (Ubuntu 11.4.0-1ubuntu1~22.04.2) version 11.4.0 (x86_64-linux-gnu)
	compiled by GNU C version 11.4.0, GMP version 6.2.1, MPFR version 4.1.0, MPC version 1.2.1, isl version isl-0.24-GMP

GGC heuristics: --param ggc-min-expand=100 --param ggc-min-heapsize=131072
ignoring duplicate directory "/usr/include/x86_64-linux-gnu/c++/11"
ignoring nonexistent directory "/usr/local/include/x86_64-linux-gnu"
ignoring nonexistent directory "/usr/lib/gcc/x86_64-linux-gnu/11/include-fixed"
ignoring nonexistent directory "/usr/lib/gcc/x86_64-linux-gnu/11/../../../../x86_64-linux-gnu/include"
#include "..." search starts here:
#include <...> search starts here:
 /usr/include/c++/11
 /usr/include/x86_64-linux-gnu/c++/11
 /usr/include/c++/11/backward
 /usr/lib/gcc/x86_64-linux-gnu/11/include
 /usr/local/include
 /usr/include/x86_64-linux-gnu
 /usr/include
End of search list.
GNU C++17 (Ubuntu 11.4.0-1ubuntu1~22.04.2) version 11.4.0 (x86_64-linux-gnu)
	compiled by GNU C version 11.4.0, GMP version 6.2.1, MPFR version 4.1.0, MPC version 1.2.1, isl version isl-0.24-GMP

GGC heuristics: --param ggc-min-expand=100 --param ggc-min-heapsize=131072
Compiler executable checksum: 6c87588fc345655b93b8c25f48f88886
COLLECT_GCC_OPTIONS='-v' '-o' 'CMakeFiles/cmTC_ce503.dir/CMakeCXXCompilerABI.cpp.o' '-c' '-shared-libgcc' '-mtune=generic' '-march=x86-64' '-dumpdir' 'CMakeFiles/cmTC_ce503.dir/'
 as -v --64 -o CMakeFiles/cmTC_ce503.dir/CMakeCXXCompilerABI.cpp.o /tmp/ccF3W1vh.s
GNU assembler version 2.38 (x86_64-linux-gnu) using BFD version (GNU Binutils for Ubuntu) 2.38
COMPILER_PATH=/usr/lib/gcc/x86_64-linux-gnu/11/:/usr/lib/gcc/x86_64-linux-gnu/11/:/usr/lib/gcc/x86_64-linux-gnu/:/usr/lib/gcc/x86_64-linux-gnu/11/:/usr/lib/gcc/x86_64-linux-gnu/
LIBRARY_PATH=/usr/lib/gcc/x86_64-linux-gnu/11/:/usr/lib/gcc/x86_64-linux-gnu/11/../../../x86_64-linux-gnu/:/usr/lib/gcc/x86_64-linux-gnu/11/../../../../lib/:/lib/x86_64-linux-gnu/:/lib/../lib/:/usr/lib/x86_64-linux-gnu/:/usr/lib/../lib/:/usr/lib/gcc/x86_64-linux-gnu/11/../../../:/lib/:/usr/lib/
COLLECT_GCC_OPTIONS='-v' '-o' 'CMakeFiles/cmTC_ce503.dir/CMakeCXXCompilerABI.cpp.o' '-c' '-shared-libgcc' '-mtune=generic' '-march=x86-64' '-dumpdir' 'CMakeFiles/cmTC_ce503.dir/CMakeCXXCompilerABI.cpp.'
Linking CXX executable cmTC_ce503
/usr/bin/cmake -E cmake_link_script CMakeFiles/cmTC_ce503.dir/link.txt --verbose=1
/usr/bin/c++  -v CMakeFiles/cmTC_ce503.dir/CMakeCXXCompilerABI.cpp.o -o cmTC_ce503 
Using built-in specs.
COLLECT_GCC=/usr/bin/c++
COLLECT_LTO_WRAPPER=/usr/lib/gcc/x86_64-linux-gnu/11/lto-wrapper
OFFLOAD_TARGET_NAMES=nvptx-none:amdgcn-amdhsa
OFFLOAD_TARGET_DEFAULT=1
Target: x86_64-linux-gnu
Configured with: ../src/configure -v --with-pkgversion='Ubuntu 11.4.0-1ubuntu1~22.04.2' --with-bugurl=file:///usr/share/doc/gcc-11/README.Bugs --enable-languages=c,ada,c++,go,brig,d,fortran,objc,obj-c++,m2 --prefix=/usr --with-gcc-major-version-only --program-suffix=-11 --program-prefix=x86_64-linux-gnu- --enable-shared --enable-linker-build-id --libexecdir=/usr/lib --without-included-gettext --enable-threads=posix --libdir=/usr/lib --enable-nls --enable-bootstrap --enable-clocale=gnu --enable-libstdcxx-debug --enable-libstdcxx-time=yes --with-default-libstdcxx-abi=new --enable-gnu-unique-object --disable-vtable-verify --enable-plugin --enable-default-pie --with-system-zlib --enable-libphobos-checking=release --with-target-system-zlib=auto --enable-objc-gc=auto --enable-multiarch --disable-werror --enable-cet --with-arch-32=i686 --with-abi=m64 --with-multilib-list=m32,m64,mx32 --enable-multilib --with-tune=generic --enable-offload-targets=nvptx-none=/build/gcc-11-2Y5pKs/gcc-11-11.4.0/debian/tmp-nvptx/usr,amdgcn-amdhsa=/build/gcc-11-2Y5pKs/gcc-11-11.4.0/debian/tmp-gcn/usr --without-cuda-driver --enable-checking=release --build=x86_64-linux-gnu --host=x86_64-linux-gnu --target=x86_64-linux-gnu --with-build-config=bootstrap-lto-lean --enable-link-serialization=2
Thread model: posix
Supported LTO compression algorithms: zlib zstd
gcc version 11.4.0 (Ubuntu 11.4.0-1ubuntu1~22.04.2) 
COMPILER_PATH=/usr/lib/gcc/x86_64-linux-gnu/11/:/usr/lib/gcc/x86_64-linux-gnu/11/:/usr/lib/gcc/x86_64-linux-gnu/:/usr/lib/gcc/x86_64-linux-gnu/11/:/usr/lib/gcc/x86_64-linux-gnu/
LIBRARY_PATH=/usr/lib/gcc/x86_64-linux-gnu/11/:/usr/lib/gcc/x86_64-linux-gnu/11/../../../x86_64-linux-gnu/:/usr/lib/gcc/x86_64-linux-gnu/11/../../../../lib/:/lib/x86_64-linux-gnu/:/lib/../lib/:/usr/lib/x86_64-linux-gnu/:/usr/lib/../lib/:/usr/lib/gcc/x86_64-linux-gnu/11/../../../:/lib/:/usr/lib/
COLLECT_GCC_OPTIONS='-v' '-o' 'cmTC_ce503' '-shared-libgcc' '-mtune=generic' '-march=x86-64' '-dumpdir' 'cmTC_ce503.'
 /usr/lib/gcc/x86_64-linux-gnu/11/collect2 -plugin /usr/lib/gcc/x86_64-linux-gnu/11/liblto_plugin.so -plugin-opt=/usr/lib/gcc/x86_64-linux-gnu/11/lto-wrapper -plugin-opt=-fresolution=/tmp/ccSRFfaG.res -plugin-opt=-pass-through=-lgcc_s -plugin-opt=-pass-through=-lgcc -plugin-opt=-pass-through=-lc -plugin-opt=-pass-through=-lgcc_s -plugin-opt=-pass-through=-lgcc --build-id --eh-frame-hdr -m elf_x86_64 --hash-style=gnu --as-needed -dynamic-linker /lib64/ld-linux-x86-64.so.2 -pie -z now -z relro -o cmTC_ce503 /usr/lib/gcc/x86_64-linux-gnu/11/../../../x86_64-linux-gnu/Scrt1.o /usr/lib/gcc/x86_64-linux-gnu/11/../../../x86_64-linux-gnu/crti.o /usr/lib/gcc/x86_64-linux-gnu/11/crtbeginS.o -L/usr/lib/gcc/x86_64-linux-gnu/11 -L/usr/lib/gcc/x86_64-linux-gnu/11/../../../x86_64-linux-gnu -L/usr/lib/gcc/x86_64-linux-gnu/11/../../../../lib -L/lib/x86_64-linux-gnu -L/lib/../lib -L/usr/lib/x86_64-linux-gnu -L/usr/lib/../lib -L/usr/lib/gcc/x86_64-linux-gnu/11/../../.. CMakeFiles/cmTC_ce503.dir/CMakeCXXCompilerABI.cpp.o -lstdc++ -lm -lgcc_s -lgcc -lc -lgcc_s -lgcc /usr/lib/gcc/x86_64-linux-gnu/11/crtendS.o /usr/lib/gcc/x86_64-linux-gnu/11/../../../x86_64-linux-gnu/crtn.o
COLLECT_GCC_OPTIONS='-v' '-o' 'cmTC_ce503' '-shared-libgcc' '-mtune=generic' '-march=x86-64' '-dumpdir' 'cmTC_ce503.'
gmake[4]: Leaving directory '/workspace/linux/clang-quickstart/vscode/code/storage_project/index/demo/build_orc/orc/zstd_ep-prefix/src/zstd_ep-build/CMakeFiles/CMakeTmp'
gmake[3]: Leaving directory '/workspace/linux/clang-quickstart/vscode/code/storage_project/index/demo/build_orc/orc/zstd_ep-prefix/src/zstd_ep-build/CMakeFiles/CMakeTmp'



Parsed CXX implicit include dir info from above output: rv=done
  found start of include info
  found start of implicit include info
    add: [/usr/include/c++/11]
    add: [/usr/include/x86_64-linux-gnu/c++/11]
    add: [/usr/include/c++/11/backward]
    add: [/usr/lib/gcc/x86_64-linux-gnu/11/include]
    add: [/usr/local/include]
    add: [/usr/include/x86_64-linux-gnu]
    add: [/usr/include]
  end of search list found
  collapse include dir [/usr/include/c++/11] ==> [/usr/include/c++/11]
  collapse include dir [/usr/include/x86_64-linux-gnu/c++/11] ==> [/usr/include/x86_64-linux-gnu/c++/11]
  collapse include dir [/usr/include/c++/11/backward] ==> [/usr/include/c++/11/backward]
  collapse include dir [/usr/lib/gcc/x86_64-linux-gnu/11/include] ==> [/usr/lib/gcc/x86_64-linux-gnu/11/include]
  collapse include dir [/usr/local/include] ==> [/usr/local/include]
  collapse include dir [/usr/include/x86_64-linux-gnu] ==> [/usr/include/x86_64-linux-gnu]
  collapse include dir [/usr/include] ==> [/usr/include]
  implicit include dirs: [/usr/include/c++/11;/usr/include/x86_64-linux-gnu/c++/11;/usr/include/c++/11/backward;/usr/lib/gcc/x86_64-linux-gnu/11/include;/usr/local/include;/usr/include/x86_64-linux-gnu;/usr/include]


Parsed CXX implicit link information from above output:
  link line regex: [^( *|.*[/\])(ld|CMAKE_LINK_STARTFILE-NOTFOUND|([^/\]+-)?ld|collect2)[^/\]*( |$)]
  ignore line: [Change Dir: /workspace/linux/clang-quickstart/vscode/code/storage_project/index/demo/build_orc/orc/zstd_ep-prefix/src/zstd_ep-build/CMakeFiles/CMakeTmp]
  ignore line: []
  ignore line: [Run Build Command(s):/usr/bin/gmake -f Makefile cmTC_ce503/fast && gmake[3]: Entering directory '/workspace/linux/clang-quickstart/vscode/code/storage_project/index/demo/build_orc/orc/zstd_ep-prefix/src/zstd_ep-build/CMakeFiles/CMakeTmp']
  ignore line: [/usr/bin/gmake  -f CMakeFiles/cmTC_ce503.dir/build.make CMakeFiles/cmTC_ce503.dir/build]
  ignore line: [gmake[4]: Entering directory '/workspace/linux/clang-quickstart/vscode/code/storage_project/index/demo/build_orc/orc/zstd_ep-prefix/src/zstd_ep-build/CMakeFiles/CMakeTmp']
  ignore line: [Building CXX object CMakeFiles/cmTC_ce503.dir/CMakeCXXCompilerABI.cpp.o]
  ignore line: [/usr/bin/c++   -v -o CMakeFiles/cmTC_ce503.dir/CMakeCXXCompilerABI.cpp.o -c /usr/share/cmake-3.22/Modules/CMakeCXXCompilerABI.cpp]
  ignore line: [Using built-in specs.]
  ignore line: [COLLECT_GCC=/usr/bin/c++]
  ignore line: [OFFLOAD_TARGET_NAMES=nvptx-none:amdgcn-amdhsa]
  ignore line: [OFFLOAD_TARGET_DEFAULT=1]
  ignore line: [Target: x86_64-linux-gnu]
  ignore line: [Configured with: ../src/configure -v --with-pkgversion='Ubuntu 11.4.0-1ubuntu1~22.04.2' --with-bugurl=file:///usr/share/doc/gcc-11/README.Bugs --enable-languages=c ada c++ go brig d fortran objc obj-c++ m2 --prefix=/usr --with-gcc-major-version-only --program-suffix=-11 --program-prefix=x86_64-linux-gnu- --enable-shared --enable-linker-build-id --libexecdir=/usr/lib --without-included-gettext --enable-threads=posix --libdir=/usr/lib --enable-nls --enable-bootstrap --enable-clocale=gnu --enable-libstdcxx-debug --enable-libstdcxx-time=yes --with-default-libstdcxx-abi=new --enable-gnu-unique-object --disable-vtable-verify --enable-plugin --enable-default-pie --with-system-zlib --enable-libphobos-checking=release --with-target-system-zlib=auto --enable-objc-gc=auto --enable-multiarch --disable-werror --enable-cet --with-arch-32=i686 --with-abi=m64 --with-multilib-list=m32 m64 mx32 --enable-multilib --with-tune=generic --enable-offload-targets=nvptx-none=/build/gcc-11-2Y5pKs/gcc-11-11.4.0/debian/tmp-nvptx/usr amdgcn-amdhsa=/build/gcc-11-2Y5pKs/gcc-11-11.4.0/debian/tmp-gcn/usr --without-cuda-driver --enable-checking=release --build=x86_64-linux-gnu --host=x86_64-linux-gnu --target=x86_64-linux-gnu --with-build-config=bootstrap-lto-lean --enable-link-serialization=2]
  ignore line: [Thread model: posix]
  ignore line: [Supported LTO compression algorithms: zlib zstd]
  ignore line: [gcc version 11.4.0 (Ubuntu 11.4.0-1ubuntu1~22.04.2) ]
  ignore line: [COLLECT_GCC_OPTIONS='-v' '-o' 'CMakeFiles/cmTC_ce503.dir/CMakeCXXCompilerABI.cpp.o' '-c' '-shared-libgcc' '-mtune=generic' '-march=x86-64' '-dumpdir' 'CMakeFiles/cmTC_ce503.dir/']
  ignore line: [ /usr/lib/gcc/x86_64-linux-gnu/11/cc1plus -quiet -v -imultiarch x86_64-linux-gnu -D_GNU_SOURCE /usr/share/cmake-3.22/Modules/CMakeCXXCompilerABI.cpp -quiet -dumpdir CMakeFiles/cmTC_ce503.dir/ -dumpbase CMakeCXXCompilerABI.cpp.cpp -dumpbase-ext .cpp -mtune=generic -march=x86-64 -version -fasynchronous-unwind-tables -fstack-protector-strong -Wformat -Wformat-security -fstack-clash-protection -fcf-protection -o /tmp/ccF3W1vh.s]
  ignore line: [GNU C++17 (Ubuntu 11.4.0-1ubuntu1~22.04.2) version 11.4.0 (x86_64-linux-gnu)]
  ignore line: [	compiled by GNU C version 11.4.0  GMP version 6.2.1  MPFR version 4.1.0  MPC version 1.2.1  isl version isl-0.24-GMP]
  ignore line: []
  ignore line: [GGC heuristics: --param ggc-min-expand=100 --param ggc-min-heapsize=131072]
  ignore line: [ignoring duplicate directory "/usr/include/x86_64-linux-gnu/c++/11"]
  ignore line: [ignoring nonexistent directory "/usr/local/include/x86_64-linux-gnu"]
  ignore line: [ignoring nonexistent directory "/usr/lib/gcc/x86_64-linux-gnu/11/include-fixed"]
  ignore line: [ignoring nonexistent directory "/usr/lib/gcc/x86_64-linux-gnu/11/../../../../x86_64-linux-gnu/include"]
  ignore line: [#include "..." search starts here:]
  ignore line: [#include <...> search starts here:]
  ignore line: [ /usr/include/c++/11]
  ignore line: [ /usr/include/x86_64-linux-gnu/c++/11]
  ignore line: [ /usr/include/c++/11/backward]
  ignore line: [ /usr/lib/gcc/x86_64-linux-gnu/11/include]
  ignore line: [ /usr/local/include]
  ignore line: [ /usr/include/x86_64-linux-gnu]
  ignore line: [ /usr/include]
  ignore line: [End of search list.]
  ignore line: [GNU C++17 (Ubuntu 11.4.0-1ubuntu1~22.04.2) version 11.4.0 (x86_64-linux-gnu)]
  ignore line: [	compiled by GNU C version 11.4.0  GMP version 6.2.1  MPFR version 4.1.0  MPC version 1.2.1  isl version isl-0.24-GMP]
  ignore line: []
  ignore line: [GGC heuristics: --param ggc-min-expand=100 --param ggc-min-heapsize=131072]
  ignore line: [Compiler executable checksum: 6c87588fc345655b93b8c25f48f88886]
  ignore line: [COLLECT_GCC_OPTIONS='-v' '-o' 'CMakeFiles/cmTC_ce503.dir/CMakeCXXCompilerABI.cpp.o' '-c' '-shared-libgcc' '-mtune=generic' '-march=x86-64' '-dumpdir' 'CMakeFiles/cmTC_ce503.dir/']
  ignore line: [ as -v --64 -o CMakeFiles/cmTC_ce503.dir/CMakeCXXCompilerABI.cpp.o /tmp/ccF3W1vh.s]
  ignore line: [GNU assembler version 2.38 (x86_64-linux-gnu) using BFD version (GNU Binutils for Ubuntu) 2.38]
  ignore line: [COMPILER_PATH=/usr/lib/gcc/x86_64-linux-gnu/11/:/usr/lib/gcc/x86_64-linux-gnu/11/:/usr/lib/gcc/x86_64-linux-gnu/:/usr/lib/gcc/x86_64-linux-gnu/11/:/usr/lib/gcc/x86_64-linux-gnu/]
  ignore line: [LIBRARY_PATH=/usr/lib/gcc/x86_64-linux-gnu/11/:/usr/lib/gcc/x86_64-linux-gnu/11/../../../x86_64-linux-gnu/:/usr/lib/gcc/x86_64-linux-gnu/11/../../../../lib/:/lib/x86_64-linux-gnu/:/lib/../lib/:/usr/lib/x86_64-linux-gnu/:/usr/lib/../lib/:/usr/lib/gcc/x86_64-linux-gnu/11/../../../:/lib/:/usr/lib/]
  ignore line: [COLLECT_GCC_OPTIONS='-v' '-o' 'CMakeFiles/cmTC_ce503.dir/CMakeCXXCompilerABI.cpp.o' '-c' '-shared-libgcc' '-mtune=generic' '-march=x86-64' '-dumpdir' 'CMakeFiles/cmTC_ce503.dir/CMakeCXXCompilerABI.cpp.']
  ignore line: [Linking CXX executable cmTC_ce503]
  ignore line: [/usr/bin/cmake -E cmake_link_script CMakeFiles/cmTC_ce503.dir/link.txt --verbose=1]
  ignore line: [/usr/bin/c++  -v CMakeFiles/cmTC_ce503.dir/CMakeCXXCompilerABI.cpp.o -o cmTC_ce503 ]
  ignore line: [Using built-in specs.]
  ignore line: [COLLECT_GCC=/usr/bin/c++]
  ignore line: [COLLECT_LTO_WRAPPER=/usr/lib/gcc/x86_64-linux-gnu/11/lto-wrapper]
  ignore line: [OFFLOAD_TARGET_NAMES=nvptx-none:amdgcn-amdhsa]
  ignore line: [OFFLOAD_TARGET_DEFAULT=1]
  ignore line: [Target: x86_64-linux-gnu]
  ignore line: [Configured with: ../src/configure -v --with-pkgversion='Ubuntu 11.4.0-1ubuntu1~22.04.2' --with-bugurl=file:///usr/share/doc/gcc-11/README.Bugs --enable-languages=c ada c++ go brig d fortran objc obj-c++ m2 --prefix=/usr --with-gcc-major-version-only --program-suffix=-11 --program-prefix=x86_64-linux-gnu- --enable-shared --enable-linker-build-id --libexecdir=/usr/lib --without-included-gettext --enable-threads=posix --libdir=/usr/lib --enable-nls --enable-bootstrap --enable-clocale=gnu --enable-libstdcxx-debug --enable-libstdcxx-time=yes --with-default-libstdcxx-abi=new --enable-gnu-unique-object --disable-vtable-verify --enable-plugin --enable-default-pie --with-system-zlib --enable-libphobos-checking=release --with-target-system-zlib=auto --enable-objc-gc=auto --enable-multiarch --disable-werror --enable-cet --with-arch-32=i686 --with-abi=m64 --with-multilib-list=m32 m64 mx32 --enable-multilib --with-tune=generic --enable-offload-targets=nvptx-none=/build/gcc-11-2Y5pKs/gcc-11-11.4.0/debian/tmp-nvptx/usr amdgcn-amdhsa=/build/gcc-11-2Y5pKs/gcc-11-11.4.0/debian/tmp-gcn/usr --without-cuda-driver --enable-checking=release --build=x86_64-linux-gnu --host=x86_64-linux-gnu --target=x86_64-linux-gnu --with-build-config=bootstrap-lto-lean --enable-link-serialization=2]
  ignore line: [Thread model: posix]
  ignore line: [Supported LTO compression algorithms: zlib zstd]
  ignore line: [gcc version 11.4.0 (Ubuntu 11.4.0-1ubuntu1~22.04.2) ]
  ignore line: [COMPILER_PATH=/usr/lib/gcc/x86_64-linux-gnu/11/:/usr/lib/gcc/x86_64-linux-gnu/11/:/usr/lib/gcc/x86_64-linux-gnu/:/usr/lib/gcc/x86_64-linux-gnu/11/:/usr/lib/gcc/x86_64-linux-gnu/]
  ignore line: [LIBRARY_PATH=/usr/lib/gcc/x86_64-linux-gnu/11/:/usr/lib/gcc/x86_64-linux-gnu/11/../../../x86_64-linux-gnu/:/usr/lib/gcc/x86_64-linux-gnu/11/../../../../lib/:/lib/x86_64-linux-gnu/:/lib/../lib/:/usr/lib/x86_64-linux-gnu/:/usr/lib/../lib/:/usr/lib/gcc/x86_64-linux-gnu/11/../../../:/lib/:/usr/lib/]
  ignore line: [COLLECT_GCC_OPTIONS='-v' '-o' 'cmTC_ce503' '-shared-libgcc' '-mtune=generic' '-march=x86-64' '-dumpdir' 'cmTC_ce503.']
  link line: [ /usr/lib/gcc/x86_64-linux-gnu/11/collect2 -plugin /usr/lib/gcc/x86_64-linux-gnu/11/liblto_plugin.so -plugin-opt=/usr/lib/gcc/x86_64-linux-gnu/11/lto-wrapper -plugin-opt=-fresolution=/tmp/ccSRFfaG.res -plugin-opt=-pass-through=-lgcc_s -plugin-opt=-pass-through=-lgcc -plugin-opt=-pass-through=-lc -plugin-opt=-pass-through=-lgcc_s -plugin-opt=-pass-through=-lgcc --build-id --eh-frame-hdr -m elf_x86_64 --hash-style=gnu --as-needed -dynamic-linker /lib64/ld-linux-x86-64.so.2 -pie -z now -z relro -o cmTC_ce503 /usr/lib/gcc/x86_64-linux-gnu/11/../../../x86_64-linux-gnu/Scrt1.o /usr/lib/gcc/x86_64-linux-gnu/11/../../../x86_64-linux-gnu/crti.o /usr/lib/gcc/x86_64-linux-gnu/11/crtbeginS.o -L/usr/lib/gcc/x86_64-linux-gnu/11 -L/usr/lib/gcc/x86_64-linux-gnu/11/../../../x86_64-linux-gnu -L/usr/lib/gcc/x86_64-linux-gnu/11/../../../../lib -L/lib/x86_64-linux-gnu -L/lib/../lib -L/usr/lib/x86_64-linux-gnu -L/usr/lib/../lib -L/usr/lib/gcc/x86_64-linux-gnu/11/../../.. CMakeFiles/cmTC_ce503.dir/CMakeCXXCompilerABI.cpp.o -lstdc++ -lm -lgcc_s -lgcc -lc -lgcc_s -lgcc /usr/lib/gcc/x86_64-linux-gnu/11/crtendS.o /usr/lib/gcc/x86_64-linux-gnu/11/../../../x86_64-linux-gnu/crtn.o]
    arg [/usr/lib/gcc/x86_64-linux-gnu/11/collect2] ==> ignore
    arg [-plugin] ==> ignore
    arg [/usr/lib/gcc/x86_64-linux-gnu/11/liblto_plugin.so] ==> ignore
    arg [-plugin-opt=/usr/lib/gcc/x86_64-linux-gnu/11/lto-wrapper] ==> ignore
    arg [-plugin-opt=-fresolution=/tmp/ccSRFfaG.res] ==> ignore
    arg [-plugin-opt=-pass-through=-lgcc_s] ==> ignore
    arg [-plugin-opt=-pass-through=-lgcc] ==> ignore
    arg [-plugin-opt=-pass-through=-lc] ==> ignore
    arg [-plugin-opt=-pass-through=-lgcc_s] ==> ignore
    arg [-plugin-opt=-pass-through=-lgcc] ==> ignore
    arg [--build-id] ==> ignore
    arg [--eh-frame-hdr] ==> ignore
    arg [-m] ==> ignore
    arg [elf_x86_64] ==> ignore
    arg [--hash-style=gnu] ==> ignore
    arg [--as-needed] ==> ignore
    arg [-dynamic-linker] ==> ignore
    arg [/lib64/ld-linux-x86-64.so.2] ==> ignore
    arg [-pie] ==> ignore
    arg [-znow] ==> ignore
    arg [-zrelro] ==> ignore
    arg [-o] ==> ignore
    arg [cmTC_ce503] ==> ignore
    arg [/usr/lib/gcc/x86_64-linux-gnu/11/../../../x86_64-linux-gnu/Scrt1.o] ==> obj [/usr/lib/gcc/x86_64-linux-gnu/11/../../../x86_64-linux-gnu/Scrt1.o]
    arg [/usr/lib/gcc/x86_64-linux-gnu/11/../../../x86_64-linux-gnu/crti.o] ==> obj [/usr/lib/gcc/x86_64-linux-gnu/11/../../../x86_64-linux-gnu/crti.o]
    arg [/usr/lib/gcc/x86_64-linux-gnu/11/crtbeginS.o] ==> obj [/usr/lib/gcc/x86_64-linux-gnu/11/crtbeginS.o]
    arg [-L/usr/lib/gcc/x86_64-linux-gnu/11] ==> dir [/usr/lib/gcc/x86_64-linux-gnu/11]
    arg [-L/usr/lib/gcc/x86_64-linux-gnu/11/../../../x86_64-linux-gnu] ==> dir [/usr/lib/gcc/x86_64-linux-gnu/11/../../../x86_64-linux-gnu]
    arg [-L/usr/lib/gcc/x86_64-linux-gnu/11/../../../../lib] ==> dir [/usr/lib/gcc/x86_64-linux-gnu/11/../../../../lib]
    arg [-L/lib/x86_64-linux-gnu] ==> dir [/lib/x86_64-linux-gnu]
    arg [-L/lib/../lib] ==> dir [/lib/../lib]
    arg [-L/usr/lib/x86_64-linux-gnu] ==> dir [/usr/lib/x86_64-linux-gnu]
    arg [-L/usr/lib/../lib] ==> dir [/usr/lib/../lib]
    arg [-L/usr/lib/gcc/x86_64-linux-gnu/11/../../..] ==> dir [/usr/lib/gcc/x86_64-linux-gnu/11/../../..]
    arg [CMakeFiles/cmTC_ce503.dir/CMakeCXXCompilerABI.cpp.o] ==> ignore
    arg [-lstdc++] ==> lib [stdc++]
    arg [-lm] ==> lib [m]
    arg [-lgcc_s] ==> lib [gcc_s]
    arg [-lgcc] ==> lib [gcc]
    arg [-lc] ==> lib [c]
    arg [-lgcc_s] ==> lib [gcc_s]
    arg [-lgcc] ==> lib [gcc]
    arg [/usr/lib/gcc/x86_64-linux-gnu/11/crtendS.o] ==> obj [/usr/lib/gcc/x86_64-linux-gnu/11/crtendS.o]
    arg [/usr/lib/gcc/x86_64-linux-gnu/11/../../../x86_64-linux-gnu/crtn.o] ==> obj [/usr/lib/gcc/x86_64-linux-gnu/11/../../../x86_64-linux-gnu/crtn.o]
  collapse obj [/usr/lib/gcc/x86_64-linux-gnu/11/../../../x86_64-linux-gnu/Scrt1.o] ==> [/usr/lib/x86_64-linux-gnu/Scrt1.o]
  collapse obj [/usr/lib/gcc/x86_64-linux-gnu/11/../../../x86_64-linux-gnu/crti.o] ==> [/usr/lib/x86_64-linux-gnu/crti.o]
  collapse obj [/usr/lib/gcc/x86_64-linux-gnu/11/../../../x86_64-linux-gnu/crtn.o] ==> [/usr/lib/x86_64-linux-gnu/crtn.o]
  collapse library dir [/usr/lib/gcc/x86_64-linux-gnu/11] ==> [/usr/lib/gcc/x86_64-linux-gnu/11]
  collapse library dir [/usr/lib/gcc/x86_64-linux-gnu/11/../../../x86_64-linux-gnu] ==> [/usr/lib/x86_64-linux-gnu]
  collapse library dir [/usr/lib/gcc/x86_64-linux-gnu/11/../../../../lib] ==> [/usr/lib]
  collapse library dir [/lib/x86_64-linux-gnu] ==> [/lib/x86_64-linux-gnu]
  collapse library dir [/lib/../lib] ==> [/lib]
  collapse library dir [/usr/lib/x86_64-linux-gnu] ==> [/usr/lib/x86_64-linux-gnu]
  collapse library dir [/usr/lib/../lib] ==> [/usr/lib]
  collapse library dir [/usr/lib/gcc/x86_64-linux-gnu/11/../../..] ==> [/usr/lib]
  implicit libs: [stdc++;m;gcc_s;gcc;c;gcc_s;gcc]
  implicit objs: [/usr/lib/x86_64-linux-gnu/Scrt1.o;/usr/lib/x86_64-linux-gnu/crti.o;/usr/lib/gcc/x86_64-linux-gnu/11/crtbeginS.o;/usr/lib/gcc/x86_64-linux-gnu/11/crtendS.o;/usr/lib/x86_64-linux-gnu/crtn.o]
  implicit dirs: [/usr/lib/gcc/x86_64-linux-gnu/11;/usr/lib/x86_64-linux-gnu;/usr/lib;/lib/x86_64-linux-gnu;/lib]
  implicit fwks: []


Performing C SOURCE FILE Test C_FLAG_WALL succeeded with the following output:
Change Dir: /workspace/linux/clang-quickstart/vscode/code/storage_project/index/demo/build_orc/orc/zstd_ep-prefix/src/zstd_ep-build/CMakeFiles/CMakeTmp

Run Build Command(s):/usr/bin/gmake -f Makefile cmTC_5936c/fast && gmake[3]: Entering directory '/workspace/linux/clang-quickstart/vscode/code/storage_project/index/demo/build_orc/orc/zstd_ep-prefix/src/zstd_ep-build/CMakeFiles/CMakeTmp'
/usr/bin/gmake  -f CMakeFiles/cmTC_5936c.dir/build.make CMakeFiles/cmTC_5936c.dir/build
gmake[4]: Entering directory '/workspace/linux/clang-quickstart/vscode/code/storage_project/index/demo/build_orc/orc/zstd_ep-prefix/src/zstd_ep-build/CMakeFiles/CMakeTmp'
Building C object CMakeFiles/cmTC_5936c.dir/src.c.o
/usr/bin/cc -DC_FLAG_WALL  -Wall -o CMakeFiles/cmTC_5936c.dir/src.c.o -c /workspace/linux/clang-quickstart/vscode/code/storage_project/index/demo/build_orc/orc/zstd_ep-prefix/src/zstd_ep-build/CMakeFiles/CMakeTmp/src.c
Linking C executable cmTC_5936c
/usr/bin/cmake -E cmake_link_script CMakeFiles/cmTC_5936c.dir/link.txt --verbose=1
/usr/bin/cc CMakeFiles/cmTC_5936c.dir/src.c.o -o cmTC_5936c 
gmake[4]: Leaving directory '/workspace/linux/clang-quickstart/vscode/code/storage_project/index/demo/build_orc/orc/zstd_ep-prefix/src/zstd_ep-build/CMakeFiles/CMakeTmp'
gmake[3]: Leaving directory '/workspace/linux/clang-quickstart/vscode/code/storage_project/index/demo/build_orc/orc/zstd_ep-prefix/src/zstd_ep-build/CMakeFiles/CMakeTmp'


Source file was:
int main(void) { return 0; }
Performing C++ SOURCE FILE Test CXX_FLAG_WALL succeeded with the following output:
Change Dir: /workspace/linux/clang-quickstart/vscode/code/storage_project/index/demo/build_orc/orc/zstd_ep-prefix/src/zstd_ep-build/CMakeFiles/CMakeTmp

Run Build Command(s):/usr/bin/gmake -f Makefile cmTC_72f15/fast && gmake[3]: Entering directory '/workspace/linux/clang-quickstart/vscode/code/storage_project/index/demo/build_orc/orc/zstd_ep-prefix/src/zstd_ep-build/CMakeFiles/CMakeTmp'
/usr/bin/gmake  -f CMakeFiles/cmTC_72f15.dir/build.make CMakeFiles/cmTC_72f15.dir/build
gmake[4]: Entering directory '/workspace/linux/clang-quickstart/vscode/code/storage_project/index/demo/build_orc/orc/zstd_ep-prefix/src/zstd_ep-build/CMakeFiles/CMakeTmp'
Building CXX object CMakeFiles/cmTC_72f15.dir/src.cxx.o
/usr/bin/c++ -DCXX_FLAG_WALL  -Wall -o CMakeFiles/cmTC_72f15.dir/src.cxx.o -c /workspace/linux/clang-quickstart/vscode/code/storage_project/index/demo/build_orc/orc/zstd_ep-prefix/src/zstd_ep-build/CMakeFiles/CMakeTmp/src.cxx
Linking CXX executable cmTC_72f15
/usr/bin/cmake -E cmake_link_script CMakeFiles/cmTC_72f15.dir/link.txt --verbose=1
/usr/bin/c++ CMakeFiles/cmTC_72f15.dir/src.cxx.o -o cmTC_72f15 
gmake[4]: Leaving directory '/workspace/linux/clang-quickstart/vscode/code/storage_project/index/demo/build_orc/orc/zstd_ep-prefix/src/zstd_ep-build/CMakeFiles/CMakeTmp'
gmake[3]: Leaving directory '/workspace/linux/clang-quickstart/vscode/code/storage_project/index/demo/build_orc/orc/zstd_ep-prefix/src/zstd_ep-build/CMakeFiles/CMakeTmp'


Source file was:
int main() { return 0; }
Performing C SOURCE FILE Test C_FLAG_WEXTRA succeeded with the following output:
Change Dir: /workspace/linux/clang-quickstart/vscode/code/storage_project/index/demo/build_orc/orc/zstd_ep-prefix/src/zstd_ep-build/CMakeFiles/CMakeTmp

Run Build Command(s):/usr/bin/gmake -f Makefile cmTC_f8bb6/fast && gmake[3]: Entering directory '/workspace/linux/clang-quickstart/vscode/code/storage_project/index/demo/build_orc/orc/zstd_ep-prefix/src/zstd_ep-build/CMakeFiles/CMakeTmp'
/usr/bin/gmake  -f CMakeFiles/cmTC_f8bb6.dir/build.make CMakeFiles/cmTC_f8bb6.dir/build
gmake[4]: Entering directory '/workspace/linux/clang-quickstart/vscode/code/storage_project/index/demo/build_orc/orc/zstd_ep-prefix/src/zstd_ep-build/CMakeFiles/CMakeTmp'
Building C object CMakeFiles/cmTC_f8bb6.dir/src.c.o
/usr/bin/cc -DC_FLAG_WEXTRA  -Wall    -Wextra -o CMakeFiles/cmTC_f8bb6.dir/src.c.o -c /workspace/linux/clang-quickstart/vscode/code/storage_project/index/demo/build_orc/orc/zstd_ep-prefix/src/zstd_ep-build/CMakeFiles/CMakeTmp/src.c
Linking C executable cmTC_f8bb6
/usr/bin/cmake -E cmake_link_script CMakeFiles/cmTC_f8bb6.dir/link.txt --verbose=1
/usr/bin/cc  -Wall  CMakeFiles/cmTC_f8bb6.dir/src.c.o -o cmTC_f8bb6 
gmake[4]: Leaving directory '/workspace/linux/clang-quickstart/vscode/code/storage_project/index/demo/build_orc/orc/zstd_ep-prefix/src/zstd_ep-build/CMakeFiles/CMakeTmp'
gmake[3]: Leaving directory '/workspace/linux/clang-quickstart/vscode/code/storage_project/index/demo/build_orc/orc/zstd_ep-prefix/src/zstd_ep-build/CMakeFiles/CMakeTmp'


Source file was:
int main(void) { return 0; }
Performing C++ SOURCE FILE Test CXX_FLAG_WEXTRA succeeded with the following output:
Change Dir: /workspace/linux/clang-quickstart/vscode/code/storage_project/index/demo/build_orc/orc/zstd_ep-prefix/src/zstd_ep-build/CMakeFiles/CMakeTmp

Run Build Command(s):/usr/bin/gmake -f Makefile cmTC_aa58f/fast && gmake[3]: Entering directory '/workspace/linux/clang-quickstart/vscode/code/storage_project/index/demo/build_orc/orc/zstd_ep-prefix/src/zstd_ep-build/CMakeFiles/CMakeTmp'
/usr/bin/gmake  -f CMakeFiles/cmTC_aa58f.dir/build.make CMakeFiles/cmTC_aa58f.dir/build
gmake[4]: Entering directory '/workspace/linux/clang-quickstart/vscode/code/storage_project/index/demo/build_orc/orc/zstd_ep-prefix/src/zstd_ep-build/CMakeFiles/CMakeTmp'
Building CXX object CMakeFiles/cmTC_aa58f.dir/src.cxx.o
/usr/bin/c++ -DCXX_FLAG_WEXTRA  -Wall    -Wextra -o CMakeFiles/cmTC_aa58f.dir/src.cxx.o -c /workspace/linux/clang-quickstart/vscode/code/storage_project/index/demo/build_orc/orc/zstd_ep-prefix/src/zstd_ep-build/CMakeFiles/CMakeTmp/src.cxx
Linking CXX executable cmTC_aa58f
/usr/bin/cmake -E cmake_link_script CMakeFiles/cmTC_aa58f.dir/link.txt --verbose=1
/usr/bin/c++  -Wall  CMakeFiles/cmTC_aa58f.dir/src.cxx.o -o cmTC_aa58f 
gmake[4]: Leaving directory '/workspace/linux/clang-quickstart/vscode/code/storage_project/index/demo/build_orc/orc/zstd_ep-prefix/src/zstd_ep-build/CMakeFiles/CMakeTmp'
gmake[3]: Leaving directory '/workspace/linux/clang-quickstart/vscode/code/storage_project/index/demo/build_orc/orc/zstd_ep-prefix/src/zstd_ep-build/CMakeFiles/CMakeTmp'


Source file was:
int main() { return 0; }
Performing C SOURCE FILE Test C_FLAG_WUNDEF succeeded with the following output:
Change Dir: /workspace/linux/clang-quickstart/vscode/code/storage_project/index/demo/build_orc/orc/zstd_ep-prefix/src/zstd_ep-build/CMakeFiles/CMakeTmp

Run Build Command(s):/usr/bin/gmake -f Makefile cmTC_99725/fast && gmake[3]: Entering directory '/workspace/linux/clang-quickstart/vscode/code/storage_project/index/demo/build_orc/orc/zstd_ep-prefix/src/zstd_ep-build/CMakeFiles/CMakeTmp'
/usr/bin/gmake  -f CMakeFiles/cmTC_99725.dir/build.make CMakeFiles/cmTC_99725.dir/build
gmake[4]: Entering directory '/workspace/linux/clang-quickstart/vscode/code/storage_project/index/demo/build_orc/orc/zstd_ep-prefix/src/zstd_ep-build/CMakeFiles/CMakeTmp'
Building C object CMakeFiles/cmTC_99725.dir/src.c.o
/usr/bin/cc -DC_FLAG_WUNDEF  -Wall -Wextra    -Wundef -o CMakeFiles/cmTC_99725.dir/src.c.o -c /workspace/linux/clang-quickstart/vscode/code/storage_project/index/demo/build_orc/orc/zstd_ep-prefix/src/zstd_ep-build/CMakeFiles/CMakeTmp/src.c
Linking C executable cmTC_99725
/usr/bin/cmake -E cmake_link_script CMakeFiles/cmTC_99725.dir/link.txt --verbose=1
/usr/bin/cc  -Wall -Wextra  CMakeFiles/cmTC_99725.dir/src.c.o -o cmTC_99725 
gmake[4]: Leaving directory '/workspace/linux/clang-quickstart/vscode/code/storage_project/index/demo/build_orc/orc/zstd_ep-prefix/src/zstd_ep-build/CMakeFiles/CMakeTmp'
gmake[3]: Leaving directory '/workspace/linux/clang-quickstart/vscode/code/storage_project/index/demo/build_orc/orc/zstd_ep-prefix/src/zstd_ep-build/CMakeFiles/CMakeTmp'


Source file was:
int main(void) { return 0; }
Performing C++ SOURCE FILE Test CXX_FLAG_WUNDEF succeeded with the following output:
Change Dir: /workspace/linux/clang-quickstart/vscode/code/storage_project/index/demo/build_orc/orc/zstd_ep-prefix/src/zstd_ep-build/CMakeFiles/CMakeTmp

Run Build Command(s):/usr/bin/gmake -f Makefile cmTC_dae3d/fast && gmake[3]: Entering directory '/workspace/linux/clang-quickstart/vscode/code/storage_project/index/demo/build_orc/orc/zstd_ep-prefix/src/zstd_ep-build/CMakeFiles/CMakeTmp'
/usr/bin/gmake  -f CMakeFiles/cmTC_dae3d.dir/build.make CMakeFiles/cmTC_dae3d.dir/build
gmake[4]: Entering directory '/workspace/linux/clang-quickstart/vscode/code/storage_project/index/demo/build_orc/orc/zstd_ep-prefix/src/zstd_ep-build/CMakeFiles/CMakeTmp'
Building CXX object CMakeFiles/cmTC_dae3d.dir/src.cxx.o
/usr/bin/c++ -DCXX_FLAG_WUNDEF  -Wall -Wextra    -Wundef -o CMakeFiles/cmTC_dae3d.dir/src.cxx.o -c /workspace/linux/clang-quickstart/vscode/code/storage_project/index/demo/build_orc/orc/zstd_ep-prefix/src/zstd_ep-build/CMakeFiles/CMakeTmp/src.cxx
Linking CXX executable cmTC_dae3d
/usr/bin/cmake -E cmake_link_script CMakeFiles/cmTC_dae3d.dir/link.txt --verbose=1
/usr/bin/c++  -Wall -Wextra  CMakeFiles/cmTC_dae3d.dir/src.cxx.o -o cmTC_dae3d 
gmake[4]: Leaving directory '/workspace/linux/clang-quickstart/vscode/code/storage_project/index/demo/build_orc/orc/zstd_ep-prefix/src/zstd_ep-build/CMakeFiles/CMakeTmp'
gmake[3]: Leaving directory '/workspace/linux/clang-quickstart/vscode/code/storage_project/index/demo/build_orc/orc/zstd_ep-prefix/src/zstd_ep-build/CMakeFiles/CMakeTmp'


Source file was:
int main() { return 0; }
Performing C SOURCE FILE Test C_FLAG_WSHADOW succeeded with the following output:
Change Dir: /workspace/linux/clang-quickstart/vscode/code/storage_project/index/demo/build_orc/orc/zstd_ep-prefix/src/zstd_ep-build/CMakeFiles/CMakeTmp

Run Build Command(s):/usr/bin/gmake -f Makefile cmTC_609cc/fast && gmake[3]: Entering directory '/workspace/linux/clang-quickstart/vscode/code/storage_project/index/demo/build_orc/orc/zstd_ep-prefix/src/zstd_ep-build/CMakeFiles/CMakeTmp'
/usr/bin/gmake  -f CMakeFiles/cmTC_609cc.dir/build.make CMakeFiles/cmTC_609cc.dir/build
gmake[4]: Entering directory '/workspace/linux/clang-quickstart/vscode/code/storage_project/index/demo/build_orc/orc/zstd_ep-prefix/src/zstd_ep-build/CMakeFiles/CMakeTmp'
Building C object CMakeFiles/cmTC_609cc.dir/src.c.o
/usr/bin/cc -DC_FLAG_WSHADOW  -Wall -Wextra -Wundef    -Wshadow -o CMakeFiles/cmTC_609cc.dir/src.c.o -c /workspace/linux/clang-quickstart/vscode/code/storage_project/index/demo/build_orc/orc/zstd_ep-prefix/src/zstd_ep-build/CMakeFiles/CMakeTmp/src.c
Linking C executable cmTC_609cc
/usr/bin/cmake -E cmake_link_script CMakeFiles/cmTC_609cc.dir/link.txt --verbose=1
/usr/bin/cc  -Wall -Wextra -Wundef  CMakeFiles/cmTC_609cc.dir/src.c.o -o cmTC_609cc 
gmake[4]: Leaving directory '/workspace/linux/clang-quickstart/vscode/code/storage_project/index/demo/build_orc/orc/zstd_ep-prefix/src/zstd_ep-build/CMakeFiles/CMakeTmp'
gmake[3]: Leaving directory '/workspace/linux/clang-quickstart/vscode/code/storage_project/index/demo/build_orc/orc/zstd_ep-prefix/src/zstd_ep-build/CMakeFiles/CMakeTmp'


Source file was:
int main(void) { return 0; }
Performing C++ SOURCE FILE Test CXX_FLAG_WSHADOW succeeded with the following output:
Change Dir: /workspace/linux/clang-quickstart/vscode/code/storage_project/index/demo/build_orc/orc/zstd_ep-prefix/src/zstd_ep-build/CMakeFiles/CMakeTmp

Run Build Command(s):/usr/bin/gmake -f Makefile cmTC_d9d72/fast && gmake[3]: Entering directory '/workspace/linux/clang-quickstart/vscode/code/storage_project/index/demo/build_orc/orc/zstd_ep-prefix/src/zstd_ep-build/CMakeFiles/CMakeTmp'
/usr/bin/gmake  -f CMakeFiles/cmTC_d9d72.dir/build.make CMakeFiles/cmTC_d9d72.dir/build
gmake[4]: Entering directory '/workspace/linux/clang-quickstart/vscode/code/storage_project/index/demo/build_orc/orc/zstd_ep-prefix/src/zstd_ep-build/CMakeFiles/CMakeTmp'
Building CXX object CMakeFiles/cmTC_d9d72.dir/src.cxx.o
/usr/bin/c++ -DCXX_FLAG_WSHADOW  -Wall -Wextra -Wundef    -Wshadow -o CMakeFiles/cmTC_d9d72.dir/src.cxx.o -c /workspace/linux/clang-quickstart/vscode/code/storage_project/index/demo/build_orc/orc/zstd_ep-prefix/src/zstd_ep-build/CMakeFiles/CMakeTmp/src.cxx
Linking CXX executable cmTC_d9d72
/usr/bin/cmake -E cmake_link_script CMakeFiles/cmTC_d9d72.dir/link.txt --verbose=1
/usr/bin/c++  -Wall -Wextra -Wundef  CMakeFiles/cmTC_d9d72.dir/src.cxx.o -o cmTC_d9d72 
gmake[4]: Leaving directory '/workspace/linux/clang-quickstart/vscode/code/storage_project/index/demo/build_orc/orc/zstd_ep-prefix/src/zstd_ep-build/CMakeFiles/CMakeTmp'
gmake[3]: Leaving directory '/workspace/linux/clang-quickstart/vscode/code/storage_project/index/demo/build_orc/orc/zstd_ep-prefix/src/zstd_ep-build/CMakeFiles/CMakeTmp'


Source file was:
int main() { return 0; }
Performing C SOURCE FILE Test C_FLAG_WCAST_ALIGN succeeded with the following output:
Change Dir: /workspace/linux/clang-quickstart/vscode/code/storage_project/index/demo/build_orc/orc/zstd_ep-prefix/src/zstd_ep-build/CMakeFiles/CMakeTmp

Run Build Command(s):/usr/bin/gmake -f Makefile cmTC_da632/fast && gmake[3]: Entering directory '/workspace/linux/clang-quickstart/vscode/code/storage_project/index/demo/build_orc/orc/zstd_ep-prefix/src/zstd_ep-build/CMakeFiles/CMakeTmp'
/usr/bin/gmake  -f CMakeFiles/cmTC_da632.dir/build.make CMakeFiles/cmTC_da632.dir/build
gmake[4]: Entering directory '/workspace/linux/clang-quickstart/vscode/code/storage_project/index/demo/build_orc/orc/zstd_ep-prefix/src/zstd_ep-build/CMakeFiles/CMakeTmp'
Building C object CMakeFiles/cmTC_da632.dir/src.c.o
/usr/bin/cc -DC_FLAG_WCAST_ALIGN  -Wall -Wextra -Wundef -Wshadow    -Wcast-align -o CMakeFiles/cmTC_da632.dir/src.c.o -c /workspace/linux/clang-quickstart/vscode/code/storage_project/index/demo/build_orc/orc/zstd_ep-prefix/src/zstd_ep-build/CMakeFiles/CMakeTmp/src.c
Linking C executable cmTC_da632
/usr/bin/cmake -E cmake_link_script CMakeFiles/cmTC_da632.dir/link.txt --verbose=1
/usr/bin/cc  -Wall -Wextra -Wundef -Wshadow  CMakeFiles/cmTC_da632.dir/src.c.o -o cmTC_da632 
gmake[4]: Leaving directory '/workspace/linux/clang-quickstart/vscode/code/storage_project/index/demo/build_orc/orc/zstd_ep-prefix/src/zstd_ep-build/CMakeFiles/CMakeTmp'
gmake[3]: Leaving directory '/workspace/linux/clang-quickstart/vscode/code/storage_project/index/demo/build_orc/orc/zstd_ep-prefix/src/zstd_ep-build/CMakeFiles/CMakeTmp'


Source file was:
int main(void) { return 0; }
Performing C++ SOURCE FILE Test CXX_FLAG_WCAST_ALIGN succeeded with the following output:
Change Dir: /workspace/linux/clang-quickstart/vscode/code/storage_project/index/demo/build_orc/orc/zstd_ep-prefix/src/zstd_ep-build/CMakeFiles/CMakeTmp

Run Build Command(s):/usr/bin/gmake -f Makefile cmTC_a58f2/fast && gmake[3]: Entering directory '/workspace/linux/clang-quickstart/vscode/code/storage_project/index/demo/build_orc/orc/zstd_ep-prefix/src/zstd_ep-build/CMakeFiles/CMakeTmp'
/usr/bin/gmake  -f CMakeFiles/cmTC_a58f2.dir/build.make CMakeFiles/cmTC_a58f2.dir/build
gmake[4]: Entering directory '/workspace/linux/clang-quickstart/vscode/code/storage_project/index/demo/build_orc/orc/zstd_ep-prefix/src/zstd_ep-build/CMakeFiles/CMakeTmp'
Building CXX object CMakeFiles/cmTC_a58f2.dir/src.cxx.o
/usr/bin/c++ -DCXX_FLAG_WCAST_ALIGN  -Wall -Wextra -Wundef -Wshadow    -Wcast-align -o CMakeFiles/cmTC_a58f2.dir/src.cxx.o -c /workspace/linux/clang-quickstart/vscode/code/storage_project/index/demo/build_orc/orc/zstd_ep-prefix/src/zstd_ep-build/CMakeFiles/CMakeTmp/src.cxx
Linking CXX executable cmTC_a58f2
/usr/bin/cmake -E cmake_link_script CMakeFiles/cmTC_a58f2.dir/link.txt --verbose=1
/usr/bin/c++  -Wall -Wextra -Wundef -Wshadow  CMakeFiles/cmTC_a58f2.dir/src.cxx.o -o cmTC_a58f2 
gmake[4]: Leaving directory '/workspace/linux/clang-quickstart/vscode/code/storage_project/index/demo/build_orc/orc/zstd_ep-prefix/src/zstd_ep-build/CMakeFiles/CMakeTmp'
gmake[3]: Leaving directory '/workspace/linux/clang-quickstart/vscode/code/storage_project/index/demo/build_orc/orc/zstd_ep-prefix/src/zstd_ep-build/CMakeFiles/CMakeTmp'


Source file was:
int main() { return 0; }
Performing C SOURCE FILE Test C_FLAG_WCAST_QUAL succeeded with the following output:
Change Dir: /workspace/linux/clang-quickstart/vscode/code/storage_project/index/demo/build_orc/orc/zstd_ep-prefix/src/zstd_ep-build/CMakeFiles/CMakeTmp

Run Build Command(s):/usr/bin/gmake -f Makefile cmTC_621b4/fast && gmake[3]: Entering directory '/workspace/linux/clang-quickstart/vscode/code/storage_project/index/demo/build_orc/orc/zstd_ep-prefix/src/zstd_ep-build/CMakeFiles/CMakeTmp'
/usr/bin/gmake  -f CMakeFiles/cmTC_621b4.dir/build.make CMakeFiles/cmTC_621b4.dir/build
gmake[4]: Entering directory '/workspace/linux/clang-quickstart/vscode/code/storage_project/index/demo/build_orc/orc/zstd_ep-prefix/src/zstd_ep-build/CMakeFiles/CMakeTmp'
Building C object CMakeFiles/cmTC_621b4.dir/src.c.o
/usr/bin/cc -DC_FLAG_WCAST_QUAL  -Wall -Wextra -Wundef -Wshadow -Wcast-align    -Wcast-qual -o CMakeFiles/cmTC_621b4.dir/src.c.o -c /workspace/linux/clang-quickstart/vscode/code/storage_project/index/demo/build_orc/orc/zstd_ep-prefix/src/zstd_ep-build/CMakeFiles/CMakeTmp/src.c
Linking C executable cmTC_621b4
/usr/bin/cmake -E cmake_link_script CMakeFiles/cmTC_621b4.dir/link.txt --verbose=1
/usr/bin/cc  -Wall -Wextra -Wundef -Wshadow -Wcast-align  CMakeFiles/cmTC_621b4.dir/src.c.o -o cmTC_621b4 
gmake[4]: Leaving directory '/workspace/linux/clang-quickstart/vscode/code/storage_project/index/demo/build_orc/orc/zstd_ep-prefix/src/zstd_ep-build/CMakeFiles/CMakeTmp'
gmake[3]: Leaving directory '/workspace/linux/clang-quickstart/vscode/code/storage_project/index/demo/build_orc/orc/zstd_ep-prefix/src/zstd_ep-build/CMakeFiles/CMakeTmp'


Source file was:
int main(void) { return 0; }
Performing C++ SOURCE FILE Test CXX_FLAG_WCAST_QUAL succeeded with the following output:
Change Dir: /workspace/linux/clang-quickstart/vscode/code/storage_project/index/demo/build_orc/orc/zstd_ep-prefix/src/zstd_ep-build/CMakeFiles/CMakeTmp

Run Build Command(s):/usr/bin/gmake -f Makefile cmTC_39351/fast && gmake[3]: Entering directory '/workspace/linux/clang-quickstart/vscode/code/storage_project/index/demo/build_orc/orc/zstd_ep-prefix/src/zstd_ep-build/CMakeFiles/CMakeTmp'
/usr/bin/gmake  -f CMakeFiles/cmTC_39351.dir/build.make CMakeFiles/cmTC_39351.dir/build
gmake[4]: Entering directory '/workspace/linux/clang-quickstart/vscode/code/storage_project/index/demo/build_orc/orc/zstd_ep-prefix/src/zstd_ep-build/CMakeFiles/CMakeTmp'
Building CXX object CMakeFiles/cmTC_39351.dir/src.cxx.o
/usr/bin/c++ -DCXX_FLAG_WCAST_QUAL  -Wall -Wextra -Wundef -Wshadow -Wcast-align    -Wcast-qual -o CMakeFiles/cmTC_39351.dir/src.cxx.o -c /workspace/linux/clang-quickstart/vscode/code/storage_project/index/demo/build_orc/orc/zstd_ep-prefix/src/zstd_ep-build/CMakeFiles/CMakeTmp/src.cxx
Linking CXX executable cmTC_39351
/usr/bin/cmake -E cmake_link_script CMakeFiles/cmTC_39351.dir/link.txt --verbose=1
/usr/bin/c++  -Wall -Wextra -Wundef -Wshadow -Wcast-align  CMakeFiles/cmTC_39351.dir/src.cxx.o -o cmTC_39351 
gmake[4]: Leaving directory '/workspace/linux/clang-quickstart/vscode/code/storage_project/index/demo/build_orc/orc/zstd_ep-prefix/src/zstd_ep-build/CMakeFiles/CMakeTmp'
gmake[3]: Leaving directory '/workspace/linux/clang-quickstart/vscode/code/storage_project/index/demo/build_orc/orc/zstd_ep-prefix/src/zstd_ep-build/CMakeFiles/CMakeTmp'


Source file was:
int main() { return 0; }
Performing C SOURCE FILE Test C_FLAG_WSTRICT_PROTOTYPES succeeded with the following output:
Change Dir: /workspace/linux/clang-quickstart/vscode/code/storage_project/index/demo/build_orc/orc/zstd_ep-prefix/src/zstd_ep-build/CMakeFiles/CMakeTmp

Run Build Command(s):/usr/bin/gmake -f Makefile cmTC_f69fa/fast && gmake[3]: Entering directory '/workspace/linux/clang-quickstart/vscode/code/storage_project/index/demo/build_orc/orc/zstd_ep-prefix/src/zstd_ep-build/CMakeFiles/CMakeTmp'
/usr/bin/gmake  -f CMakeFiles/cmTC_f69fa.dir/build.make CMakeFiles/cmTC_f69fa.dir/build
gmake[4]: Entering directory '/workspace/linux/clang-quickstart/vscode/code/storage_project/index/demo/build_orc/orc/zstd_ep-prefix/src/zstd_ep-build/CMakeFiles/CMakeTmp'
Building C object CMakeFiles/cmTC_f69fa.dir/src.c.o
/usr/bin/cc -DC_FLAG_WSTRICT_PROTOTYPES  -Wall -Wextra -Wundef -Wshadow -Wcast-align -Wcast-qual    -Wstrict-prototypes -o CMakeFiles/cmTC_f69fa.dir/src.c.o -c /workspace/linux/clang-quickstart/vscode/code/storage_project/index/demo/build_orc/orc/zstd_ep-prefix/src/zstd_ep-build/CMakeFiles/CMakeTmp/src.c
Linking C executable cmTC_f69fa
/usr/bin/cmake -E cmake_link_script CMakeFiles/cmTC_f69fa.dir/link.txt --verbose=1
/usr/bin/cc  -Wall -Wextra -Wundef -Wshadow -Wcast-align -Wcast-qual  CMakeFiles/cmTC_f69fa.dir/src.c.o -o cmTC_f69fa 
gmake[4]: Leaving directory '/workspace/linux/clang-quickstart/vscode/code/storage_project/index/demo/build_orc/orc/zstd_ep-prefix/src/zstd_ep-build/CMakeFiles/CMakeTmp'
gmake[3]: Leaving directory '/workspace/linux/clang-quickstart/vscode/code/storage_project/index/demo/build_orc/orc/zstd_ep-prefix/src/zstd_ep-build/CMakeFiles/CMakeTmp'


Source file was:
int main(void) { return 0; }
Performing C SOURCE FILE Test LD_FLAG_WL_Z_NOEXECSTACK succeeded with the following output:
Change Dir: /workspace/linux/clang-quickstart/vscode/code/storage_project/index/demo/build_orc/orc/zstd_ep-prefix/src/zstd_ep-build/CMakeFiles/CMakeTmp

Run Build Command(s):/usr/bin/gmake -f Makefile cmTC_26a18/fast && gmake[3]: Entering directory '/workspace/linux/clang-quickstart/vscode/code/storage_project/index/demo/build_orc/orc/zstd_ep-prefix/src/zstd_ep-build/CMakeFiles/CMakeTmp'
/usr/bin/gmake  -f CMakeFiles/cmTC_26a18.dir/build.make CMakeFiles/cmTC_26a18.dir/build
gmake[4]: Entering directory '/workspace/linux/clang-quickstart/vscode/code/storage_project/index/demo/build_orc/orc/zstd_ep-prefix/src/zstd_ep-build/CMakeFiles/CMakeTmp'
Building C object CMakeFiles/cmTC_26a18.dir/src.c.o
/usr/bin/cc -DLD_FLAG_WL_Z_NOEXECSTACK  -Wall -Wextra -Wundef -Wshadow -Wcast-align -Wcast-qual -Wstrict-prototypes  -o CMakeFiles/cmTC_26a18.dir/src.c.o -c /workspace/linux/clang-quickstart/vscode/code/storage_project/index/demo/build_orc/orc/zstd_ep-prefix/src/zstd_ep-build/CMakeFiles/CMakeTmp/src.c
/workspace/linux/clang-quickstart/vscode/code/storage_project/index/demo/build_orc/orc/zstd_ep-prefix/src/zstd_ep-build/CMakeFiles/CMakeTmp/src.c:1:5: warning: function declaration isn't a prototype [-Wstrict-prototypes]
    1 | int main() { return 0; }
      |     ^~~~
Linking C executable cmTC_26a18
/usr/bin/cmake -E cmake_link_script CMakeFiles/cmTC_26a18.dir/link.txt --verbose=1
/usr/bin/cc  -Wall -Wextra -Wundef -Wshadow -Wcast-align -Wcast-qual -Wstrict-prototypes  -Wl,-z,noexecstack CMakeFiles/cmTC_26a18.dir/src.c.o -o cmTC_26a18 
gmake[4]: Leaving directory '/workspace/linux/clang-quickstart/vscode/code/storage_project/index/demo/build_orc/orc/zstd_ep-prefix/src/zstd_ep-build/CMakeFiles/CMakeTmp'
gmake[3]: Leaving directory '/workspace/linux/clang-quickstart/vscode/code/storage_project/index/demo/build_orc/orc/zstd_ep-prefix/src/zstd_ep-build/CMakeFiles/CMakeTmp'


Source file was:
int main() { return 0; }
Performing C SOURCE FILE Test C_FLAG_WA_NOEXECSTACK succeeded with the following output:
Change Dir: /workspace/linux/clang-quickstart/vscode/code/storage_project/index/demo/build_orc/orc/zstd_ep-prefix/src/zstd_ep-build/CMakeFiles/CMakeTmp

Run Build Command(s):/usr/bin/gmake -f Makefile cmTC_80b2a/fast && gmake[3]: Entering directory '/workspace/linux/clang-quickstart/vscode/code/storage_project/index/demo/build_orc/orc/zstd_ep-prefix/src/zstd_ep-build/CMakeFiles/CMakeTmp'
/usr/bin/gmake  -f CMakeFiles/cmTC_80b2a.dir/build.make CMakeFiles/cmTC_80b2a.dir/build
gmake[4]: Entering directory '/workspace/linux/clang-quickstart/vscode/code/storage_project/index/demo/build_orc/orc/zstd_ep-prefix/src/zstd_ep-build/CMakeFiles/CMakeTmp'
Building C object CMakeFiles/cmTC_80b2a.dir/src.c.o
/usr/bin/cc -DC_FLAG_WA_NOEXECSTACK  -Wall -Wextra -Wundef -Wshadow -Wcast-align -Wcast-qual -Wstrict-prototypes    -Wa,--noexecstack -o CMakeFiles/cmTC_80b2a.dir/src.c.o -c /workspace/linux/clang-quickstart/vscode/code/storage_project/index/demo/build_orc/orc/zstd_ep-prefix/src/zstd_ep-build/CMakeFiles/CMakeTmp/src.c
Linking C executable cmTC_80b2a
/usr/bin/cmake -E cmake_link_script CMakeFiles/cmTC_80b2a.dir/link.txt --verbose=1
/usr/bin/cc  -Wall -Wextra -Wundef -Wshadow -Wcast-align -Wcast-qual -Wstrict-prototypes   -Wl,-z,noexecstack  CMakeFiles/cmTC_80b2a.dir/src.c.o -o cmTC_80b2a 
gmake[4]: Leaving directory '/workspace/linux/clang-quickstart/vscode/code/storage_project/index/demo/build_orc/orc/zstd_ep-prefix/src/zstd_ep-build/CMakeFiles/CMakeTmp'
gmake[3]: Leaving directory '/workspace/linux/clang-quickstart/vscode/code/storage_project/index/demo/build_orc/orc/zstd_ep-prefix/src/zstd_ep-build/CMakeFiles/CMakeTmp'


Source file was:
int main(void) { return 0; }
Performing C++ SOURCE FILE Test CXX_FLAG_WA_NOEXECSTACK succeeded with the following output:
Change Dir: /workspace/linux/clang-quickstart/vscode/code/storage_project/index/demo/build_orc/orc/zstd_ep-prefix/src/zstd_ep-build/CMakeFiles/CMakeTmp

Run Build Command(s):/usr/bin/gmake -f Makefile cmTC_35358/fast && gmake[3]: Entering directory '/workspace/linux/clang-quickstart/vscode/code/storage_project/index/demo/build_orc/orc/zstd_ep-prefix/src/zstd_ep-build/CMakeFiles/CMakeTmp'
/usr/bin/gmake  -f CMakeFiles/cmTC_35358.dir/build.make CMakeFiles/cmTC_35358.dir/build
gmake[4]: Entering directory '/workspace/linux/clang-quickstart/vscode/code/storage_project/index/demo/build_orc/orc/zstd_ep-prefix/src/zstd_ep-build/CMakeFiles/CMakeTmp'
Building CXX object CMakeFiles/cmTC_35358.dir/src.cxx.o
/usr/bin/c++ -DCXX_FLAG_WA_NOEXECSTACK  -Wall -Wextra -Wundef -Wshadow -Wcast-align -Wcast-qual    -Wa,--noexecstack -o CMakeFiles/cmTC_35358.dir/src.cxx.o -c /workspace/linux/clang-quickstart/vscode/code/storage_project/index/demo/build_orc/orc/zstd_ep-prefix/src/zstd_ep-build/CMakeFiles/CMakeTmp/src.cxx
Linking CXX executable cmTC_35358
/usr/bin/cmake -E cmake_link_script CMakeFiles/cmTC_35358.dir/link.txt --verbose=1
/usr/bin/c++  -Wall -Wextra -Wundef -Wshadow -Wcast-align -Wcast-qual   -Wl,-z,noexecstack  CMakeFiles/cmTC_35358.dir/src.cxx.o -o cmTC_35358 
gmake[4]: Leaving directory '/workspace/linux/clang-quickstart/vscode/code/storage_project/index/demo/build_orc/orc/zstd_ep-prefix/src/zstd_ep-build/CMakeFiles/CMakeTmp'
gmake[3]: Leaving directory '/workspace/linux/clang-quickstart/vscode/code/storage_project/index/demo/build_orc/orc/zstd_ep-prefix/src/zstd_ep-build/CMakeFiles/CMakeTmp'


Source file was:
int main() { return 0; }
Determining if the include file pthread.h exists passed with the following output:
Change Dir: /workspace/linux/clang-quickstart/vscode/code/storage_project/index/demo/build_orc/orc/zstd_ep-prefix/src/zstd_ep-build/CMakeFiles/CMakeTmp

Run Build Command(s):/usr/bin/gmake -f Makefile cmTC_a9dd1/fast && gmake[3]: Entering directory '/workspace/linux/clang-quickstart/vscode/code/storage_project/index/demo/build_orc/orc/zstd_ep-prefix/src/zstd_ep-build/CMakeFiles/CMakeTmp'
/usr/bin/gmake  -f CMakeFiles/cmTC_a9dd1.dir/build.make CMakeFiles/cmTC_a9dd1.dir/build
gmake[4]: Entering directory '/workspace/linux/clang-quickstart/vscode/code/storage_project/index/demo/build_orc/orc/zstd_ep-prefix/src/zstd_ep-build/CMakeFiles/CMakeTmp'
Building C object CMakeFiles/cmTC_a9dd1.dir/CheckIncludeFile.c.o
/usr/bin/cc   -Wall -Wextra -Wundef -Wshadow -Wcast-align -Wcast-qual -Wstrict-prototypes -Wa,--noexecstack  -o CMakeFiles/cmTC_a9dd1.dir/CheckIncludeFile.c.o -c /workspace/linux/clang-quickstart/vscode/code/storage_project/index/demo/build_orc/orc/zstd_ep-prefix/src/zstd_ep-build/CMakeFiles/CMakeTmp/CheckIncludeFile.c
Linking C executable cmTC_a9dd1
/usr/bin/cmake -E cmake_link_script CMakeFiles/cmTC_a9dd1.dir/link.txt --verbose=1
/usr/bin/cc  -Wall -Wextra -Wundef -Wshadow -Wcast-align -Wcast-qual -Wstrict-prototypes -Wa,--noexecstack   -Wl,-z,noexecstack  CMakeFiles/cmTC_a9dd1.dir/CheckIncludeFile.c.o -o cmTC_a9dd1 
gmake[4]: Leaving directory '/workspace/linux/clang-quickstart/vscode/code/storage_project/index/demo/build_orc/orc/zstd_ep-prefix/src/zstd_ep-build/CMakeFiles/CMakeTmp'
gmake[3]: Leaving directory '/workspace/linux/clang-quickstart/vscode/code/storage_project/index/demo/build_orc/orc/zstd_ep-prefix/src/zstd_ep-build/CMakeFiles/CMakeTmp'



Performing C SOURCE FILE Test CMAKE_HAVE_LIBC_PTHREAD succeeded with the following output:
Change Dir: /workspace/linux/clang-quickstart/vscode/code/storage_project/index/demo/build_orc/orc/zstd_ep-prefix/src/zstd_ep-build/CMakeFiles/CMakeTmp

Run Build Command(s):/usr/bin/gmake -f Makefile cmTC_d6c24/fast && gmake[3]: Entering directory '/workspace/linux/clang-quickstart/vscode/code/storage_project/index/demo/build_orc/orc/zstd_ep-prefix/src/zstd_ep-build/CMakeFiles/CMakeTmp'
/usr/bin/gmake  -f CMakeFiles/cmTC_d6c24.dir/build.make CMakeFiles/cmTC_d6c24.dir/build
gmake[4]: Entering directory '/workspace/linux/clang-quickstart/vscode/code/storage_project/index/demo/build_orc/orc/zstd_ep-prefix/src/zstd_ep-build/CMakeFiles/CMakeTmp'
Building C object CMakeFiles/cmTC_d6c24.dir/src.c.o
/usr/bin/cc -DCMAKE_HAVE_LIBC_PTHREAD  -Wall -Wextra -Wundef -Wshadow -Wcast-align -Wcast-qual -Wstrict-prototypes -Wa,--noexecstack  -o CMakeFiles/cmTC_d6c24.dir/src.c.o -c /workspace/linux/clang-quickstart/vscode/code/storage_project/index/demo/build_orc/orc/zstd_ep-prefix/src/zstd_ep-build/CMakeFiles/CMakeTmp/src.c
Linking C executable cmTC_d6c24
/usr/bin/cmake -E cmake_link_script CMakeFiles/cmTC_d6c24.dir/link.txt --verbose=1
/usr/bin/cc  -Wall -Wextra -Wundef -Wshadow -Wcast-align -Wcast-qual -Wstrict-prototypes -Wa,--noexecstack   -Wl,-z,noexecstack  CMakeFiles/cmTC_d6c24.dir/src.c.o -o cmTC_d6c24 
gmake[4]: Leaving directory '/workspace/linux/clang-quickstart/vscode/code/storage_project/index/demo/build_orc/orc/zstd_ep-prefix/src/zstd_ep-build/CMakeFiles/CMakeTmp'
gmake[3]: Leaving directory '/workspace/linux/clang-quickstart/vscode/code/storage_project/index/demo/build_orc/orc/zstd_ep-prefix/src/zstd_ep-build/CMakeFiles/CMakeTmp'


Source file was:
#include <pthread.h>

static void* test_func(void* data)
{
  return data;
}

int main(void)
{
  pthread_t thread;
  pthread_create(&thread, NULL, test_func, NULL);
  pthread_detach(thread);
  pthread_cancel(thread);
  pthread_join(thread, NULL);
  pthread_atfork(NULL, NULL, NULL);
  pthread_exit(NULL);

  return 0;
}

