[  0%] [32mBuilding CXX object CMakeFiles/libprotobuf-lite.dir/workspace/linux/clang-quickstart/vscode/code/storage_project/index/demo/build/orc/protobuf_ep-prefix/src/protobuf_ep/src/google/protobuf/arena.cc.o[0m
[  1%] [32mBuilding CXX object CMakeFiles/libprotobuf-lite.dir/workspace/linux/clang-quickstart/vscode/code/storage_project/index/demo/build/orc/protobuf_ep-prefix/src/protobuf_ep/src/google/protobuf/arenastring.cc.o[0m
[  1%] [32mBuilding CXX object CMakeFiles/libprotobuf-lite.dir/workspace/linux/clang-quickstart/vscode/code/storage_project/index/demo/build/orc/protobuf_ep-prefix/src/protobuf_ep/src/google/protobuf/extension_set.cc.o[0m
[  2%] [32mBuilding CXX object CMakeFiles/libprotobuf-lite.dir/workspace/linux/clang-quickstart/vscode/code/storage_project/index/demo/build/orc/protobuf_ep-prefix/src/protobuf_ep/src/google/protobuf/generated_message_table_driven_lite.cc.o[0m
[  2%] [32mBuilding CXX object CMakeFiles/libprotobuf-lite.dir/workspace/linux/clang-quickstart/vscode/code/storage_project/index/demo/build/orc/protobuf_ep-prefix/src/protobuf_ep/src/google/protobuf/generated_message_util.cc.o[0m
[  2%] [32mBuilding CXX object CMakeFiles/libprotobuf-lite.dir/workspace/linux/clang-quickstart/vscode/code/storage_project/index/demo/build/orc/protobuf_ep-prefix/src/protobuf_ep/src/google/protobuf/io/coded_stream.cc.o[0m
[  3%] [32mBuilding CXX object CMakeFiles/libprotobuf-lite.dir/workspace/linux/clang-quickstart/vscode/code/storage_project/index/demo/build/orc/protobuf_ep-prefix/src/protobuf_ep/src/google/protobuf/io/zero_copy_stream.cc.o[0m
[  3%] [32mBuilding CXX object CMakeFiles/libprotobuf-lite.dir/workspace/linux/clang-quickstart/vscode/code/storage_project/index/demo/build/orc/protobuf_ep-prefix/src/protobuf_ep/src/google/protobuf/io/zero_copy_stream_impl_lite.cc.o[0m
[  4%] [32mBuilding CXX object CMakeFiles/libprotobuf-lite.dir/workspace/linux/clang-quickstart/vscode/code/storage_project/index/demo/build/orc/protobuf_ep-prefix/src/protobuf_ep/src/google/protobuf/message_lite.cc.o[0m
[  4%] [32mBuilding CXX object CMakeFiles/libprotobuf-lite.dir/workspace/linux/clang-quickstart/vscode/code/storage_project/index/demo/build/orc/protobuf_ep-prefix/src/protobuf_ep/src/google/protobuf/repeated_field.cc.o[0m
[  5%] [32mBuilding CXX object CMakeFiles/libprotobuf-lite.dir/workspace/linux/clang-quickstart/vscode/code/storage_project/index/demo/build/orc/protobuf_ep-prefix/src/protobuf_ep/src/google/protobuf/stubs/atomicops_internals_x86_gcc.cc.o[0m
[  5%] [32mBuilding CXX object CMakeFiles/libprotobuf-lite.dir/workspace/linux/clang-quickstart/vscode/code/storage_project/index/demo/build/orc/protobuf_ep-prefix/src/protobuf_ep/src/google/protobuf/stubs/atomicops_internals_x86_msvc.cc.o[0m
[  6%] [32mBuilding CXX object CMakeFiles/libprotobuf-lite.dir/workspace/linux/clang-quickstart/vscode/code/storage_project/index/demo/build/orc/protobuf_ep-prefix/src/protobuf_ep/src/google/protobuf/stubs/bytestream.cc.o[0m
[  6%] [32mBuilding CXX object CMakeFiles/libprotobuf-lite.dir/workspace/linux/clang-quickstart/vscode/code/storage_project/index/demo/build/orc/protobuf_ep-prefix/src/protobuf_ep/src/google/protobuf/stubs/common.cc.o[0m
[  7%] [32mBuilding CXX object CMakeFiles/libprotobuf-lite.dir/workspace/linux/clang-quickstart/vscode/code/storage_project/index/demo/build/orc/protobuf_ep-prefix/src/protobuf_ep/src/google/protobuf/stubs/int128.cc.o[0m
[  7%] [32mBuilding CXX object CMakeFiles/libprotobuf-lite.dir/workspace/linux/clang-quickstart/vscode/code/storage_project/index/demo/build/orc/protobuf_ep-prefix/src/protobuf_ep/src/google/protobuf/stubs/io_win32.cc.o[0m
[  8%] [32mBuilding CXX object CMakeFiles/libprotobuf-lite.dir/workspace/linux/clang-quickstart/vscode/code/storage_project/index/demo/build/orc/protobuf_ep-prefix/src/protobuf_ep/src/google/protobuf/stubs/once.cc.o[0m
[  8%] [32mBuilding CXX object CMakeFiles/libprotobuf-lite.dir/workspace/linux/clang-quickstart/vscode/code/storage_project/index/demo/build/orc/protobuf_ep-prefix/src/protobuf_ep/src/google/protobuf/stubs/status.cc.o[0m
[  9%] [32mBuilding CXX object CMakeFiles/libprotobuf-lite.dir/workspace/linux/clang-quickstart/vscode/code/storage_project/index/demo/build/orc/protobuf_ep-prefix/src/protobuf_ep/src/google/protobuf/stubs/statusor.cc.o[0m
[  9%] [32mBuilding CXX object CMakeFiles/libprotobuf-lite.dir/workspace/linux/clang-quickstart/vscode/code/storage_project/index/demo/build/orc/protobuf_ep-prefix/src/protobuf_ep/src/google/protobuf/stubs/stringpiece.cc.o[0m
[ 10%] [32mBuilding CXX object CMakeFiles/libprotobuf-lite.dir/workspace/linux/clang-quickstart/vscode/code/storage_project/index/demo/build/orc/protobuf_ep-prefix/src/protobuf_ep/src/google/protobuf/stubs/stringprintf.cc.o[0m
[ 10%] [32mBuilding CXX object CMakeFiles/libprotobuf-lite.dir/workspace/linux/clang-quickstart/vscode/code/storage_project/index/demo/build/orc/protobuf_ep-prefix/src/protobuf_ep/src/google/protobuf/stubs/structurally_valid.cc.o[0m
[ 11%] [32mBuilding CXX object CMakeFiles/libprotobuf-lite.dir/workspace/linux/clang-quickstart/vscode/code/storage_project/index/demo/build/orc/protobuf_ep-prefix/src/protobuf_ep/src/google/protobuf/stubs/strutil.cc.o[0m
[ 11%] [32mBuilding CXX object CMakeFiles/libprotobuf-lite.dir/workspace/linux/clang-quickstart/vscode/code/storage_project/index/demo/build/orc/protobuf_ep-prefix/src/protobuf_ep/src/google/protobuf/stubs/time.cc.o[0m
[ 12%] [32mBuilding CXX object CMakeFiles/libprotobuf-lite.dir/workspace/linux/clang-quickstart/vscode/code/storage_project/index/demo/build/orc/protobuf_ep-prefix/src/protobuf_ep/src/google/protobuf/wire_format_lite.cc.o[0m
[ 12%] [32m[1mLinking CXX static library libprotobuf-lite.a[0m
[ 12%] Built target libprotobuf-lite
[ 13%] [32mBuilding CXX object CMakeFiles/libprotobuf.dir/workspace/linux/clang-quickstart/vscode/code/storage_project/index/demo/build/orc/protobuf_ep-prefix/src/protobuf_ep/src/google/protobuf/arena.cc.o[0m
[ 13%] [32mBuilding CXX object CMakeFiles/libprotobuf.dir/workspace/linux/clang-quickstart/vscode/code/storage_project/index/demo/build/orc/protobuf_ep-prefix/src/protobuf_ep/src/google/protobuf/arenastring.cc.o[0m
[ 14%] [32mBuilding CXX object CMakeFiles/libprotobuf.dir/workspace/linux/clang-quickstart/vscode/code/storage_project/index/demo/build/orc/protobuf_ep-prefix/src/protobuf_ep/src/google/protobuf/extension_set.cc.o[0m
[ 14%] [32mBuilding CXX object CMakeFiles/libprotobuf.dir/workspace/linux/clang-quickstart/vscode/code/storage_project/index/demo/build/orc/protobuf_ep-prefix/src/protobuf_ep/src/google/protobuf/generated_message_table_driven_lite.cc.o[0m
[ 15%] [32mBuilding CXX object CMakeFiles/libprotobuf.dir/workspace/linux/clang-quickstart/vscode/code/storage_project/index/demo/build/orc/protobuf_ep-prefix/src/protobuf_ep/src/google/protobuf/generated_message_util.cc.o[0m
[ 15%] [32mBuilding CXX object CMakeFiles/libprotobuf.dir/workspace/linux/clang-quickstart/vscode/code/storage_project/index/demo/build/orc/protobuf_ep-prefix/src/protobuf_ep/src/google/protobuf/io/coded_stream.cc.o[0m
[ 16%] [32mBuilding CXX object CMakeFiles/libprotobuf.dir/workspace/linux/clang-quickstart/vscode/code/storage_project/index/demo/build/orc/protobuf_ep-prefix/src/protobuf_ep/src/google/protobuf/io/zero_copy_stream.cc.o[0m
[ 16%] [32mBuilding CXX object CMakeFiles/libprotobuf.dir/workspace/linux/clang-quickstart/vscode/code/storage_project/index/demo/build/orc/protobuf_ep-prefix/src/protobuf_ep/src/google/protobuf/io/zero_copy_stream_impl_lite.cc.o[0m
[ 17%] [32mBuilding CXX object CMakeFiles/libprotobuf.dir/workspace/linux/clang-quickstart/vscode/code/storage_project/index/demo/build/orc/protobuf_ep-prefix/src/protobuf_ep/src/google/protobuf/message_lite.cc.o[0m
[ 17%] [32mBuilding CXX object CMakeFiles/libprotobuf.dir/workspace/linux/clang-quickstart/vscode/code/storage_project/index/demo/build/orc/protobuf_ep-prefix/src/protobuf_ep/src/google/protobuf/repeated_field.cc.o[0m
[ 18%] [32mBuilding CXX object CMakeFiles/libprotobuf.dir/workspace/linux/clang-quickstart/vscode/code/storage_project/index/demo/build/orc/protobuf_ep-prefix/src/protobuf_ep/src/google/protobuf/stubs/atomicops_internals_x86_gcc.cc.o[0m
[ 18%] [32mBuilding CXX object CMakeFiles/libprotobuf.dir/workspace/linux/clang-quickstart/vscode/code/storage_project/index/demo/build/orc/protobuf_ep-prefix/src/protobuf_ep/src/google/protobuf/stubs/atomicops_internals_x86_msvc.cc.o[0m
[ 19%] [32mBuilding CXX object CMakeFiles/libprotobuf.dir/workspace/linux/clang-quickstart/vscode/code/storage_project/index/demo/build/orc/protobuf_ep-prefix/src/protobuf_ep/src/google/protobuf/stubs/bytestream.cc.o[0m
[ 19%] [32mBuilding CXX object CMakeFiles/libprotobuf.dir/workspace/linux/clang-quickstart/vscode/code/storage_project/index/demo/build/orc/protobuf_ep-prefix/src/protobuf_ep/src/google/protobuf/stubs/common.cc.o[0m
[ 20%] [32mBuilding CXX object CMakeFiles/libprotobuf.dir/workspace/linux/clang-quickstart/vscode/code/storage_project/index/demo/build/orc/protobuf_ep-prefix/src/protobuf_ep/src/google/protobuf/stubs/int128.cc.o[0m
[ 20%] [32mBuilding CXX object CMakeFiles/libprotobuf.dir/workspace/linux/clang-quickstart/vscode/code/storage_project/index/demo/build/orc/protobuf_ep-prefix/src/protobuf_ep/src/google/protobuf/stubs/io_win32.cc.o[0m
[ 21%] [32mBuilding CXX object CMakeFiles/libprotobuf.dir/workspace/linux/clang-quickstart/vscode/code/storage_project/index/demo/build/orc/protobuf_ep-prefix/src/protobuf_ep/src/google/protobuf/stubs/once.cc.o[0m
[ 21%] [32mBuilding CXX object CMakeFiles/libprotobuf.dir/workspace/linux/clang-quickstart/vscode/code/storage_project/index/demo/build/orc/protobuf_ep-prefix/src/protobuf_ep/src/google/protobuf/stubs/status.cc.o[0m
[ 22%] [32mBuilding CXX object CMakeFiles/libprotobuf.dir/workspace/linux/clang-quickstart/vscode/code/storage_project/index/demo/build/orc/protobuf_ep-prefix/src/protobuf_ep/src/google/protobuf/stubs/statusor.cc.o[0m
[ 22%] [32mBuilding CXX object CMakeFiles/libprotobuf.dir/workspace/linux/clang-quickstart/vscode/code/storage_project/index/demo/build/orc/protobuf_ep-prefix/src/protobuf_ep/src/google/protobuf/stubs/stringpiece.cc.o[0m
[ 23%] [32mBuilding CXX object CMakeFiles/libprotobuf.dir/workspace/linux/clang-quickstart/vscode/code/storage_project/index/demo/build/orc/protobuf_ep-prefix/src/protobuf_ep/src/google/protobuf/stubs/stringprintf.cc.o[0m
[ 23%] [32mBuilding CXX object CMakeFiles/libprotobuf.dir/workspace/linux/clang-quickstart/vscode/code/storage_project/index/demo/build/orc/protobuf_ep-prefix/src/protobuf_ep/src/google/protobuf/stubs/structurally_valid.cc.o[0m
[ 24%] [32mBuilding CXX object CMakeFiles/libprotobuf.dir/workspace/linux/clang-quickstart/vscode/code/storage_project/index/demo/build/orc/protobuf_ep-prefix/src/protobuf_ep/src/google/protobuf/stubs/strutil.cc.o[0m
[ 24%] [32mBuilding CXX object CMakeFiles/libprotobuf.dir/workspace/linux/clang-quickstart/vscode/code/storage_project/index/demo/build/orc/protobuf_ep-prefix/src/protobuf_ep/src/google/protobuf/stubs/time.cc.o[0m
[ 25%] [32mBuilding CXX object CMakeFiles/libprotobuf.dir/workspace/linux/clang-quickstart/vscode/code/storage_project/index/demo/build/orc/protobuf_ep-prefix/src/protobuf_ep/src/google/protobuf/wire_format_lite.cc.o[0m
[ 25%] [32mBuilding CXX object CMakeFiles/libprotobuf.dir/workspace/linux/clang-quickstart/vscode/code/storage_project/index/demo/build/orc/protobuf_ep-prefix/src/protobuf_ep/src/google/protobuf/any.cc.o[0m
[ 26%] [32mBuilding CXX object CMakeFiles/libprotobuf.dir/workspace/linux/clang-quickstart/vscode/code/storage_project/index/demo/build/orc/protobuf_ep-prefix/src/protobuf_ep/src/google/protobuf/any.pb.cc.o[0m
[ 26%] [32mBuilding CXX object CMakeFiles/libprotobuf.dir/workspace/linux/clang-quickstart/vscode/code/storage_project/index/demo/build/orc/protobuf_ep-prefix/src/protobuf_ep/src/google/protobuf/api.pb.cc.o[0m
[ 26%] [32mBuilding CXX object CMakeFiles/libprotobuf.dir/workspace/linux/clang-quickstart/vscode/code/storage_project/index/demo/build/orc/protobuf_ep-prefix/src/protobuf_ep/src/google/protobuf/compiler/importer.cc.o[0m
[ 27%] [32mBuilding CXX object CMakeFiles/libprotobuf.dir/workspace/linux/clang-quickstart/vscode/code/storage_project/index/demo/build/orc/protobuf_ep-prefix/src/protobuf_ep/src/google/protobuf/compiler/parser.cc.o[0m
[ 27%] [32mBuilding CXX object CMakeFiles/libprotobuf.dir/workspace/linux/clang-quickstart/vscode/code/storage_project/index/demo/build/orc/protobuf_ep-prefix/src/protobuf_ep/src/google/protobuf/descriptor.cc.o[0m
[ 28%] [32mBuilding CXX object CMakeFiles/libprotobuf.dir/workspace/linux/clang-quickstart/vscode/code/storage_project/index/demo/build/orc/protobuf_ep-prefix/src/protobuf_ep/src/google/protobuf/descriptor.pb.cc.o[0m
[ 28%] [32mBuilding CXX object CMakeFiles/libprotobuf.dir/workspace/linux/clang-quickstart/vscode/code/storage_project/index/demo/build/orc/protobuf_ep-prefix/src/protobuf_ep/src/google/protobuf/descriptor_database.cc.o[0m
[ 29%] [32mBuilding CXX object CMakeFiles/libprotobuf.dir/workspace/linux/clang-quickstart/vscode/code/storage_project/index/demo/build/orc/protobuf_ep-prefix/src/protobuf_ep/src/google/protobuf/duration.pb.cc.o[0m
[ 29%] [32mBuilding CXX object CMakeFiles/libprotobuf.dir/workspace/linux/clang-quickstart/vscode/code/storage_project/index/demo/build/orc/protobuf_ep-prefix/src/protobuf_ep/src/google/protobuf/dynamic_message.cc.o[0m
[ 30%] [32mBuilding CXX object CMakeFiles/libprotobuf.dir/workspace/linux/clang-quickstart/vscode/code/storage_project/index/demo/build/orc/protobuf_ep-prefix/src/protobuf_ep/src/google/protobuf/empty.pb.cc.o[0m
[ 30%] [32mBuilding CXX object CMakeFiles/libprotobuf.dir/workspace/linux/clang-quickstart/vscode/code/storage_project/index/demo/build/orc/protobuf_ep-prefix/src/protobuf_ep/src/google/protobuf/extension_set_heavy.cc.o[0m
[ 31%] [32mBuilding CXX object CMakeFiles/libprotobuf.dir/workspace/linux/clang-quickstart/vscode/code/storage_project/index/demo/build/orc/protobuf_ep-prefix/src/protobuf_ep/src/google/protobuf/field_mask.pb.cc.o[0m
[ 31%] [32mBuilding CXX object CMakeFiles/libprotobuf.dir/workspace/linux/clang-quickstart/vscode/code/storage_project/index/demo/build/orc/protobuf_ep-prefix/src/protobuf_ep/src/google/protobuf/generated_message_reflection.cc.o[0m
[ 32%] [32mBuilding CXX object CMakeFiles/libprotobuf.dir/workspace/linux/clang-quickstart/vscode/code/storage_project/index/demo/build/orc/protobuf_ep-prefix/src/protobuf_ep/src/google/protobuf/generated_message_table_driven.cc.o[0m
[ 32%] [32mBuilding CXX object CMakeFiles/libprotobuf.dir/workspace/linux/clang-quickstart/vscode/code/storage_project/index/demo/build/orc/protobuf_ep-prefix/src/protobuf_ep/src/google/protobuf/io/gzip_stream.cc.o[0m
[ 33%] [32mBuilding CXX object CMakeFiles/libprotobuf.dir/workspace/linux/clang-quickstart/vscode/code/storage_project/index/demo/build/orc/protobuf_ep-prefix/src/protobuf_ep/src/google/protobuf/io/printer.cc.o[0m
[ 33%] [32mBuilding CXX object CMakeFiles/libprotobuf.dir/workspace/linux/clang-quickstart/vscode/code/storage_project/index/demo/build/orc/protobuf_ep-prefix/src/protobuf_ep/src/google/protobuf/io/strtod.cc.o[0m
[ 34%] [32mBuilding CXX object CMakeFiles/libprotobuf.dir/workspace/linux/clang-quickstart/vscode/code/storage_project/index/demo/build/orc/protobuf_ep-prefix/src/protobuf_ep/src/google/protobuf/io/tokenizer.cc.o[0m
[ 34%] [32mBuilding CXX object CMakeFiles/libprotobuf.dir/workspace/linux/clang-quickstart/vscode/code/storage_project/index/demo/build/orc/protobuf_ep-prefix/src/protobuf_ep/src/google/protobuf/io/zero_copy_stream_impl.cc.o[0m
[ 35%] [32mBuilding CXX object CMakeFiles/libprotobuf.dir/workspace/linux/clang-quickstart/vscode/code/storage_project/index/demo/build/orc/protobuf_ep-prefix/src/protobuf_ep/src/google/protobuf/map_field.cc.o[0m
[ 35%] [32mBuilding CXX object CMakeFiles/libprotobuf.dir/workspace/linux/clang-quickstart/vscode/code/storage_project/index/demo/build/orc/protobuf_ep-prefix/src/protobuf_ep/src/google/protobuf/message.cc.o[0m
[ 36%] [32mBuilding CXX object CMakeFiles/libprotobuf.dir/workspace/linux/clang-quickstart/vscode/code/storage_project/index/demo/build/orc/protobuf_ep-prefix/src/protobuf_ep/src/google/protobuf/reflection_ops.cc.o[0m
[ 36%] [32mBuilding CXX object CMakeFiles/libprotobuf.dir/workspace/linux/clang-quickstart/vscode/code/storage_project/index/demo/build/orc/protobuf_ep-prefix/src/protobuf_ep/src/google/protobuf/service.cc.o[0m
[ 37%] [32mBuilding CXX object CMakeFiles/libprotobuf.dir/workspace/linux/clang-quickstart/vscode/code/storage_project/index/demo/build/orc/protobuf_ep-prefix/src/protobuf_ep/src/google/protobuf/source_context.pb.cc.o[0m
[ 37%] [32mBuilding CXX object CMakeFiles/libprotobuf.dir/workspace/linux/clang-quickstart/vscode/code/storage_project/index/demo/build/orc/protobuf_ep-prefix/src/protobuf_ep/src/google/protobuf/struct.pb.cc.o[0m
[ 38%] [32mBuilding CXX object CMakeFiles/libprotobuf.dir/workspace/linux/clang-quickstart/vscode/code/storage_project/index/demo/build/orc/protobuf_ep-prefix/src/protobuf_ep/src/google/protobuf/stubs/mathlimits.cc.o[0m
[ 38%] [32mBuilding CXX object CMakeFiles/libprotobuf.dir/workspace/linux/clang-quickstart/vscode/code/storage_project/index/demo/build/orc/protobuf_ep-prefix/src/protobuf_ep/src/google/protobuf/stubs/substitute.cc.o[0m
[ 39%] [32mBuilding CXX object CMakeFiles/libprotobuf.dir/workspace/linux/clang-quickstart/vscode/code/storage_project/index/demo/build/orc/protobuf_ep-prefix/src/protobuf_ep/src/google/protobuf/text_format.cc.o[0m
[ 39%] [32mBuilding CXX object CMakeFiles/libprotobuf.dir/workspace/linux/clang-quickstart/vscode/code/storage_project/index/demo/build/orc/protobuf_ep-prefix/src/protobuf_ep/src/google/protobuf/timestamp.pb.cc.o[0m
[ 40%] [32mBuilding CXX object CMakeFiles/libprotobuf.dir/workspace/linux/clang-quickstart/vscode/code/storage_project/index/demo/build/orc/protobuf_ep-prefix/src/protobuf_ep/src/google/protobuf/type.pb.cc.o[0m
[ 40%] [32mBuilding CXX object CMakeFiles/libprotobuf.dir/workspace/linux/clang-quickstart/vscode/code/storage_project/index/demo/build/orc/protobuf_ep-prefix/src/protobuf_ep/src/google/protobuf/unknown_field_set.cc.o[0m
[ 40%] [32mBuilding CXX object CMakeFiles/libprotobuf.dir/workspace/linux/clang-quickstart/vscode/code/storage_project/index/demo/build/orc/protobuf_ep-prefix/src/protobuf_ep/src/google/protobuf/util/delimited_message_util.cc.o[0m
[ 41%] [32mBuilding CXX object CMakeFiles/libprotobuf.dir/workspace/linux/clang-quickstart/vscode/code/storage_project/index/demo/build/orc/protobuf_ep-prefix/src/protobuf_ep/src/google/protobuf/util/field_comparator.cc.o[0m
[ 41%] [32mBuilding CXX object CMakeFiles/libprotobuf.dir/workspace/linux/clang-quickstart/vscode/code/storage_project/index/demo/build/orc/protobuf_ep-prefix/src/protobuf_ep/src/google/protobuf/util/field_mask_util.cc.o[0m
[ 42%] [32mBuilding CXX object CMakeFiles/libprotobuf.dir/workspace/linux/clang-quickstart/vscode/code/storage_project/index/demo/build/orc/protobuf_ep-prefix/src/protobuf_ep/src/google/protobuf/util/internal/datapiece.cc.o[0m
[ 42%] [32mBuilding CXX object CMakeFiles/libprotobuf.dir/workspace/linux/clang-quickstart/vscode/code/storage_project/index/demo/build/orc/protobuf_ep-prefix/src/protobuf_ep/src/google/protobuf/util/internal/default_value_objectwriter.cc.o[0m
[ 43%] [32mBuilding CXX object CMakeFiles/libprotobuf.dir/workspace/linux/clang-quickstart/vscode/code/storage_project/index/demo/build/orc/protobuf_ep-prefix/src/protobuf_ep/src/google/protobuf/util/internal/error_listener.cc.o[0m
[ 43%] [32mBuilding CXX object CMakeFiles/libprotobuf.dir/workspace/linux/clang-quickstart/vscode/code/storage_project/index/demo/build/orc/protobuf_ep-prefix/src/protobuf_ep/src/google/protobuf/util/internal/field_mask_utility.cc.o[0m
[ 44%] [32mBuilding CXX object CMakeFiles/libprotobuf.dir/workspace/linux/clang-quickstart/vscode/code/storage_project/index/demo/build/orc/protobuf_ep-prefix/src/protobuf_ep/src/google/protobuf/util/internal/json_escaping.cc.o[0m
[ 44%] [32mBuilding CXX object CMakeFiles/libprotobuf.dir/workspace/linux/clang-quickstart/vscode/code/storage_project/index/demo/build/orc/protobuf_ep-prefix/src/protobuf_ep/src/google/protobuf/util/internal/json_objectwriter.cc.o[0m
[ 45%] [32mBuilding CXX object CMakeFiles/libprotobuf.dir/workspace/linux/clang-quickstart/vscode/code/storage_project/index/demo/build/orc/protobuf_ep-prefix/src/protobuf_ep/src/google/protobuf/util/internal/json_stream_parser.cc.o[0m
[ 45%] [32mBuilding CXX object CMakeFiles/libprotobuf.dir/workspace/linux/clang-quickstart/vscode/code/storage_project/index/demo/build/orc/protobuf_ep-prefix/src/protobuf_ep/src/google/protobuf/util/internal/object_writer.cc.o[0m
[ 46%] [32mBuilding CXX object CMakeFiles/libprotobuf.dir/workspace/linux/clang-quickstart/vscode/code/storage_project/index/demo/build/orc/protobuf_ep-prefix/src/protobuf_ep/src/google/protobuf/util/internal/proto_writer.cc.o[0m
[ 46%] [32mBuilding CXX object CMakeFiles/libprotobuf.dir/workspace/linux/clang-quickstart/vscode/code/storage_project/index/demo/build/orc/protobuf_ep-prefix/src/protobuf_ep/src/google/protobuf/util/internal/protostream_objectsource.cc.o[0m
[ 47%] [32mBuilding CXX object CMakeFiles/libprotobuf.dir/workspace/linux/clang-quickstart/vscode/code/storage_project/index/demo/build/orc/protobuf_ep-prefix/src/protobuf_ep/src/google/protobuf/util/internal/protostream_objectwriter.cc.o[0m
[ 47%] [32mBuilding CXX object CMakeFiles/libprotobuf.dir/workspace/linux/clang-quickstart/vscode/code/storage_project/index/demo/build/orc/protobuf_ep-prefix/src/protobuf_ep/src/google/protobuf/util/internal/type_info.cc.o[0m
[ 48%] [32mBuilding CXX object CMakeFiles/libprotobuf.dir/workspace/linux/clang-quickstart/vscode/code/storage_project/index/demo/build/orc/protobuf_ep-prefix/src/protobuf_ep/src/google/protobuf/util/internal/type_info_test_helper.cc.o[0m
[ 48%] [32mBuilding CXX object CMakeFiles/libprotobuf.dir/workspace/linux/clang-quickstart/vscode/code/storage_project/index/demo/build/orc/protobuf_ep-prefix/src/protobuf_ep/src/google/protobuf/util/internal/utility.cc.o[0m
[ 49%] [32mBuilding CXX object CMakeFiles/libprotobuf.dir/workspace/linux/clang-quickstart/vscode/code/storage_project/index/demo/build/orc/protobuf_ep-prefix/src/protobuf_ep/src/google/protobuf/util/json_util.cc.o[0m
[ 49%] [32mBuilding CXX object CMakeFiles/libprotobuf.dir/workspace/linux/clang-quickstart/vscode/code/storage_project/index/demo/build/orc/protobuf_ep-prefix/src/protobuf_ep/src/google/protobuf/util/message_differencer.cc.o[0m
[ 50%] [32mBuilding CXX object CMakeFiles/libprotobuf.dir/workspace/linux/clang-quickstart/vscode/code/storage_project/index/demo/build/orc/protobuf_ep-prefix/src/protobuf_ep/src/google/protobuf/util/time_util.cc.o[0m
[ 50%] [32mBuilding CXX object CMakeFiles/libprotobuf.dir/workspace/linux/clang-quickstart/vscode/code/storage_project/index/demo/build/orc/protobuf_ep-prefix/src/protobuf_ep/src/google/protobuf/util/type_resolver_util.cc.o[0m
[ 51%] [32mBuilding CXX object CMakeFiles/libprotobuf.dir/workspace/linux/clang-quickstart/vscode/code/storage_project/index/demo/build/orc/protobuf_ep-prefix/src/protobuf_ep/src/google/protobuf/wire_format.cc.o[0m
[ 51%] [32mBuilding CXX object CMakeFiles/libprotobuf.dir/workspace/linux/clang-quickstart/vscode/code/storage_project/index/demo/build/orc/protobuf_ep-prefix/src/protobuf_ep/src/google/protobuf/wrappers.pb.cc.o[0m
[ 52%] [32m[1mLinking CXX static library libprotobuf.a[0m
[ 52%] Built target libprotobuf
[ 52%] [32mBuilding CXX object CMakeFiles/js_embed.dir/workspace/linux/clang-quickstart/vscode/code/storage_project/index/demo/build/orc/protobuf_ep-prefix/src/protobuf_ep/src/google/protobuf/compiler/js/embed.cc.o[0m
[ 52%] [32m[1mLinking CXX executable js_embed[0m
[ 52%] Built target js_embed
[ 53%] [34m[1mGenerating /workspace/linux/clang-quickstart/vscode/code/storage_project/index/demo/build/orc/protobuf_ep-prefix/src/protobuf_ep/src/google/protobuf/compiler/js/well_known_types_embed.cc[0m
[ 53%] [32mBuilding CXX object CMakeFiles/libprotoc.dir/workspace/linux/clang-quickstart/vscode/code/storage_project/index/demo/build/orc/protobuf_ep-prefix/src/protobuf_ep/src/google/protobuf/compiler/code_generator.cc.o[0m
[ 54%] [32mBuilding CXX object CMakeFiles/libprotoc.dir/workspace/linux/clang-quickstart/vscode/code/storage_project/index/demo/build/orc/protobuf_ep-prefix/src/protobuf_ep/src/google/protobuf/compiler/command_line_interface.cc.o[0m
[ 54%] [32mBuilding CXX object CMakeFiles/libprotoc.dir/workspace/linux/clang-quickstart/vscode/code/storage_project/index/demo/build/orc/protobuf_ep-prefix/src/protobuf_ep/src/google/protobuf/compiler/cpp/cpp_enum.cc.o[0m
[ 55%] [32mBuilding CXX object CMakeFiles/libprotoc.dir/workspace/linux/clang-quickstart/vscode/code/storage_project/index/demo/build/orc/protobuf_ep-prefix/src/protobuf_ep/src/google/protobuf/compiler/cpp/cpp_enum_field.cc.o[0m
[ 55%] [32mBuilding CXX object CMakeFiles/libprotoc.dir/workspace/linux/clang-quickstart/vscode/code/storage_project/index/demo/build/orc/protobuf_ep-prefix/src/protobuf_ep/src/google/protobuf/compiler/cpp/cpp_extension.cc.o[0m
[ 56%] [32mBuilding CXX object CMakeFiles/libprotoc.dir/workspace/linux/clang-quickstart/vscode/code/storage_project/index/demo/build/orc/protobuf_ep-prefix/src/protobuf_ep/src/google/protobuf/compiler/cpp/cpp_field.cc.o[0m
[ 56%] [32mBuilding CXX object CMakeFiles/libprotoc.dir/workspace/linux/clang-quickstart/vscode/code/storage_project/index/demo/build/orc/protobuf_ep-prefix/src/protobuf_ep/src/google/protobuf/compiler/cpp/cpp_file.cc.o[0m
[ 57%] [32mBuilding CXX object CMakeFiles/libprotoc.dir/workspace/linux/clang-quickstart/vscode/code/storage_project/index/demo/build/orc/protobuf_ep-prefix/src/protobuf_ep/src/google/protobuf/compiler/cpp/cpp_generator.cc.o[0m
[ 57%] [32mBuilding CXX object CMakeFiles/libprotoc.dir/workspace/linux/clang-quickstart/vscode/code/storage_project/index/demo/build/orc/protobuf_ep-prefix/src/protobuf_ep/src/google/protobuf/compiler/cpp/cpp_helpers.cc.o[0m
[ 57%] [32mBuilding CXX object CMakeFiles/libprotoc.dir/workspace/linux/clang-quickstart/vscode/code/storage_project/index/demo/build/orc/protobuf_ep-prefix/src/protobuf_ep/src/google/protobuf/compiler/cpp/cpp_map_field.cc.o[0m
[ 58%] [32mBuilding CXX object CMakeFiles/libprotoc.dir/workspace/linux/clang-quickstart/vscode/code/storage_project/index/demo/build/orc/protobuf_ep-prefix/src/protobuf_ep/src/google/protobuf/compiler/cpp/cpp_message.cc.o[0m
[ 58%] [32mBuilding CXX object CMakeFiles/libprotoc.dir/workspace/linux/clang-quickstart/vscode/code/storage_project/index/demo/build/orc/protobuf_ep-prefix/src/protobuf_ep/src/google/protobuf/compiler/cpp/cpp_message_field.cc.o[0m
[ 59%] [32mBuilding CXX object CMakeFiles/libprotoc.dir/workspace/linux/clang-quickstart/vscode/code/storage_project/index/demo/build/orc/protobuf_ep-prefix/src/protobuf_ep/src/google/protobuf/compiler/cpp/cpp_padding_optimizer.cc.o[0m
[ 59%] [32mBuilding CXX object CMakeFiles/libprotoc.dir/workspace/linux/clang-quickstart/vscode/code/storage_project/index/demo/build/orc/protobuf_ep-prefix/src/protobuf_ep/src/google/protobuf/compiler/cpp/cpp_primitive_field.cc.o[0m
[ 60%] [32mBuilding CXX object CMakeFiles/libprotoc.dir/workspace/linux/clang-quickstart/vscode/code/storage_project/index/demo/build/orc/protobuf_ep-prefix/src/protobuf_ep/src/google/protobuf/compiler/cpp/cpp_service.cc.o[0m
[ 60%] [32mBuilding CXX object CMakeFiles/libprotoc.dir/workspace/linux/clang-quickstart/vscode/code/storage_project/index/demo/build/orc/protobuf_ep-prefix/src/protobuf_ep/src/google/protobuf/compiler/cpp/cpp_string_field.cc.o[0m
[ 61%] [32mBuilding CXX object CMakeFiles/libprotoc.dir/workspace/linux/clang-quickstart/vscode/code/storage_project/index/demo/build/orc/protobuf_ep-prefix/src/protobuf_ep/src/google/protobuf/compiler/csharp/csharp_doc_comment.cc.o[0m
[ 61%] [32mBuilding CXX object CMakeFiles/libprotoc.dir/workspace/linux/clang-quickstart/vscode/code/storage_project/index/demo/build/orc/protobuf_ep-prefix/src/protobuf_ep/src/google/protobuf/compiler/csharp/csharp_enum.cc.o[0m
[ 62%] [32mBuilding CXX object CMakeFiles/libprotoc.dir/workspace/linux/clang-quickstart/vscode/code/storage_project/index/demo/build/orc/protobuf_ep-prefix/src/protobuf_ep/src/google/protobuf/compiler/csharp/csharp_enum_field.cc.o[0m
[ 62%] [32mBuilding CXX object CMakeFiles/libprotoc.dir/workspace/linux/clang-quickstart/vscode/code/storage_project/index/demo/build/orc/protobuf_ep-prefix/src/protobuf_ep/src/google/protobuf/compiler/csharp/csharp_field_base.cc.o[0m
[ 63%] [32mBuilding CXX object CMakeFiles/libprotoc.dir/workspace/linux/clang-quickstart/vscode/code/storage_project/index/demo/build/orc/protobuf_ep-prefix/src/protobuf_ep/src/google/protobuf/compiler/csharp/csharp_generator.cc.o[0m
[ 63%] [32mBuilding CXX object CMakeFiles/libprotoc.dir/workspace/linux/clang-quickstart/vscode/code/storage_project/index/demo/build/orc/protobuf_ep-prefix/src/protobuf_ep/src/google/protobuf/compiler/csharp/csharp_helpers.cc.o[0m
[ 64%] [32mBuilding CXX object CMakeFiles/libprotoc.dir/workspace/linux/clang-quickstart/vscode/code/storage_project/index/demo/build/orc/protobuf_ep-prefix/src/protobuf_ep/src/google/protobuf/compiler/csharp/csharp_map_field.cc.o[0m
[ 64%] [32mBuilding CXX object CMakeFiles/libprotoc.dir/workspace/linux/clang-quickstart/vscode/code/storage_project/index/demo/build/orc/protobuf_ep-prefix/src/protobuf_ep/src/google/protobuf/compiler/csharp/csharp_message.cc.o[0m
[ 65%] [32mBuilding CXX object CMakeFiles/libprotoc.dir/workspace/linux/clang-quickstart/vscode/code/storage_project/index/demo/build/orc/protobuf_ep-prefix/src/protobuf_ep/src/google/protobuf/compiler/csharp/csharp_message_field.cc.o[0m
[ 65%] [32mBuilding CXX object CMakeFiles/libprotoc.dir/workspace/linux/clang-quickstart/vscode/code/storage_project/index/demo/build/orc/protobuf_ep-prefix/src/protobuf_ep/src/google/protobuf/compiler/csharp/csharp_primitive_field.cc.o[0m
[ 66%] [32mBuilding CXX object CMakeFiles/libprotoc.dir/workspace/linux/clang-quickstart/vscode/code/storage_project/index/demo/build/orc/protobuf_ep-prefix/src/protobuf_ep/src/google/protobuf/compiler/csharp/csharp_reflection_class.cc.o[0m
[ 66%] [32mBuilding CXX object CMakeFiles/libprotoc.dir/workspace/linux/clang-quickstart/vscode/code/storage_project/index/demo/build/orc/protobuf_ep-prefix/src/protobuf_ep/src/google/protobuf/compiler/csharp/csharp_repeated_enum_field.cc.o[0m
[ 67%] [32mBuilding CXX object CMakeFiles/libprotoc.dir/workspace/linux/clang-quickstart/vscode/code/storage_project/index/demo/build/orc/protobuf_ep-prefix/src/protobuf_ep/src/google/protobuf/compiler/csharp/csharp_repeated_message_field.cc.o[0m
[ 67%] [32mBuilding CXX object CMakeFiles/libprotoc.dir/workspace/linux/clang-quickstart/vscode/code/storage_project/index/demo/build/orc/protobuf_ep-prefix/src/protobuf_ep/src/google/protobuf/compiler/csharp/csharp_repeated_primitive_field.cc.o[0m
[ 68%] [32mBuilding CXX object CMakeFiles/libprotoc.dir/workspace/linux/clang-quickstart/vscode/code/storage_project/index/demo/build/orc/protobuf_ep-prefix/src/protobuf_ep/src/google/protobuf/compiler/csharp/csharp_source_generator_base.cc.o[0m
[ 68%] [32mBuilding CXX object CMakeFiles/libprotoc.dir/workspace/linux/clang-quickstart/vscode/code/storage_project/index/demo/build/orc/protobuf_ep-prefix/src/protobuf_ep/src/google/protobuf/compiler/csharp/csharp_wrapper_field.cc.o[0m
[ 69%] [32mBuilding CXX object CMakeFiles/libprotoc.dir/workspace/linux/clang-quickstart/vscode/code/storage_project/index/demo/build/orc/protobuf_ep-prefix/src/protobuf_ep/src/google/protobuf/compiler/java/java_context.cc.o[0m
[ 69%] [32mBuilding CXX object CMakeFiles/libprotoc.dir/workspace/linux/clang-quickstart/vscode/code/storage_project/index/demo/build/orc/protobuf_ep-prefix/src/protobuf_ep/src/google/protobuf/compiler/java/java_doc_comment.cc.o[0m
[ 70%] [32mBuilding CXX object CMakeFiles/libprotoc.dir/workspace/linux/clang-quickstart/vscode/code/storage_project/index/demo/build/orc/protobuf_ep-prefix/src/protobuf_ep/src/google/protobuf/compiler/java/java_enum.cc.o[0m
[ 70%] [32mBuilding CXX object CMakeFiles/libprotoc.dir/workspace/linux/clang-quickstart/vscode/code/storage_project/index/demo/build/orc/protobuf_ep-prefix/src/protobuf_ep/src/google/protobuf/compiler/java/java_enum_field.cc.o[0m
[ 71%] [32mBuilding CXX object CMakeFiles/libprotoc.dir/workspace/linux/clang-quickstart/vscode/code/storage_project/index/demo/build/orc/protobuf_ep-prefix/src/protobuf_ep/src/google/protobuf/compiler/java/java_enum_field_lite.cc.o[0m
[ 71%] [32mBuilding CXX object CMakeFiles/libprotoc.dir/workspace/linux/clang-quickstart/vscode/code/storage_project/index/demo/build/orc/protobuf_ep-prefix/src/protobuf_ep/src/google/protobuf/compiler/java/java_enum_lite.cc.o[0m
[ 71%] [32mBuilding CXX object CMakeFiles/libprotoc.dir/workspace/linux/clang-quickstart/vscode/code/storage_project/index/demo/build/orc/protobuf_ep-prefix/src/protobuf_ep/src/google/protobuf/compiler/java/java_extension.cc.o[0m
[ 72%] [32mBuilding CXX object CMakeFiles/libprotoc.dir/workspace/linux/clang-quickstart/vscode/code/storage_project/index/demo/build/orc/protobuf_ep-prefix/src/protobuf_ep/src/google/protobuf/compiler/java/java_extension_lite.cc.o[0m
[ 72%] [32mBuilding CXX object CMakeFiles/libprotoc.dir/workspace/linux/clang-quickstart/vscode/code/storage_project/index/demo/build/orc/protobuf_ep-prefix/src/protobuf_ep/src/google/protobuf/compiler/java/java_field.cc.o[0m
[ 73%] [32mBuilding CXX object CMakeFiles/libprotoc.dir/workspace/linux/clang-quickstart/vscode/code/storage_project/index/demo/build/orc/protobuf_ep-prefix/src/protobuf_ep/src/google/protobuf/compiler/java/java_file.cc.o[0m
[ 73%] [32mBuilding CXX object CMakeFiles/libprotoc.dir/workspace/linux/clang-quickstart/vscode/code/storage_project/index/demo/build/orc/protobuf_ep-prefix/src/protobuf_ep/src/google/protobuf/compiler/java/java_generator.cc.o[0m
[ 74%] [32mBuilding CXX object CMakeFiles/libprotoc.dir/workspace/linux/clang-quickstart/vscode/code/storage_project/index/demo/build/orc/protobuf_ep-prefix/src/protobuf_ep/src/google/protobuf/compiler/java/java_generator_factory.cc.o[0m
[ 74%] [32mBuilding CXX object CMakeFiles/libprotoc.dir/workspace/linux/clang-quickstart/vscode/code/storage_project/index/demo/build/orc/protobuf_ep-prefix/src/protobuf_ep/src/google/protobuf/compiler/java/java_helpers.cc.o[0m
[ 75%] [32mBuilding CXX object CMakeFiles/libprotoc.dir/workspace/linux/clang-quickstart/vscode/code/storage_project/index/demo/build/orc/protobuf_ep-prefix/src/protobuf_ep/src/google/protobuf/compiler/java/java_lazy_message_field.cc.o[0m
[ 75%] [32mBuilding CXX object CMakeFiles/libprotoc.dir/workspace/linux/clang-quickstart/vscode/code/storage_project/index/demo/build/orc/protobuf_ep-prefix/src/protobuf_ep/src/google/protobuf/compiler/java/java_lazy_message_field_lite.cc.o[0m
[ 76%] [32mBuilding CXX object CMakeFiles/libprotoc.dir/workspace/linux/clang-quickstart/vscode/code/storage_project/index/demo/build/orc/protobuf_ep-prefix/src/protobuf_ep/src/google/protobuf/compiler/java/java_map_field.cc.o[0m
[ 76%] [32mBuilding CXX object CMakeFiles/libprotoc.dir/workspace/linux/clang-quickstart/vscode/code/storage_project/index/demo/build/orc/protobuf_ep-prefix/src/protobuf_ep/src/google/protobuf/compiler/java/java_map_field_lite.cc.o[0m
[ 77%] [32mBuilding CXX object CMakeFiles/libprotoc.dir/workspace/linux/clang-quickstart/vscode/code/storage_project/index/demo/build/orc/protobuf_ep-prefix/src/protobuf_ep/src/google/protobuf/compiler/java/java_message.cc.o[0m
[ 77%] [32mBuilding CXX object CMakeFiles/libprotoc.dir/workspace/linux/clang-quickstart/vscode/code/storage_project/index/demo/build/orc/protobuf_ep-prefix/src/protobuf_ep/src/google/protobuf/compiler/java/java_message_builder.cc.o[0m
[ 78%] [32mBuilding CXX object CMakeFiles/libprotoc.dir/workspace/linux/clang-quickstart/vscode/code/storage_project/index/demo/build/orc/protobuf_ep-prefix/src/protobuf_ep/src/google/protobuf/compiler/java/java_message_builder_lite.cc.o[0m
[ 78%] [32mBuilding CXX object CMakeFiles/libprotoc.dir/workspace/linux/clang-quickstart/vscode/code/storage_project/index/demo/build/orc/protobuf_ep-prefix/src/protobuf_ep/src/google/protobuf/compiler/java/java_message_field.cc.o[0m
[ 79%] [32mBuilding CXX object CMakeFiles/libprotoc.dir/workspace/linux/clang-quickstart/vscode/code/storage_project/index/demo/build/orc/protobuf_ep-prefix/src/protobuf_ep/src/google/protobuf/compiler/java/java_message_field_lite.cc.o[0m
[ 79%] [32mBuilding CXX object CMakeFiles/libprotoc.dir/workspace/linux/clang-quickstart/vscode/code/storage_project/index/demo/build/orc/protobuf_ep-prefix/src/protobuf_ep/src/google/protobuf/compiler/java/java_message_lite.cc.o[0m
[ 80%] [32mBuilding CXX object CMakeFiles/libprotoc.dir/workspace/linux/clang-quickstart/vscode/code/storage_project/index/demo/build/orc/protobuf_ep-prefix/src/protobuf_ep/src/google/protobuf/compiler/java/java_name_resolver.cc.o[0m
[ 80%] [32mBuilding CXX object CMakeFiles/libprotoc.dir/workspace/linux/clang-quickstart/vscode/code/storage_project/index/demo/build/orc/protobuf_ep-prefix/src/protobuf_ep/src/google/protobuf/compiler/java/java_primitive_field.cc.o[0m
[ 81%] [32mBuilding CXX object CMakeFiles/libprotoc.dir/workspace/linux/clang-quickstart/vscode/code/storage_project/index/demo/build/orc/protobuf_ep-prefix/src/protobuf_ep/src/google/protobuf/compiler/java/java_primitive_field_lite.cc.o[0m
[ 81%] [32mBuilding CXX object CMakeFiles/libprotoc.dir/workspace/linux/clang-quickstart/vscode/code/storage_project/index/demo/build/orc/protobuf_ep-prefix/src/protobuf_ep/src/google/protobuf/compiler/java/java_service.cc.o[0m
[ 82%] [32mBuilding CXX object CMakeFiles/libprotoc.dir/workspace/linux/clang-quickstart/vscode/code/storage_project/index/demo/build/orc/protobuf_ep-prefix/src/protobuf_ep/src/google/protobuf/compiler/java/java_shared_code_generator.cc.o[0m
[ 82%] [32mBuilding CXX object CMakeFiles/libprotoc.dir/workspace/linux/clang-quickstart/vscode/code/storage_project/index/demo/build/orc/protobuf_ep-prefix/src/protobuf_ep/src/google/protobuf/compiler/java/java_string_field.cc.o[0m
[ 83%] [32mBuilding CXX object CMakeFiles/libprotoc.dir/workspace/linux/clang-quickstart/vscode/code/storage_project/index/demo/build/orc/protobuf_ep-prefix/src/protobuf_ep/src/google/protobuf/compiler/java/java_string_field_lite.cc.o[0m
[ 83%] [32mBuilding CXX object CMakeFiles/libprotoc.dir/workspace/linux/clang-quickstart/vscode/code/storage_project/index/demo/build/orc/protobuf_ep-prefix/src/protobuf_ep/src/google/protobuf/compiler/javanano/javanano_enum.cc.o[0m
[ 84%] [32mBuilding CXX object CMakeFiles/libprotoc.dir/workspace/linux/clang-quickstart/vscode/code/storage_project/index/demo/build/orc/protobuf_ep-prefix/src/protobuf_ep/src/google/protobuf/compiler/javanano/javanano_enum_field.cc.o[0m
[ 84%] [32mBuilding CXX object CMakeFiles/libprotoc.dir/workspace/linux/clang-quickstart/vscode/code/storage_project/index/demo/build/orc/protobuf_ep-prefix/src/protobuf_ep/src/google/protobuf/compiler/javanano/javanano_extension.cc.o[0m
[ 85%] [32mBuilding CXX object CMakeFiles/libprotoc.dir/workspace/linux/clang-quickstart/vscode/code/storage_project/index/demo/build/orc/protobuf_ep-prefix/src/protobuf_ep/src/google/protobuf/compiler/javanano/javanano_field.cc.o[0m
[ 85%] [32mBuilding CXX object CMakeFiles/libprotoc.dir/workspace/linux/clang-quickstart/vscode/code/storage_project/index/demo/build/orc/protobuf_ep-prefix/src/protobuf_ep/src/google/protobuf/compiler/javanano/javanano_file.cc.o[0m
[ 85%] [32mBuilding CXX object CMakeFiles/libprotoc.dir/workspace/linux/clang-quickstart/vscode/code/storage_project/index/demo/build/orc/protobuf_ep-prefix/src/protobuf_ep/src/google/protobuf/compiler/javanano/javanano_generator.cc.o[0m
[ 86%] [32mBuilding CXX object CMakeFiles/libprotoc.dir/workspace/linux/clang-quickstart/vscode/code/storage_project/index/demo/build/orc/protobuf_ep-prefix/src/protobuf_ep/src/google/protobuf/compiler/javanano/javanano_helpers.cc.o[0m
[ 86%] [32mBuilding CXX object CMakeFiles/libprotoc.dir/workspace/linux/clang-quickstart/vscode/code/storage_project/index/demo/build/orc/protobuf_ep-prefix/src/protobuf_ep/src/google/protobuf/compiler/javanano/javanano_map_field.cc.o[0m
[ 87%] [32mBuilding CXX object CMakeFiles/libprotoc.dir/workspace/linux/clang-quickstart/vscode/code/storage_project/index/demo/build/orc/protobuf_ep-prefix/src/protobuf_ep/src/google/protobuf/compiler/javanano/javanano_message.cc.o[0m
[ 87%] [32mBuilding CXX object CMakeFiles/libprotoc.dir/workspace/linux/clang-quickstart/vscode/code/storage_project/index/demo/build/orc/protobuf_ep-prefix/src/protobuf_ep/src/google/protobuf/compiler/javanano/javanano_message_field.cc.o[0m
[ 88%] [32mBuilding CXX object CMakeFiles/libprotoc.dir/workspace/linux/clang-quickstart/vscode/code/storage_project/index/demo/build/orc/protobuf_ep-prefix/src/protobuf_ep/src/google/protobuf/compiler/javanano/javanano_primitive_field.cc.o[0m
[ 88%] [32mBuilding CXX object CMakeFiles/libprotoc.dir/workspace/linux/clang-quickstart/vscode/code/storage_project/index/demo/build/orc/protobuf_ep-prefix/src/protobuf_ep/src/google/protobuf/compiler/js/js_generator.cc.o[0m
[ 89%] [32mBuilding CXX object CMakeFiles/libprotoc.dir/workspace/linux/clang-quickstart/vscode/code/storage_project/index/demo/build/orc/protobuf_ep-prefix/src/protobuf_ep/src/google/protobuf/compiler/js/well_known_types_embed.cc.o[0m
[ 89%] [32mBuilding CXX object CMakeFiles/libprotoc.dir/workspace/linux/clang-quickstart/vscode/code/storage_project/index/demo/build/orc/protobuf_ep-prefix/src/protobuf_ep/src/google/protobuf/compiler/objectivec/objectivec_enum.cc.o[0m
[ 90%] [32mBuilding CXX object CMakeFiles/libprotoc.dir/workspace/linux/clang-quickstart/vscode/code/storage_project/index/demo/build/orc/protobuf_ep-prefix/src/protobuf_ep/src/google/protobuf/compiler/objectivec/objectivec_enum_field.cc.o[0m
[ 90%] [32mBuilding CXX object CMakeFiles/libprotoc.dir/workspace/linux/clang-quickstart/vscode/code/storage_project/index/demo/build/orc/protobuf_ep-prefix/src/protobuf_ep/src/google/protobuf/compiler/objectivec/objectivec_extension.cc.o[0m
[ 91%] [32mBuilding CXX object CMakeFiles/libprotoc.dir/workspace/linux/clang-quickstart/vscode/code/storage_project/index/demo/build/orc/protobuf_ep-prefix/src/protobuf_ep/src/google/protobuf/compiler/objectivec/objectivec_field.cc.o[0m
[ 91%] [32mBuilding CXX object CMakeFiles/libprotoc.dir/workspace/linux/clang-quickstart/vscode/code/storage_project/index/demo/build/orc/protobuf_ep-prefix/src/protobuf_ep/src/google/protobuf/compiler/objectivec/objectivec_file.cc.o[0m
[ 92%] [32mBuilding CXX object CMakeFiles/libprotoc.dir/workspace/linux/clang-quickstart/vscode/code/storage_project/index/demo/build/orc/protobuf_ep-prefix/src/protobuf_ep/src/google/protobuf/compiler/objectivec/objectivec_generator.cc.o[0m
[ 92%] [32mBuilding CXX object CMakeFiles/libprotoc.dir/workspace/linux/clang-quickstart/vscode/code/storage_project/index/demo/build/orc/protobuf_ep-prefix/src/protobuf_ep/src/google/protobuf/compiler/objectivec/objectivec_helpers.cc.o[0m
[ 93%] [32mBuilding CXX object CMakeFiles/libprotoc.dir/workspace/linux/clang-quickstart/vscode/code/storage_project/index/demo/build/orc/protobuf_ep-prefix/src/protobuf_ep/src/google/protobuf/compiler/objectivec/objectivec_map_field.cc.o[0m
[ 93%] [32mBuilding CXX object CMakeFiles/libprotoc.dir/workspace/linux/clang-quickstart/vscode/code/storage_project/index/demo/build/orc/protobuf_ep-prefix/src/protobuf_ep/src/google/protobuf/compiler/objectivec/objectivec_message.cc.o[0m
[ 94%] [32mBuilding CXX object CMakeFiles/libprotoc.dir/workspace/linux/clang-quickstart/vscode/code/storage_project/index/demo/build/orc/protobuf_ep-prefix/src/protobuf_ep/src/google/protobuf/compiler/objectivec/objectivec_message_field.cc.o[0m
[ 94%] [32mBuilding CXX object CMakeFiles/libprotoc.dir/workspace/linux/clang-quickstart/vscode/code/storage_project/index/demo/build/orc/protobuf_ep-prefix/src/protobuf_ep/src/google/protobuf/compiler/objectivec/objectivec_oneof.cc.o[0m
[ 95%] [32mBuilding CXX object CMakeFiles/libprotoc.dir/workspace/linux/clang-quickstart/vscode/code/storage_project/index/demo/build/orc/protobuf_ep-prefix/src/protobuf_ep/src/google/protobuf/compiler/objectivec/objectivec_primitive_field.cc.o[0m
[ 95%] [32mBuilding CXX object CMakeFiles/libprotoc.dir/workspace/linux/clang-quickstart/vscode/code/storage_project/index/demo/build/orc/protobuf_ep-prefix/src/protobuf_ep/src/google/protobuf/compiler/php/php_generator.cc.o[0m
[ 96%] [32mBuilding CXX object CMakeFiles/libprotoc.dir/workspace/linux/clang-quickstart/vscode/code/storage_project/index/demo/build/orc/protobuf_ep-prefix/src/protobuf_ep/src/google/protobuf/compiler/plugin.cc.o[0m
[ 96%] [32mBuilding CXX object CMakeFiles/libprotoc.dir/workspace/linux/clang-quickstart/vscode/code/storage_project/index/demo/build/orc/protobuf_ep-prefix/src/protobuf_ep/src/google/protobuf/compiler/plugin.pb.cc.o[0m
[ 97%] [32mBuilding CXX object CMakeFiles/libprotoc.dir/workspace/linux/clang-quickstart/vscode/code/storage_project/index/demo/build/orc/protobuf_ep-prefix/src/protobuf_ep/src/google/protobuf/compiler/python/python_generator.cc.o[0m
[ 97%] [32mBuilding CXX object CMakeFiles/libprotoc.dir/workspace/linux/clang-quickstart/vscode/code/storage_project/index/demo/build/orc/protobuf_ep-prefix/src/protobuf_ep/src/google/protobuf/compiler/ruby/ruby_generator.cc.o[0m
[ 98%] [32mBuilding CXX object CMakeFiles/libprotoc.dir/workspace/linux/clang-quickstart/vscode/code/storage_project/index/demo/build/orc/protobuf_ep-prefix/src/protobuf_ep/src/google/protobuf/compiler/subprocess.cc.o[0m
[ 98%] [32mBuilding CXX object CMakeFiles/libprotoc.dir/workspace/linux/clang-quickstart/vscode/code/storage_project/index/demo/build/orc/protobuf_ep-prefix/src/protobuf_ep/src/google/protobuf/compiler/zip_writer.cc.o[0m
[ 99%] [32m[1mLinking CXX static library libprotoc.a[0m
[ 99%] Built target libprotoc
[ 99%] [32mBuilding CXX object CMakeFiles/protoc.dir/workspace/linux/clang-quickstart/vscode/code/storage_project/index/demo/build/orc/protobuf_ep-prefix/src/protobuf_ep/src/google/protobuf/compiler/main.cc.o[0m
[100%] [32m[1mLinking CXX executable protoc[0m
[100%] Built target protoc
