-- Downloading...
   dst='/workspace/linux/clang-quickstart/vscode/code/storage_project/index/demo/build_orc/orc/lz4_ep-prefix/src/v1.10.0.tar.gz'
   timeout='none'
   inactivity timeout='none'
-- Using src='https://github.com/lz4/lz4/archive/v1.10.0.tar.gz'
-- [download 3% complete]
-- [download 5% complete]
-- [download 7% complete]
-- [download 9% complete]
-- [download 11% complete]
-- [download 14% complete]
-- [download 16% complete]
-- [download 18% complete]
-- [download 20% complete]
-- [download 22% complete]
-- [download 24% complete]
-- [download 25% complete]
-- [download 27% complete]
-- [download 29% complete]
-- [download 31% complete]
-- [download 33% complete]
-- [download 35% complete]
-- [download 38% complete]
-- [download 40% complete]
-- [download 42% complete]
-- [download 44% complete]
-- [download 46% complete]
-- [download 48% complete]
-- [download 50% complete]
-- [download 52% complete]
-- [download 54% complete]
-- [download 56% complete]
-- [download 58% complete]
-- [download 60% complete]
-- [download 63% complete]
-- [download 65% complete]
-- [download 66% complete]
-- [download 69% complete]
-- [download 71% complete]
-- [download 73% complete]
-- [download 75% complete]
-- [download 77% complete]
-- [download 79% complete]
-- [download 81% complete]
-- [download 83% complete]
-- [download 86% complete]
-- [download 87% complete]
-- [download 89% complete]
-- [download 92% complete]
-- [download 94% complete]
-- [download 96% complete]
-- [download 98% complete]
-- [download 100% complete]
-- Downloading... done
-- extracting...
     src='/workspace/linux/clang-quickstart/vscode/code/storage_project/index/demo/build_orc/orc/lz4_ep-prefix/src/v1.10.0.tar.gz'
     dst='/workspace/linux/clang-quickstart/vscode/code/storage_project/index/demo/build_orc/orc/lz4_ep-prefix/src/lz4_ep'
-- extracting... [tar xfz]
-- extracting... [analysis]
-- extracting... [rename]
-- extracting... [clean up]
-- extracting... done
