Consolidate compiler generated dependencies of target zlib
[ 40%] Built target zlib
Consolidate compiler generated dependencies of target zlibstatic
[ 80%] Built target zlibstatic
Consolidate compiler generated dependencies of target example
[ 85%] Built target example
Consolidate compiler generated dependencies of target minigzip
[ 90%] Built target minigzip
Consolidate compiler generated dependencies of target example64
[ 95%] Built target example64
Consolidate compiler generated dependencies of target minigzip64
[100%] Built target minigzip64
Install the project...
-- Install configuration: ""
-- Installing: /workspace/linux/clang-quickstart/vscode/code/storage_project/index/demo/build_orc/orc/c++/libs/thirdparty/zlib_ep-install/lib/libz.so.1.3.1
-- Installing: /workspace/linux/clang-quickstart/vscode/code/storage_project/index/demo/build_orc/orc/c++/libs/thirdparty/zlib_ep-install/lib/libz.so.1
-- Installing: /workspace/linux/clang-quickstart/vscode/code/storage_project/index/demo/build_orc/orc/c++/libs/thirdparty/zlib_ep-install/lib/libz.so
-- Installing: /workspace/linux/clang-quickstart/vscode/code/storage_project/index/demo/build_orc/orc/c++/libs/thirdparty/zlib_ep-install/lib/libz.a
-- Installing: /workspace/linux/clang-quickstart/vscode/code/storage_project/index/demo/build_orc/orc/c++/libs/thirdparty/zlib_ep-install/include/zconf.h
-- Installing: /workspace/linux/clang-quickstart/vscode/code/storage_project/index/demo/build_orc/orc/c++/libs/thirdparty/zlib_ep-install/include/zlib.h
-- Installing: /workspace/linux/clang-quickstart/vscode/code/storage_project/index/demo/build_orc/orc/c++/libs/thirdparty/zlib_ep-install/share/man/man3/zlib.3
-- Installing: /workspace/linux/clang-quickstart/vscode/code/storage_project/index/demo/build_orc/orc/c++/libs/thirdparty/zlib_ep-install/share/pkgconfig/zlib.pc
