[  0%] Building CXX object CMakeFiles/libprotobuf-lite.dir/workspace/linux/clang-quickstart/vscode/code/storage_project/index/demo/build_orc/orc/protobuf_ep-prefix/src/protobuf_ep/src/google/protobuf/arena.cc.o
[  1%] Building CXX object CMakeFiles/libprotobuf-lite.dir/workspace/linux/clang-quickstart/vscode/code/storage_project/index/demo/build_orc/orc/protobuf_ep-prefix/src/protobuf_ep/src/google/protobuf/arenastring.cc.o
[  1%] Building CXX object CMakeFiles/libprotobuf-lite.dir/workspace/linux/clang-quickstart/vscode/code/storage_project/index/demo/build_orc/orc/protobuf_ep-prefix/src/protobuf_ep/src/google/protobuf/extension_set.cc.o
[  2%] Building CXX object CMakeFiles/libprotobuf-lite.dir/workspace/linux/clang-quickstart/vscode/code/storage_project/index/demo/build_orc/orc/protobuf_ep-prefix/src/protobuf_ep/src/google/protobuf/generated_message_table_driven_lite.cc.o
[  2%] Building CXX object CMakeFiles/libprotobuf-lite.dir/workspace/linux/clang-quickstart/vscode/code/storage_project/index/demo/build_orc/orc/protobuf_ep-prefix/src/protobuf_ep/src/google/protobuf/generated_message_util.cc.o
[  2%] Building CXX object CMakeFiles/libprotobuf-lite.dir/workspace/linux/clang-quickstart/vscode/code/storage_project/index/demo/build_orc/orc/protobuf_ep-prefix/src/protobuf_ep/src/google/protobuf/io/coded_stream.cc.o
[  3%] Building CXX object CMakeFiles/libprotobuf-lite.dir/workspace/linux/clang-quickstart/vscode/code/storage_project/index/demo/build_orc/orc/protobuf_ep-prefix/src/protobuf_ep/src/google/protobuf/io/zero_copy_stream.cc.o
[  3%] Building CXX object CMakeFiles/libprotobuf-lite.dir/workspace/linux/clang-quickstart/vscode/code/storage_project/index/demo/build_orc/orc/protobuf_ep-prefix/src/protobuf_ep/src/google/protobuf/io/zero_copy_stream_impl_lite.cc.o
[  4%] Building CXX object CMakeFiles/libprotobuf-lite.dir/workspace/linux/clang-quickstart/vscode/code/storage_project/index/demo/build_orc/orc/protobuf_ep-prefix/src/protobuf_ep/src/google/protobuf/message_lite.cc.o
[  4%] Building CXX object CMakeFiles/libprotobuf-lite.dir/workspace/linux/clang-quickstart/vscode/code/storage_project/index/demo/build_orc/orc/protobuf_ep-prefix/src/protobuf_ep/src/google/protobuf/repeated_field.cc.o
[  5%] Building CXX object CMakeFiles/libprotobuf-lite.dir/workspace/linux/clang-quickstart/vscode/code/storage_project/index/demo/build_orc/orc/protobuf_ep-prefix/src/protobuf_ep/src/google/protobuf/stubs/atomicops_internals_x86_gcc.cc.o
[  5%] Building CXX object CMakeFiles/libprotobuf-lite.dir/workspace/linux/clang-quickstart/vscode/code/storage_project/index/demo/build_orc/orc/protobuf_ep-prefix/src/protobuf_ep/src/google/protobuf/stubs/atomicops_internals_x86_msvc.cc.o
[  6%] Building CXX object CMakeFiles/libprotobuf-lite.dir/workspace/linux/clang-quickstart/vscode/code/storage_project/index/demo/build_orc/orc/protobuf_ep-prefix/src/protobuf_ep/src/google/protobuf/stubs/bytestream.cc.o
[  6%] Building CXX object CMakeFiles/libprotobuf-lite.dir/workspace/linux/clang-quickstart/vscode/code/storage_project/index/demo/build_orc/orc/protobuf_ep-prefix/src/protobuf_ep/src/google/protobuf/stubs/common.cc.o
[  7%] Building CXX object CMakeFiles/libprotobuf-lite.dir/workspace/linux/clang-quickstart/vscode/code/storage_project/index/demo/build_orc/orc/protobuf_ep-prefix/src/protobuf_ep/src/google/protobuf/stubs/int128.cc.o
[  7%] Building CXX object CMakeFiles/libprotobuf-lite.dir/workspace/linux/clang-quickstart/vscode/code/storage_project/index/demo/build_orc/orc/protobuf_ep-prefix/src/protobuf_ep/src/google/protobuf/stubs/io_win32.cc.o
[  8%] Building CXX object CMakeFiles/libprotobuf-lite.dir/workspace/linux/clang-quickstart/vscode/code/storage_project/index/demo/build_orc/orc/protobuf_ep-prefix/src/protobuf_ep/src/google/protobuf/stubs/once.cc.o
[  8%] Building CXX object CMakeFiles/libprotobuf-lite.dir/workspace/linux/clang-quickstart/vscode/code/storage_project/index/demo/build_orc/orc/protobuf_ep-prefix/src/protobuf_ep/src/google/protobuf/stubs/status.cc.o
[  9%] Building CXX object CMakeFiles/libprotobuf-lite.dir/workspace/linux/clang-quickstart/vscode/code/storage_project/index/demo/build_orc/orc/protobuf_ep-prefix/src/protobuf_ep/src/google/protobuf/stubs/statusor.cc.o
[  9%] Building CXX object CMakeFiles/libprotobuf-lite.dir/workspace/linux/clang-quickstart/vscode/code/storage_project/index/demo/build_orc/orc/protobuf_ep-prefix/src/protobuf_ep/src/google/protobuf/stubs/stringpiece.cc.o
[ 10%] Building CXX object CMakeFiles/libprotobuf-lite.dir/workspace/linux/clang-quickstart/vscode/code/storage_project/index/demo/build_orc/orc/protobuf_ep-prefix/src/protobuf_ep/src/google/protobuf/stubs/stringprintf.cc.o
[ 10%] Building CXX object CMakeFiles/libprotobuf-lite.dir/workspace/linux/clang-quickstart/vscode/code/storage_project/index/demo/build_orc/orc/protobuf_ep-prefix/src/protobuf_ep/src/google/protobuf/stubs/structurally_valid.cc.o
[ 11%] Building CXX object CMakeFiles/libprotobuf-lite.dir/workspace/linux/clang-quickstart/vscode/code/storage_project/index/demo/build_orc/orc/protobuf_ep-prefix/src/protobuf_ep/src/google/protobuf/stubs/strutil.cc.o
[ 11%] Building CXX object CMakeFiles/libprotobuf-lite.dir/workspace/linux/clang-quickstart/vscode/code/storage_project/index/demo/build_orc/orc/protobuf_ep-prefix/src/protobuf_ep/src/google/protobuf/stubs/time.cc.o
[ 12%] Building CXX object CMakeFiles/libprotobuf-lite.dir/workspace/linux/clang-quickstart/vscode/code/storage_project/index/demo/build_orc/orc/protobuf_ep-prefix/src/protobuf_ep/src/google/protobuf/wire_format_lite.cc.o
[ 12%] Linking CXX static library libprotobuf-lite.a
[ 12%] Built target libprotobuf-lite
[ 13%] Building CXX object CMakeFiles/libprotobuf.dir/workspace/linux/clang-quickstart/vscode/code/storage_project/index/demo/build_orc/orc/protobuf_ep-prefix/src/protobuf_ep/src/google/protobuf/arena.cc.o
[ 13%] Building CXX object CMakeFiles/libprotobuf.dir/workspace/linux/clang-quickstart/vscode/code/storage_project/index/demo/build_orc/orc/protobuf_ep-prefix/src/protobuf_ep/src/google/protobuf/arenastring.cc.o
[ 14%] Building CXX object CMakeFiles/libprotobuf.dir/workspace/linux/clang-quickstart/vscode/code/storage_project/index/demo/build_orc/orc/protobuf_ep-prefix/src/protobuf_ep/src/google/protobuf/extension_set.cc.o
[ 14%] Building CXX object CMakeFiles/libprotobuf.dir/workspace/linux/clang-quickstart/vscode/code/storage_project/index/demo/build_orc/orc/protobuf_ep-prefix/src/protobuf_ep/src/google/protobuf/generated_message_table_driven_lite.cc.o
[ 15%] Building CXX object CMakeFiles/libprotobuf.dir/workspace/linux/clang-quickstart/vscode/code/storage_project/index/demo/build_orc/orc/protobuf_ep-prefix/src/protobuf_ep/src/google/protobuf/generated_message_util.cc.o
[ 15%] Building CXX object CMakeFiles/libprotobuf.dir/workspace/linux/clang-quickstart/vscode/code/storage_project/index/demo/build_orc/orc/protobuf_ep-prefix/src/protobuf_ep/src/google/protobuf/io/coded_stream.cc.o
[ 16%] Building CXX object CMakeFiles/libprotobuf.dir/workspace/linux/clang-quickstart/vscode/code/storage_project/index/demo/build_orc/orc/protobuf_ep-prefix/src/protobuf_ep/src/google/protobuf/io/zero_copy_stream.cc.o
[ 16%] Building CXX object CMakeFiles/libprotobuf.dir/workspace/linux/clang-quickstart/vscode/code/storage_project/index/demo/build_orc/orc/protobuf_ep-prefix/src/protobuf_ep/src/google/protobuf/io/zero_copy_stream_impl_lite.cc.o
[ 17%] Building CXX object CMakeFiles/libprotobuf.dir/workspace/linux/clang-quickstart/vscode/code/storage_project/index/demo/build_orc/orc/protobuf_ep-prefix/src/protobuf_ep/src/google/protobuf/message_lite.cc.o
[ 17%] Building CXX object CMakeFiles/libprotobuf.dir/workspace/linux/clang-quickstart/vscode/code/storage_project/index/demo/build_orc/orc/protobuf_ep-prefix/src/protobuf_ep/src/google/protobuf/repeated_field.cc.o
[ 18%] Building CXX object CMakeFiles/libprotobuf.dir/workspace/linux/clang-quickstart/vscode/code/storage_project/index/demo/build_orc/orc/protobuf_ep-prefix/src/protobuf_ep/src/google/protobuf/stubs/atomicops_internals_x86_gcc.cc.o
[ 18%] Building CXX object CMakeFiles/libprotobuf.dir/workspace/linux/clang-quickstart/vscode/code/storage_project/index/demo/build_orc/orc/protobuf_ep-prefix/src/protobuf_ep/src/google/protobuf/stubs/atomicops_internals_x86_msvc.cc.o
[ 19%] Building CXX object CMakeFiles/libprotobuf.dir/workspace/linux/clang-quickstart/vscode/code/storage_project/index/demo/build_orc/orc/protobuf_ep-prefix/src/protobuf_ep/src/google/protobuf/stubs/bytestream.cc.o
[ 19%] Building CXX object CMakeFiles/libprotobuf.dir/workspace/linux/clang-quickstart/vscode/code/storage_project/index/demo/build_orc/orc/protobuf_ep-prefix/src/protobuf_ep/src/google/protobuf/stubs/common.cc.o
[ 20%] Building CXX object CMakeFiles/libprotobuf.dir/workspace/linux/clang-quickstart/vscode/code/storage_project/index/demo/build_orc/orc/protobuf_ep-prefix/src/protobuf_ep/src/google/protobuf/stubs/int128.cc.o
[ 20%] Building CXX object CMakeFiles/libprotobuf.dir/workspace/linux/clang-quickstart/vscode/code/storage_project/index/demo/build_orc/orc/protobuf_ep-prefix/src/protobuf_ep/src/google/protobuf/stubs/io_win32.cc.o
[ 21%] Building CXX object CMakeFiles/libprotobuf.dir/workspace/linux/clang-quickstart/vscode/code/storage_project/index/demo/build_orc/orc/protobuf_ep-prefix/src/protobuf_ep/src/google/protobuf/stubs/once.cc.o
[ 21%] Building CXX object CMakeFiles/libprotobuf.dir/workspace/linux/clang-quickstart/vscode/code/storage_project/index/demo/build_orc/orc/protobuf_ep-prefix/src/protobuf_ep/src/google/protobuf/stubs/status.cc.o
[ 22%] Building CXX object CMakeFiles/libprotobuf.dir/workspace/linux/clang-quickstart/vscode/code/storage_project/index/demo/build_orc/orc/protobuf_ep-prefix/src/protobuf_ep/src/google/protobuf/stubs/statusor.cc.o
[ 22%] Building CXX object CMakeFiles/libprotobuf.dir/workspace/linux/clang-quickstart/vscode/code/storage_project/index/demo/build_orc/orc/protobuf_ep-prefix/src/protobuf_ep/src/google/protobuf/stubs/stringpiece.cc.o
[ 23%] Building CXX object CMakeFiles/libprotobuf.dir/workspace/linux/clang-quickstart/vscode/code/storage_project/index/demo/build_orc/orc/protobuf_ep-prefix/src/protobuf_ep/src/google/protobuf/stubs/stringprintf.cc.o
[ 23%] Building CXX object CMakeFiles/libprotobuf.dir/workspace/linux/clang-quickstart/vscode/code/storage_project/index/demo/build_orc/orc/protobuf_ep-prefix/src/protobuf_ep/src/google/protobuf/stubs/structurally_valid.cc.o
[ 24%] Building CXX object CMakeFiles/libprotobuf.dir/workspace/linux/clang-quickstart/vscode/code/storage_project/index/demo/build_orc/orc/protobuf_ep-prefix/src/protobuf_ep/src/google/protobuf/stubs/strutil.cc.o
[ 24%] Building CXX object CMakeFiles/libprotobuf.dir/workspace/linux/clang-quickstart/vscode/code/storage_project/index/demo/build_orc/orc/protobuf_ep-prefix/src/protobuf_ep/src/google/protobuf/stubs/time.cc.o
[ 25%] Building CXX object CMakeFiles/libprotobuf.dir/workspace/linux/clang-quickstart/vscode/code/storage_project/index/demo/build_orc/orc/protobuf_ep-prefix/src/protobuf_ep/src/google/protobuf/wire_format_lite.cc.o
[ 25%] Building CXX object CMakeFiles/libprotobuf.dir/workspace/linux/clang-quickstart/vscode/code/storage_project/index/demo/build_orc/orc/protobuf_ep-prefix/src/protobuf_ep/src/google/protobuf/any.cc.o
[ 26%] Building CXX object CMakeFiles/libprotobuf.dir/workspace/linux/clang-quickstart/vscode/code/storage_project/index/demo/build_orc/orc/protobuf_ep-prefix/src/protobuf_ep/src/google/protobuf/any.pb.cc.o
[ 26%] Building CXX object CMakeFiles/libprotobuf.dir/workspace/linux/clang-quickstart/vscode/code/storage_project/index/demo/build_orc/orc/protobuf_ep-prefix/src/protobuf_ep/src/google/protobuf/api.pb.cc.o
[ 26%] Building CXX object CMakeFiles/libprotobuf.dir/workspace/linux/clang-quickstart/vscode/code/storage_project/index/demo/build_orc/orc/protobuf_ep-prefix/src/protobuf_ep/src/google/protobuf/compiler/importer.cc.o
[ 27%] Building CXX object CMakeFiles/libprotobuf.dir/workspace/linux/clang-quickstart/vscode/code/storage_project/index/demo/build_orc/orc/protobuf_ep-prefix/src/protobuf_ep/src/google/protobuf/compiler/parser.cc.o
[ 27%] Building CXX object CMakeFiles/libprotobuf.dir/workspace/linux/clang-quickstart/vscode/code/storage_project/index/demo/build_orc/orc/protobuf_ep-prefix/src/protobuf_ep/src/google/protobuf/descriptor.cc.o
[ 28%] Building CXX object CMakeFiles/libprotobuf.dir/workspace/linux/clang-quickstart/vscode/code/storage_project/index/demo/build_orc/orc/protobuf_ep-prefix/src/protobuf_ep/src/google/protobuf/descriptor.pb.cc.o
[ 28%] Building CXX object CMakeFiles/libprotobuf.dir/workspace/linux/clang-quickstart/vscode/code/storage_project/index/demo/build_orc/orc/protobuf_ep-prefix/src/protobuf_ep/src/google/protobuf/descriptor_database.cc.o
[ 29%] Building CXX object CMakeFiles/libprotobuf.dir/workspace/linux/clang-quickstart/vscode/code/storage_project/index/demo/build_orc/orc/protobuf_ep-prefix/src/protobuf_ep/src/google/protobuf/duration.pb.cc.o
[ 29%] Building CXX object CMakeFiles/libprotobuf.dir/workspace/linux/clang-quickstart/vscode/code/storage_project/index/demo/build_orc/orc/protobuf_ep-prefix/src/protobuf_ep/src/google/protobuf/dynamic_message.cc.o
[ 30%] Building CXX object CMakeFiles/libprotobuf.dir/workspace/linux/clang-quickstart/vscode/code/storage_project/index/demo/build_orc/orc/protobuf_ep-prefix/src/protobuf_ep/src/google/protobuf/empty.pb.cc.o
[ 30%] Building CXX object CMakeFiles/libprotobuf.dir/workspace/linux/clang-quickstart/vscode/code/storage_project/index/demo/build_orc/orc/protobuf_ep-prefix/src/protobuf_ep/src/google/protobuf/extension_set_heavy.cc.o
[ 31%] Building CXX object CMakeFiles/libprotobuf.dir/workspace/linux/clang-quickstart/vscode/code/storage_project/index/demo/build_orc/orc/protobuf_ep-prefix/src/protobuf_ep/src/google/protobuf/field_mask.pb.cc.o
[ 31%] Building CXX object CMakeFiles/libprotobuf.dir/workspace/linux/clang-quickstart/vscode/code/storage_project/index/demo/build_orc/orc/protobuf_ep-prefix/src/protobuf_ep/src/google/protobuf/generated_message_reflection.cc.o
[ 32%] Building CXX object CMakeFiles/libprotobuf.dir/workspace/linux/clang-quickstart/vscode/code/storage_project/index/demo/build_orc/orc/protobuf_ep-prefix/src/protobuf_ep/src/google/protobuf/generated_message_table_driven.cc.o
[ 32%] Building CXX object CMakeFiles/libprotobuf.dir/workspace/linux/clang-quickstart/vscode/code/storage_project/index/demo/build_orc/orc/protobuf_ep-prefix/src/protobuf_ep/src/google/protobuf/io/gzip_stream.cc.o
[ 33%] Building CXX object CMakeFiles/libprotobuf.dir/workspace/linux/clang-quickstart/vscode/code/storage_project/index/demo/build_orc/orc/protobuf_ep-prefix/src/protobuf_ep/src/google/protobuf/io/printer.cc.o
[ 33%] Building CXX object CMakeFiles/libprotobuf.dir/workspace/linux/clang-quickstart/vscode/code/storage_project/index/demo/build_orc/orc/protobuf_ep-prefix/src/protobuf_ep/src/google/protobuf/io/strtod.cc.o
[ 34%] Building CXX object CMakeFiles/libprotobuf.dir/workspace/linux/clang-quickstart/vscode/code/storage_project/index/demo/build_orc/orc/protobuf_ep-prefix/src/protobuf_ep/src/google/protobuf/io/tokenizer.cc.o
[ 34%] Building CXX object CMakeFiles/libprotobuf.dir/workspace/linux/clang-quickstart/vscode/code/storage_project/index/demo/build_orc/orc/protobuf_ep-prefix/src/protobuf_ep/src/google/protobuf/io/zero_copy_stream_impl.cc.o
[ 35%] Building CXX object CMakeFiles/libprotobuf.dir/workspace/linux/clang-quickstart/vscode/code/storage_project/index/demo/build_orc/orc/protobuf_ep-prefix/src/protobuf_ep/src/google/protobuf/map_field.cc.o
[ 35%] Building CXX object CMakeFiles/libprotobuf.dir/workspace/linux/clang-quickstart/vscode/code/storage_project/index/demo/build_orc/orc/protobuf_ep-prefix/src/protobuf_ep/src/google/protobuf/message.cc.o
[ 36%] Building CXX object CMakeFiles/libprotobuf.dir/workspace/linux/clang-quickstart/vscode/code/storage_project/index/demo/build_orc/orc/protobuf_ep-prefix/src/protobuf_ep/src/google/protobuf/reflection_ops.cc.o
[ 36%] Building CXX object CMakeFiles/libprotobuf.dir/workspace/linux/clang-quickstart/vscode/code/storage_project/index/demo/build_orc/orc/protobuf_ep-prefix/src/protobuf_ep/src/google/protobuf/service.cc.o
[ 37%] Building CXX object CMakeFiles/libprotobuf.dir/workspace/linux/clang-quickstart/vscode/code/storage_project/index/demo/build_orc/orc/protobuf_ep-prefix/src/protobuf_ep/src/google/protobuf/source_context.pb.cc.o
[ 37%] Building CXX object CMakeFiles/libprotobuf.dir/workspace/linux/clang-quickstart/vscode/code/storage_project/index/demo/build_orc/orc/protobuf_ep-prefix/src/protobuf_ep/src/google/protobuf/struct.pb.cc.o
[ 38%] Building CXX object CMakeFiles/libprotobuf.dir/workspace/linux/clang-quickstart/vscode/code/storage_project/index/demo/build_orc/orc/protobuf_ep-prefix/src/protobuf_ep/src/google/protobuf/stubs/mathlimits.cc.o
[ 38%] Building CXX object CMakeFiles/libprotobuf.dir/workspace/linux/clang-quickstart/vscode/code/storage_project/index/demo/build_orc/orc/protobuf_ep-prefix/src/protobuf_ep/src/google/protobuf/stubs/substitute.cc.o
[ 39%] Building CXX object CMakeFiles/libprotobuf.dir/workspace/linux/clang-quickstart/vscode/code/storage_project/index/demo/build_orc/orc/protobuf_ep-prefix/src/protobuf_ep/src/google/protobuf/text_format.cc.o
[ 39%] Building CXX object CMakeFiles/libprotobuf.dir/workspace/linux/clang-quickstart/vscode/code/storage_project/index/demo/build_orc/orc/protobuf_ep-prefix/src/protobuf_ep/src/google/protobuf/timestamp.pb.cc.o
[ 40%] Building CXX object CMakeFiles/libprotobuf.dir/workspace/linux/clang-quickstart/vscode/code/storage_project/index/demo/build_orc/orc/protobuf_ep-prefix/src/protobuf_ep/src/google/protobuf/type.pb.cc.o
[ 40%] Building CXX object CMakeFiles/libprotobuf.dir/workspace/linux/clang-quickstart/vscode/code/storage_project/index/demo/build_orc/orc/protobuf_ep-prefix/src/protobuf_ep/src/google/protobuf/unknown_field_set.cc.o
[ 40%] Building CXX object CMakeFiles/libprotobuf.dir/workspace/linux/clang-quickstart/vscode/code/storage_project/index/demo/build_orc/orc/protobuf_ep-prefix/src/protobuf_ep/src/google/protobuf/util/delimited_message_util.cc.o
[ 41%] Building CXX object CMakeFiles/libprotobuf.dir/workspace/linux/clang-quickstart/vscode/code/storage_project/index/demo/build_orc/orc/protobuf_ep-prefix/src/protobuf_ep/src/google/protobuf/util/field_comparator.cc.o
[ 41%] Building CXX object CMakeFiles/libprotobuf.dir/workspace/linux/clang-quickstart/vscode/code/storage_project/index/demo/build_orc/orc/protobuf_ep-prefix/src/protobuf_ep/src/google/protobuf/util/field_mask_util.cc.o
[ 42%] Building CXX object CMakeFiles/libprotobuf.dir/workspace/linux/clang-quickstart/vscode/code/storage_project/index/demo/build_orc/orc/protobuf_ep-prefix/src/protobuf_ep/src/google/protobuf/util/internal/datapiece.cc.o
[ 42%] Building CXX object CMakeFiles/libprotobuf.dir/workspace/linux/clang-quickstart/vscode/code/storage_project/index/demo/build_orc/orc/protobuf_ep-prefix/src/protobuf_ep/src/google/protobuf/util/internal/default_value_objectwriter.cc.o
[ 43%] Building CXX object CMakeFiles/libprotobuf.dir/workspace/linux/clang-quickstart/vscode/code/storage_project/index/demo/build_orc/orc/protobuf_ep-prefix/src/protobuf_ep/src/google/protobuf/util/internal/error_listener.cc.o
[ 43%] Building CXX object CMakeFiles/libprotobuf.dir/workspace/linux/clang-quickstart/vscode/code/storage_project/index/demo/build_orc/orc/protobuf_ep-prefix/src/protobuf_ep/src/google/protobuf/util/internal/field_mask_utility.cc.o
[ 44%] Building CXX object CMakeFiles/libprotobuf.dir/workspace/linux/clang-quickstart/vscode/code/storage_project/index/demo/build_orc/orc/protobuf_ep-prefix/src/protobuf_ep/src/google/protobuf/util/internal/json_escaping.cc.o
[ 44%] Building CXX object CMakeFiles/libprotobuf.dir/workspace/linux/clang-quickstart/vscode/code/storage_project/index/demo/build_orc/orc/protobuf_ep-prefix/src/protobuf_ep/src/google/protobuf/util/internal/json_objectwriter.cc.o
[ 45%] Building CXX object CMakeFiles/libprotobuf.dir/workspace/linux/clang-quickstart/vscode/code/storage_project/index/demo/build_orc/orc/protobuf_ep-prefix/src/protobuf_ep/src/google/protobuf/util/internal/json_stream_parser.cc.o
[ 45%] Building CXX object CMakeFiles/libprotobuf.dir/workspace/linux/clang-quickstart/vscode/code/storage_project/index/demo/build_orc/orc/protobuf_ep-prefix/src/protobuf_ep/src/google/protobuf/util/internal/object_writer.cc.o
[ 46%] Building CXX object CMakeFiles/libprotobuf.dir/workspace/linux/clang-quickstart/vscode/code/storage_project/index/demo/build_orc/orc/protobuf_ep-prefix/src/protobuf_ep/src/google/protobuf/util/internal/proto_writer.cc.o
[ 46%] Building CXX object CMakeFiles/libprotobuf.dir/workspace/linux/clang-quickstart/vscode/code/storage_project/index/demo/build_orc/orc/protobuf_ep-prefix/src/protobuf_ep/src/google/protobuf/util/internal/protostream_objectsource.cc.o
[ 47%] Building CXX object CMakeFiles/libprotobuf.dir/workspace/linux/clang-quickstart/vscode/code/storage_project/index/demo/build_orc/orc/protobuf_ep-prefix/src/protobuf_ep/src/google/protobuf/util/internal/protostream_objectwriter.cc.o
[ 47%] Building CXX object CMakeFiles/libprotobuf.dir/workspace/linux/clang-quickstart/vscode/code/storage_project/index/demo/build_orc/orc/protobuf_ep-prefix/src/protobuf_ep/src/google/protobuf/util/internal/type_info.cc.o
[ 48%] Building CXX object CMakeFiles/libprotobuf.dir/workspace/linux/clang-quickstart/vscode/code/storage_project/index/demo/build_orc/orc/protobuf_ep-prefix/src/protobuf_ep/src/google/protobuf/util/internal/type_info_test_helper.cc.o
[ 48%] Building CXX object CMakeFiles/libprotobuf.dir/workspace/linux/clang-quickstart/vscode/code/storage_project/index/demo/build_orc/orc/protobuf_ep-prefix/src/protobuf_ep/src/google/protobuf/util/internal/utility.cc.o
[ 49%] Building CXX object CMakeFiles/libprotobuf.dir/workspace/linux/clang-quickstart/vscode/code/storage_project/index/demo/build_orc/orc/protobuf_ep-prefix/src/protobuf_ep/src/google/protobuf/util/json_util.cc.o
[ 49%] Building CXX object CMakeFiles/libprotobuf.dir/workspace/linux/clang-quickstart/vscode/code/storage_project/index/demo/build_orc/orc/protobuf_ep-prefix/src/protobuf_ep/src/google/protobuf/util/message_differencer.cc.o
[ 50%] Building CXX object CMakeFiles/libprotobuf.dir/workspace/linux/clang-quickstart/vscode/code/storage_project/index/demo/build_orc/orc/protobuf_ep-prefix/src/protobuf_ep/src/google/protobuf/util/time_util.cc.o
[ 50%] Building CXX object CMakeFiles/libprotobuf.dir/workspace/linux/clang-quickstart/vscode/code/storage_project/index/demo/build_orc/orc/protobuf_ep-prefix/src/protobuf_ep/src/google/protobuf/util/type_resolver_util.cc.o
[ 51%] Building CXX object CMakeFiles/libprotobuf.dir/workspace/linux/clang-quickstart/vscode/code/storage_project/index/demo/build_orc/orc/protobuf_ep-prefix/src/protobuf_ep/src/google/protobuf/wire_format.cc.o
[ 51%] Building CXX object CMakeFiles/libprotobuf.dir/workspace/linux/clang-quickstart/vscode/code/storage_project/index/demo/build_orc/orc/protobuf_ep-prefix/src/protobuf_ep/src/google/protobuf/wrappers.pb.cc.o
[ 52%] Linking CXX static library libprotobuf.a
[ 52%] Built target libprotobuf
[ 52%] Building CXX object CMakeFiles/js_embed.dir/workspace/linux/clang-quickstart/vscode/code/storage_project/index/demo/build_orc/orc/protobuf_ep-prefix/src/protobuf_ep/src/google/protobuf/compiler/js/embed.cc.o
[ 52%] Linking CXX executable js_embed
[ 52%] Built target js_embed
[ 53%] Generating /workspace/linux/clang-quickstart/vscode/code/storage_project/index/demo/build_orc/orc/protobuf_ep-prefix/src/protobuf_ep/src/google/protobuf/compiler/js/well_known_types_embed.cc
[ 53%] Building CXX object CMakeFiles/libprotoc.dir/workspace/linux/clang-quickstart/vscode/code/storage_project/index/demo/build_orc/orc/protobuf_ep-prefix/src/protobuf_ep/src/google/protobuf/compiler/code_generator.cc.o
[ 54%] Building CXX object CMakeFiles/libprotoc.dir/workspace/linux/clang-quickstart/vscode/code/storage_project/index/demo/build_orc/orc/protobuf_ep-prefix/src/protobuf_ep/src/google/protobuf/compiler/command_line_interface.cc.o
[ 54%] Building CXX object CMakeFiles/libprotoc.dir/workspace/linux/clang-quickstart/vscode/code/storage_project/index/demo/build_orc/orc/protobuf_ep-prefix/src/protobuf_ep/src/google/protobuf/compiler/cpp/cpp_enum.cc.o
[ 55%] Building CXX object CMakeFiles/libprotoc.dir/workspace/linux/clang-quickstart/vscode/code/storage_project/index/demo/build_orc/orc/protobuf_ep-prefix/src/protobuf_ep/src/google/protobuf/compiler/cpp/cpp_enum_field.cc.o
[ 55%] Building CXX object CMakeFiles/libprotoc.dir/workspace/linux/clang-quickstart/vscode/code/storage_project/index/demo/build_orc/orc/protobuf_ep-prefix/src/protobuf_ep/src/google/protobuf/compiler/cpp/cpp_extension.cc.o
[ 56%] Building CXX object CMakeFiles/libprotoc.dir/workspace/linux/clang-quickstart/vscode/code/storage_project/index/demo/build_orc/orc/protobuf_ep-prefix/src/protobuf_ep/src/google/protobuf/compiler/cpp/cpp_field.cc.o
[ 56%] Building CXX object CMakeFiles/libprotoc.dir/workspace/linux/clang-quickstart/vscode/code/storage_project/index/demo/build_orc/orc/protobuf_ep-prefix/src/protobuf_ep/src/google/protobuf/compiler/cpp/cpp_file.cc.o
[ 57%] Building CXX object CMakeFiles/libprotoc.dir/workspace/linux/clang-quickstart/vscode/code/storage_project/index/demo/build_orc/orc/protobuf_ep-prefix/src/protobuf_ep/src/google/protobuf/compiler/cpp/cpp_generator.cc.o
[ 57%] Building CXX object CMakeFiles/libprotoc.dir/workspace/linux/clang-quickstart/vscode/code/storage_project/index/demo/build_orc/orc/protobuf_ep-prefix/src/protobuf_ep/src/google/protobuf/compiler/cpp/cpp_helpers.cc.o
[ 57%] Building CXX object CMakeFiles/libprotoc.dir/workspace/linux/clang-quickstart/vscode/code/storage_project/index/demo/build_orc/orc/protobuf_ep-prefix/src/protobuf_ep/src/google/protobuf/compiler/cpp/cpp_map_field.cc.o
[ 58%] Building CXX object CMakeFiles/libprotoc.dir/workspace/linux/clang-quickstart/vscode/code/storage_project/index/demo/build_orc/orc/protobuf_ep-prefix/src/protobuf_ep/src/google/protobuf/compiler/cpp/cpp_message.cc.o
[ 58%] Building CXX object CMakeFiles/libprotoc.dir/workspace/linux/clang-quickstart/vscode/code/storage_project/index/demo/build_orc/orc/protobuf_ep-prefix/src/protobuf_ep/src/google/protobuf/compiler/cpp/cpp_message_field.cc.o
[ 59%] Building CXX object CMakeFiles/libprotoc.dir/workspace/linux/clang-quickstart/vscode/code/storage_project/index/demo/build_orc/orc/protobuf_ep-prefix/src/protobuf_ep/src/google/protobuf/compiler/cpp/cpp_padding_optimizer.cc.o
[ 59%] Building CXX object CMakeFiles/libprotoc.dir/workspace/linux/clang-quickstart/vscode/code/storage_project/index/demo/build_orc/orc/protobuf_ep-prefix/src/protobuf_ep/src/google/protobuf/compiler/cpp/cpp_primitive_field.cc.o
[ 60%] Building CXX object CMakeFiles/libprotoc.dir/workspace/linux/clang-quickstart/vscode/code/storage_project/index/demo/build_orc/orc/protobuf_ep-prefix/src/protobuf_ep/src/google/protobuf/compiler/cpp/cpp_service.cc.o
[ 60%] Building CXX object CMakeFiles/libprotoc.dir/workspace/linux/clang-quickstart/vscode/code/storage_project/index/demo/build_orc/orc/protobuf_ep-prefix/src/protobuf_ep/src/google/protobuf/compiler/cpp/cpp_string_field.cc.o
[ 61%] Building CXX object CMakeFiles/libprotoc.dir/workspace/linux/clang-quickstart/vscode/code/storage_project/index/demo/build_orc/orc/protobuf_ep-prefix/src/protobuf_ep/src/google/protobuf/compiler/csharp/csharp_doc_comment.cc.o
[ 61%] Building CXX object CMakeFiles/libprotoc.dir/workspace/linux/clang-quickstart/vscode/code/storage_project/index/demo/build_orc/orc/protobuf_ep-prefix/src/protobuf_ep/src/google/protobuf/compiler/csharp/csharp_enum.cc.o
[ 62%] Building CXX object CMakeFiles/libprotoc.dir/workspace/linux/clang-quickstart/vscode/code/storage_project/index/demo/build_orc/orc/protobuf_ep-prefix/src/protobuf_ep/src/google/protobuf/compiler/csharp/csharp_enum_field.cc.o
[ 62%] Building CXX object CMakeFiles/libprotoc.dir/workspace/linux/clang-quickstart/vscode/code/storage_project/index/demo/build_orc/orc/protobuf_ep-prefix/src/protobuf_ep/src/google/protobuf/compiler/csharp/csharp_field_base.cc.o
[ 63%] Building CXX object CMakeFiles/libprotoc.dir/workspace/linux/clang-quickstart/vscode/code/storage_project/index/demo/build_orc/orc/protobuf_ep-prefix/src/protobuf_ep/src/google/protobuf/compiler/csharp/csharp_generator.cc.o
[ 63%] Building CXX object CMakeFiles/libprotoc.dir/workspace/linux/clang-quickstart/vscode/code/storage_project/index/demo/build_orc/orc/protobuf_ep-prefix/src/protobuf_ep/src/google/protobuf/compiler/csharp/csharp_helpers.cc.o
[ 64%] Building CXX object CMakeFiles/libprotoc.dir/workspace/linux/clang-quickstart/vscode/code/storage_project/index/demo/build_orc/orc/protobuf_ep-prefix/src/protobuf_ep/src/google/protobuf/compiler/csharp/csharp_map_field.cc.o
[ 64%] Building CXX object CMakeFiles/libprotoc.dir/workspace/linux/clang-quickstart/vscode/code/storage_project/index/demo/build_orc/orc/protobuf_ep-prefix/src/protobuf_ep/src/google/protobuf/compiler/csharp/csharp_message.cc.o
[ 65%] Building CXX object CMakeFiles/libprotoc.dir/workspace/linux/clang-quickstart/vscode/code/storage_project/index/demo/build_orc/orc/protobuf_ep-prefix/src/protobuf_ep/src/google/protobuf/compiler/csharp/csharp_message_field.cc.o
[ 65%] Building CXX object CMakeFiles/libprotoc.dir/workspace/linux/clang-quickstart/vscode/code/storage_project/index/demo/build_orc/orc/protobuf_ep-prefix/src/protobuf_ep/src/google/protobuf/compiler/csharp/csharp_primitive_field.cc.o
[ 66%] Building CXX object CMakeFiles/libprotoc.dir/workspace/linux/clang-quickstart/vscode/code/storage_project/index/demo/build_orc/orc/protobuf_ep-prefix/src/protobuf_ep/src/google/protobuf/compiler/csharp/csharp_reflection_class.cc.o
[ 66%] Building CXX object CMakeFiles/libprotoc.dir/workspace/linux/clang-quickstart/vscode/code/storage_project/index/demo/build_orc/orc/protobuf_ep-prefix/src/protobuf_ep/src/google/protobuf/compiler/csharp/csharp_repeated_enum_field.cc.o
[ 67%] Building CXX object CMakeFiles/libprotoc.dir/workspace/linux/clang-quickstart/vscode/code/storage_project/index/demo/build_orc/orc/protobuf_ep-prefix/src/protobuf_ep/src/google/protobuf/compiler/csharp/csharp_repeated_message_field.cc.o
[ 67%] Building CXX object CMakeFiles/libprotoc.dir/workspace/linux/clang-quickstart/vscode/code/storage_project/index/demo/build_orc/orc/protobuf_ep-prefix/src/protobuf_ep/src/google/protobuf/compiler/csharp/csharp_repeated_primitive_field.cc.o
[ 68%] Building CXX object CMakeFiles/libprotoc.dir/workspace/linux/clang-quickstart/vscode/code/storage_project/index/demo/build_orc/orc/protobuf_ep-prefix/src/protobuf_ep/src/google/protobuf/compiler/csharp/csharp_source_generator_base.cc.o
[ 68%] Building CXX object CMakeFiles/libprotoc.dir/workspace/linux/clang-quickstart/vscode/code/storage_project/index/demo/build_orc/orc/protobuf_ep-prefix/src/protobuf_ep/src/google/protobuf/compiler/csharp/csharp_wrapper_field.cc.o
[ 69%] Building CXX object CMakeFiles/libprotoc.dir/workspace/linux/clang-quickstart/vscode/code/storage_project/index/demo/build_orc/orc/protobuf_ep-prefix/src/protobuf_ep/src/google/protobuf/compiler/java/java_context.cc.o
[ 69%] Building CXX object CMakeFiles/libprotoc.dir/workspace/linux/clang-quickstart/vscode/code/storage_project/index/demo/build_orc/orc/protobuf_ep-prefix/src/protobuf_ep/src/google/protobuf/compiler/java/java_doc_comment.cc.o
[ 70%] Building CXX object CMakeFiles/libprotoc.dir/workspace/linux/clang-quickstart/vscode/code/storage_project/index/demo/build_orc/orc/protobuf_ep-prefix/src/protobuf_ep/src/google/protobuf/compiler/java/java_enum.cc.o
[ 70%] Building CXX object CMakeFiles/libprotoc.dir/workspace/linux/clang-quickstart/vscode/code/storage_project/index/demo/build_orc/orc/protobuf_ep-prefix/src/protobuf_ep/src/google/protobuf/compiler/java/java_enum_field.cc.o
[ 71%] Building CXX object CMakeFiles/libprotoc.dir/workspace/linux/clang-quickstart/vscode/code/storage_project/index/demo/build_orc/orc/protobuf_ep-prefix/src/protobuf_ep/src/google/protobuf/compiler/java/java_enum_field_lite.cc.o
[ 71%] Building CXX object CMakeFiles/libprotoc.dir/workspace/linux/clang-quickstart/vscode/code/storage_project/index/demo/build_orc/orc/protobuf_ep-prefix/src/protobuf_ep/src/google/protobuf/compiler/java/java_enum_lite.cc.o
[ 71%] Building CXX object CMakeFiles/libprotoc.dir/workspace/linux/clang-quickstart/vscode/code/storage_project/index/demo/build_orc/orc/protobuf_ep-prefix/src/protobuf_ep/src/google/protobuf/compiler/java/java_extension.cc.o
[ 72%] Building CXX object CMakeFiles/libprotoc.dir/workspace/linux/clang-quickstart/vscode/code/storage_project/index/demo/build_orc/orc/protobuf_ep-prefix/src/protobuf_ep/src/google/protobuf/compiler/java/java_extension_lite.cc.o
[ 72%] Building CXX object CMakeFiles/libprotoc.dir/workspace/linux/clang-quickstart/vscode/code/storage_project/index/demo/build_orc/orc/protobuf_ep-prefix/src/protobuf_ep/src/google/protobuf/compiler/java/java_field.cc.o
[ 73%] Building CXX object CMakeFiles/libprotoc.dir/workspace/linux/clang-quickstart/vscode/code/storage_project/index/demo/build_orc/orc/protobuf_ep-prefix/src/protobuf_ep/src/google/protobuf/compiler/java/java_file.cc.o
[ 73%] Building CXX object CMakeFiles/libprotoc.dir/workspace/linux/clang-quickstart/vscode/code/storage_project/index/demo/build_orc/orc/protobuf_ep-prefix/src/protobuf_ep/src/google/protobuf/compiler/java/java_generator.cc.o
[ 74%] Building CXX object CMakeFiles/libprotoc.dir/workspace/linux/clang-quickstart/vscode/code/storage_project/index/demo/build_orc/orc/protobuf_ep-prefix/src/protobuf_ep/src/google/protobuf/compiler/java/java_generator_factory.cc.o
[ 74%] Building CXX object CMakeFiles/libprotoc.dir/workspace/linux/clang-quickstart/vscode/code/storage_project/index/demo/build_orc/orc/protobuf_ep-prefix/src/protobuf_ep/src/google/protobuf/compiler/java/java_helpers.cc.o
[ 75%] Building CXX object CMakeFiles/libprotoc.dir/workspace/linux/clang-quickstart/vscode/code/storage_project/index/demo/build_orc/orc/protobuf_ep-prefix/src/protobuf_ep/src/google/protobuf/compiler/java/java_lazy_message_field.cc.o
[ 75%] Building CXX object CMakeFiles/libprotoc.dir/workspace/linux/clang-quickstart/vscode/code/storage_project/index/demo/build_orc/orc/protobuf_ep-prefix/src/protobuf_ep/src/google/protobuf/compiler/java/java_lazy_message_field_lite.cc.o
[ 76%] Building CXX object CMakeFiles/libprotoc.dir/workspace/linux/clang-quickstart/vscode/code/storage_project/index/demo/build_orc/orc/protobuf_ep-prefix/src/protobuf_ep/src/google/protobuf/compiler/java/java_map_field.cc.o
[ 76%] Building CXX object CMakeFiles/libprotoc.dir/workspace/linux/clang-quickstart/vscode/code/storage_project/index/demo/build_orc/orc/protobuf_ep-prefix/src/protobuf_ep/src/google/protobuf/compiler/java/java_map_field_lite.cc.o
[ 77%] Building CXX object CMakeFiles/libprotoc.dir/workspace/linux/clang-quickstart/vscode/code/storage_project/index/demo/build_orc/orc/protobuf_ep-prefix/src/protobuf_ep/src/google/protobuf/compiler/java/java_message.cc.o
[ 77%] Building CXX object CMakeFiles/libprotoc.dir/workspace/linux/clang-quickstart/vscode/code/storage_project/index/demo/build_orc/orc/protobuf_ep-prefix/src/protobuf_ep/src/google/protobuf/compiler/java/java_message_builder.cc.o
[ 78%] Building CXX object CMakeFiles/libprotoc.dir/workspace/linux/clang-quickstart/vscode/code/storage_project/index/demo/build_orc/orc/protobuf_ep-prefix/src/protobuf_ep/src/google/protobuf/compiler/java/java_message_builder_lite.cc.o
[ 78%] Building CXX object CMakeFiles/libprotoc.dir/workspace/linux/clang-quickstart/vscode/code/storage_project/index/demo/build_orc/orc/protobuf_ep-prefix/src/protobuf_ep/src/google/protobuf/compiler/java/java_message_field.cc.o
[ 79%] Building CXX object CMakeFiles/libprotoc.dir/workspace/linux/clang-quickstart/vscode/code/storage_project/index/demo/build_orc/orc/protobuf_ep-prefix/src/protobuf_ep/src/google/protobuf/compiler/java/java_message_field_lite.cc.o
[ 79%] Building CXX object CMakeFiles/libprotoc.dir/workspace/linux/clang-quickstart/vscode/code/storage_project/index/demo/build_orc/orc/protobuf_ep-prefix/src/protobuf_ep/src/google/protobuf/compiler/java/java_message_lite.cc.o
[ 80%] Building CXX object CMakeFiles/libprotoc.dir/workspace/linux/clang-quickstart/vscode/code/storage_project/index/demo/build_orc/orc/protobuf_ep-prefix/src/protobuf_ep/src/google/protobuf/compiler/java/java_name_resolver.cc.o
[ 80%] Building CXX object CMakeFiles/libprotoc.dir/workspace/linux/clang-quickstart/vscode/code/storage_project/index/demo/build_orc/orc/protobuf_ep-prefix/src/protobuf_ep/src/google/protobuf/compiler/java/java_primitive_field.cc.o
[ 81%] Building CXX object CMakeFiles/libprotoc.dir/workspace/linux/clang-quickstart/vscode/code/storage_project/index/demo/build_orc/orc/protobuf_ep-prefix/src/protobuf_ep/src/google/protobuf/compiler/java/java_primitive_field_lite.cc.o
[ 81%] Building CXX object CMakeFiles/libprotoc.dir/workspace/linux/clang-quickstart/vscode/code/storage_project/index/demo/build_orc/orc/protobuf_ep-prefix/src/protobuf_ep/src/google/protobuf/compiler/java/java_service.cc.o
[ 82%] Building CXX object CMakeFiles/libprotoc.dir/workspace/linux/clang-quickstart/vscode/code/storage_project/index/demo/build_orc/orc/protobuf_ep-prefix/src/protobuf_ep/src/google/protobuf/compiler/java/java_shared_code_generator.cc.o
[ 82%] Building CXX object CMakeFiles/libprotoc.dir/workspace/linux/clang-quickstart/vscode/code/storage_project/index/demo/build_orc/orc/protobuf_ep-prefix/src/protobuf_ep/src/google/protobuf/compiler/java/java_string_field.cc.o
[ 83%] Building CXX object CMakeFiles/libprotoc.dir/workspace/linux/clang-quickstart/vscode/code/storage_project/index/demo/build_orc/orc/protobuf_ep-prefix/src/protobuf_ep/src/google/protobuf/compiler/java/java_string_field_lite.cc.o
[ 83%] Building CXX object CMakeFiles/libprotoc.dir/workspace/linux/clang-quickstart/vscode/code/storage_project/index/demo/build_orc/orc/protobuf_ep-prefix/src/protobuf_ep/src/google/protobuf/compiler/javanano/javanano_enum.cc.o
[ 84%] Building CXX object CMakeFiles/libprotoc.dir/workspace/linux/clang-quickstart/vscode/code/storage_project/index/demo/build_orc/orc/protobuf_ep-prefix/src/protobuf_ep/src/google/protobuf/compiler/javanano/javanano_enum_field.cc.o
[ 84%] Building CXX object CMakeFiles/libprotoc.dir/workspace/linux/clang-quickstart/vscode/code/storage_project/index/demo/build_orc/orc/protobuf_ep-prefix/src/protobuf_ep/src/google/protobuf/compiler/javanano/javanano_extension.cc.o
[ 85%] Building CXX object CMakeFiles/libprotoc.dir/workspace/linux/clang-quickstart/vscode/code/storage_project/index/demo/build_orc/orc/protobuf_ep-prefix/src/protobuf_ep/src/google/protobuf/compiler/javanano/javanano_field.cc.o
[ 85%] Building CXX object CMakeFiles/libprotoc.dir/workspace/linux/clang-quickstart/vscode/code/storage_project/index/demo/build_orc/orc/protobuf_ep-prefix/src/protobuf_ep/src/google/protobuf/compiler/javanano/javanano_file.cc.o
[ 85%] Building CXX object CMakeFiles/libprotoc.dir/workspace/linux/clang-quickstart/vscode/code/storage_project/index/demo/build_orc/orc/protobuf_ep-prefix/src/protobuf_ep/src/google/protobuf/compiler/javanano/javanano_generator.cc.o
[ 86%] Building CXX object CMakeFiles/libprotoc.dir/workspace/linux/clang-quickstart/vscode/code/storage_project/index/demo/build_orc/orc/protobuf_ep-prefix/src/protobuf_ep/src/google/protobuf/compiler/javanano/javanano_helpers.cc.o
[ 86%] Building CXX object CMakeFiles/libprotoc.dir/workspace/linux/clang-quickstart/vscode/code/storage_project/index/demo/build_orc/orc/protobuf_ep-prefix/src/protobuf_ep/src/google/protobuf/compiler/javanano/javanano_map_field.cc.o
[ 87%] Building CXX object CMakeFiles/libprotoc.dir/workspace/linux/clang-quickstart/vscode/code/storage_project/index/demo/build_orc/orc/protobuf_ep-prefix/src/protobuf_ep/src/google/protobuf/compiler/javanano/javanano_message.cc.o
[ 87%] Building CXX object CMakeFiles/libprotoc.dir/workspace/linux/clang-quickstart/vscode/code/storage_project/index/demo/build_orc/orc/protobuf_ep-prefix/src/protobuf_ep/src/google/protobuf/compiler/javanano/javanano_message_field.cc.o
[ 88%] Building CXX object CMakeFiles/libprotoc.dir/workspace/linux/clang-quickstart/vscode/code/storage_project/index/demo/build_orc/orc/protobuf_ep-prefix/src/protobuf_ep/src/google/protobuf/compiler/javanano/javanano_primitive_field.cc.o
[ 88%] Building CXX object CMakeFiles/libprotoc.dir/workspace/linux/clang-quickstart/vscode/code/storage_project/index/demo/build_orc/orc/protobuf_ep-prefix/src/protobuf_ep/src/google/protobuf/compiler/js/js_generator.cc.o
[ 89%] Building CXX object CMakeFiles/libprotoc.dir/workspace/linux/clang-quickstart/vscode/code/storage_project/index/demo/build_orc/orc/protobuf_ep-prefix/src/protobuf_ep/src/google/protobuf/compiler/js/well_known_types_embed.cc.o
[ 89%] Building CXX object CMakeFiles/libprotoc.dir/workspace/linux/clang-quickstart/vscode/code/storage_project/index/demo/build_orc/orc/protobuf_ep-prefix/src/protobuf_ep/src/google/protobuf/compiler/objectivec/objectivec_enum.cc.o
[ 90%] Building CXX object CMakeFiles/libprotoc.dir/workspace/linux/clang-quickstart/vscode/code/storage_project/index/demo/build_orc/orc/protobuf_ep-prefix/src/protobuf_ep/src/google/protobuf/compiler/objectivec/objectivec_enum_field.cc.o
[ 90%] Building CXX object CMakeFiles/libprotoc.dir/workspace/linux/clang-quickstart/vscode/code/storage_project/index/demo/build_orc/orc/protobuf_ep-prefix/src/protobuf_ep/src/google/protobuf/compiler/objectivec/objectivec_extension.cc.o
[ 91%] Building CXX object CMakeFiles/libprotoc.dir/workspace/linux/clang-quickstart/vscode/code/storage_project/index/demo/build_orc/orc/protobuf_ep-prefix/src/protobuf_ep/src/google/protobuf/compiler/objectivec/objectivec_field.cc.o
[ 91%] Building CXX object CMakeFiles/libprotoc.dir/workspace/linux/clang-quickstart/vscode/code/storage_project/index/demo/build_orc/orc/protobuf_ep-prefix/src/protobuf_ep/src/google/protobuf/compiler/objectivec/objectivec_file.cc.o
[ 92%] Building CXX object CMakeFiles/libprotoc.dir/workspace/linux/clang-quickstart/vscode/code/storage_project/index/demo/build_orc/orc/protobuf_ep-prefix/src/protobuf_ep/src/google/protobuf/compiler/objectivec/objectivec_generator.cc.o
[ 92%] Building CXX object CMakeFiles/libprotoc.dir/workspace/linux/clang-quickstart/vscode/code/storage_project/index/demo/build_orc/orc/protobuf_ep-prefix/src/protobuf_ep/src/google/protobuf/compiler/objectivec/objectivec_helpers.cc.o
[ 93%] Building CXX object CMakeFiles/libprotoc.dir/workspace/linux/clang-quickstart/vscode/code/storage_project/index/demo/build_orc/orc/protobuf_ep-prefix/src/protobuf_ep/src/google/protobuf/compiler/objectivec/objectivec_map_field.cc.o
[ 93%] Building CXX object CMakeFiles/libprotoc.dir/workspace/linux/clang-quickstart/vscode/code/storage_project/index/demo/build_orc/orc/protobuf_ep-prefix/src/protobuf_ep/src/google/protobuf/compiler/objectivec/objectivec_message.cc.o
[ 94%] Building CXX object CMakeFiles/libprotoc.dir/workspace/linux/clang-quickstart/vscode/code/storage_project/index/demo/build_orc/orc/protobuf_ep-prefix/src/protobuf_ep/src/google/protobuf/compiler/objectivec/objectivec_message_field.cc.o
[ 94%] Building CXX object CMakeFiles/libprotoc.dir/workspace/linux/clang-quickstart/vscode/code/storage_project/index/demo/build_orc/orc/protobuf_ep-prefix/src/protobuf_ep/src/google/protobuf/compiler/objectivec/objectivec_oneof.cc.o
[ 95%] Building CXX object CMakeFiles/libprotoc.dir/workspace/linux/clang-quickstart/vscode/code/storage_project/index/demo/build_orc/orc/protobuf_ep-prefix/src/protobuf_ep/src/google/protobuf/compiler/objectivec/objectivec_primitive_field.cc.o
[ 95%] Building CXX object CMakeFiles/libprotoc.dir/workspace/linux/clang-quickstart/vscode/code/storage_project/index/demo/build_orc/orc/protobuf_ep-prefix/src/protobuf_ep/src/google/protobuf/compiler/php/php_generator.cc.o
[ 96%] Building CXX object CMakeFiles/libprotoc.dir/workspace/linux/clang-quickstart/vscode/code/storage_project/index/demo/build_orc/orc/protobuf_ep-prefix/src/protobuf_ep/src/google/protobuf/compiler/plugin.cc.o
[ 96%] Building CXX object CMakeFiles/libprotoc.dir/workspace/linux/clang-quickstart/vscode/code/storage_project/index/demo/build_orc/orc/protobuf_ep-prefix/src/protobuf_ep/src/google/protobuf/compiler/plugin.pb.cc.o
[ 97%] Building CXX object CMakeFiles/libprotoc.dir/workspace/linux/clang-quickstart/vscode/code/storage_project/index/demo/build_orc/orc/protobuf_ep-prefix/src/protobuf_ep/src/google/protobuf/compiler/python/python_generator.cc.o
[ 97%] Building CXX object CMakeFiles/libprotoc.dir/workspace/linux/clang-quickstart/vscode/code/storage_project/index/demo/build_orc/orc/protobuf_ep-prefix/src/protobuf_ep/src/google/protobuf/compiler/ruby/ruby_generator.cc.o
[ 98%] Building CXX object CMakeFiles/libprotoc.dir/workspace/linux/clang-quickstart/vscode/code/storage_project/index/demo/build_orc/orc/protobuf_ep-prefix/src/protobuf_ep/src/google/protobuf/compiler/subprocess.cc.o
[ 98%] Building CXX object CMakeFiles/libprotoc.dir/workspace/linux/clang-quickstart/vscode/code/storage_project/index/demo/build_orc/orc/protobuf_ep-prefix/src/protobuf_ep/src/google/protobuf/compiler/zip_writer.cc.o
[ 99%] Linking CXX static library libprotoc.a
[ 99%] Built target libprotoc
[ 99%] Building CXX object CMakeFiles/protoc.dir/workspace/linux/clang-quickstart/vscode/code/storage_project/index/demo/build_orc/orc/protobuf_ep-prefix/src/protobuf_ep/src/google/protobuf/compiler/main.cc.o
[100%] Linking CXX executable protoc
[100%] Built target protoc
